<html>
<body>
<pre>
<h1>µVision Build Log</h1>
<h2>Tool Versions:</h2>
IDE-Version: µVision V5.39.0.0
Copyright (C) 2023 ARM Ltd and ARM Germany GmbH. All rights reserved.
License Information: Manh Pham, uet, LIC=----
 
Tool Versions:
Toolchain:       MDK-Lite  Version: 5.39.0.0
Toolchain Path:  C:\Keil_v5\ARM\ARM_Compiler_5.06u7\Bin
C Compiler:      Armcc.exe V5.06 update 7 (build 960)
Assembler:       Armasm.exe V5.06 update 7 (build 960)
Linker/Locator:  ArmLink.exe V5.06 update 7 (build 960)
Library Manager: ArmAr.exe V5.06 update 7 (build 960)
Hex Converter:   FromElf.exe V5.06 update 7 (build 960)
CPU DLL:         SARMCM3.DLL V5.39.0.0
Dialog DLL:      DARMCM1.DLL V1.19.6.0
Target DLL:      PEMicro\Pemicro_ArmCortexInterface.dll V1.3.0.0
Dialog DLL:      TARMCM1.DLL V1.14.6.0
 
<h2>Project:</h2>
D:\embedded\ecomprass\ecomprass\mdk\ecomprass.uvprojx
Project File Date:  06/03/2024

<h2>Output:</h2>
*** Using Compiler 'V5.06 update 7 (build 960)', folder: 'C:\Keil_v5\ARM\ARM_Compiler_5.06u7\Bin'
Build target 'ecomprass'
compiling ecomprass.c...
..\ecomprass.c(196): warning:  #177-D: variable "i"  was declared but never referenced
  	uint32_t i = 0;
..\ecomprass.c(205): warning:  #177-D: variable "i"  was declared but never referenced
  	uint32_t i = 0;
..\ecomprass.c(224): warning:  #188-D: enumerated type mixed with another type
  	NVIC_ClearPendingIRQ(31);
..\ecomprass.c(225): warning:  #188-D: enumerated type mixed with another type
  	NVIC_EnableIRQ(31);
..\ecomprass.c(250): warning:  #550-D: variable "z"  was set but never used
          int16_t x, y, z;
..\ecomprass.c(251): warning:  #177-D: variable "i"  was declared but never referenced
          uint32_t i = 0U;
..\ecomprass.c(279): warning:  #223-D: function "BOARD_InitPins" declared implicitly
      BOARD_InitPins();
..\ecomprass.c(281): warning:  #223-D: function "BOARD_I2C_ConfigurePins" declared implicitly
      BOARD_I2C_ConfigurePins();
..\ecomprass.c(300): warning:  #550-D: variable "z"  was set but never used
          int16_t x, y, z;
..\ecomprass.c(301): warning:  #177-D: variable "i"  was declared but never referenced
          uint32_t i = 0U;
..\ecomprass.c(278): warning:  #177-D: variable "isThereMag"  was declared but never referenced
      bool isThereMag = false;
..\ecomprass.c(35): warning:  #177-D: function "I2C_ReadMagWhoAmI"  was declared but never referenced
  static bool I2C_ReadMagWhoAmI(void);
..\ecomprass.c(51): warning:  #177-D: function "i2c_master_callback"  was declared but never referenced
  static void i2c_master_callback(I2C_Type *base, i2c_master_handle_t *handle, status_t status, void *userData)
..\ecomprass.c: 13 warnings, 0 errors
linking...
Program Size: Code=13164 RO-data=1508 RW-data=76 ZI-data=2060  
FromELF: creating hex file...
"debug\ecomprass.out" - 0 Error(s), 13 Warning(s).

<h2>Software Packages used:</h2>

Package Vendor: ARM
                http://www.keil.com/pack/ARM.CMSIS.5.9.0.pack
                ARM::CMSIS@5.9.0
                CMSIS (Common Microcontroller Software Interface Standard)
   * Component: CORE Version: 5.6.0

Package Vendor: NXP
                https://mcuxpresso.nxp.com/cmsis_pack/repo/NXP.FRDM-KL46Z_BSP.10.0.3.pack
                NXP::FRDM-KL46Z_BSP@10.0.3
                Board Support Pack for FRDM-KL46Z
   * Component: project_template Variant: frdmkl46z Version: 1.0.0

Package Vendor: NXP
                http://mcuxpresso.nxp.com/cmsis_pack/repo/NXP.MKL46Z4_DFP.10.0.3.pack
                NXP::MKL46Z4_DFP@10.0.3
                Device Family Pack for MKL46Z4
   * Component: clock Version: 2.1.0
   * Component: common Version: 2.0.0
   * Component: flash Version: 3.0.0
   * Component: gpio Version: 2.2.1
   * Component: i2c Version: 2.0.5
   * Component: lpsci Version: 2.0.4
   * Component: port Version: 2.0.2
   * Component: smc Version: 2.0.3
   * Component: uart Version: 2.1.5
   * Component: assert Version: 1.0.0
   * Component: debug_console Version: 1.0.0
   * Component: Startup Version: 1.0.0

<h2>Collection of Component include folders:</h2>
  ./RTE/Board_Support/MKL46Z256VLL4
  ./RTE/Device/MKL46Z256VLL4
  ./RTE/_ecomprass
  C:/Users/ADMIN/AppData/Local/Arm/Packs/ARM/CMSIS/5.9.0/CMSIS/Core/Include
  C:/Users/ADMIN/AppData/Local/Arm/Packs/NXP/MKL46Z4_DFP/10.0.3/drivers
  C:/Users/ADMIN/AppData/Local/Arm/Packs/NXP/MKL46Z4_DFP/10.0.3/utilities
  C:/Users/ADMIN/AppData/Local/Arm/Packs/NXP/MKL46Z4_DFP/10.0.3/utilities/io
  C:/Users/ADMIN/AppData/Local/Arm/Packs/NXP/MKL46Z4_DFP/10.0.3/utilities/log
  C:/Users/ADMIN/AppData/Local/Arm/Packs/NXP/MKL46Z4_DFP/10.0.3/utilities/str

<h2>Collection of Component Files used:</h2>

   * Component: ARM::CMSIS:CORE@5.6.0

   * Component: NXP::Board Support:SDK Project Template:project_template&frdmkl46z@1.0.0
      Include file:  project_template/pin_mux.h
      Source file:   project_template/clock_config.c
      Include file:  project_template/peripherals.h
      Source file:   project_template/peripherals.c
      Include file:  project_template/board.h
      Include file:  project_template/clock_config.h
      Source file:   project_template/board.c
      Source file:   project_template/pin_mux.c

   * Component: NXP::Device:SDK Drivers:clock@2.1.0
      Include file:  drivers/fsl_clock.h
      Source file:   drivers/fsl_clock.c

   * Component: NXP::Device:SDK Drivers:common@2.0.0
      Include file:  drivers/fsl_common.h
      Source file:   drivers/fsl_common.c

   * Component: NXP::Device:SDK Drivers:flash@3.0.0
      Include file:  drivers/fsl_ftfx_controller.h
      Include file:  drivers/fsl_ftfx_adapter.h
      Include file:  drivers/fsl_ftfx_utilities.h
      Source file:   drivers/fsl_ftfx_flash.c
      Include file:  drivers/fsl_flash.h
      Source file:   drivers/fsl_ftfx_cache.c
      Source file:   drivers/fsl_ftfx_controller.c
      Include file:  drivers/fsl_ftfx_cache.h
      Include file:  drivers/fsl_ftfx_features.h
      Include file:  drivers/fsl_ftfx_flash.h
      Source file:   drivers/fsl_ftfx_flexnvm.c
      Include file:  drivers/fsl_ftfx_flexnvm.h

   * Component: NXP::Device:SDK Drivers:gpio@2.2.1
      Source file:   drivers/fsl_gpio.c
      Include file:  drivers/fsl_gpio.h

   * Component: NXP::Device:SDK Drivers:i2c@2.0.5
      Source file:   drivers/fsl_i2c.c
      Include file:  drivers/fsl_i2c.h

   * Component: NXP::Device:SDK Drivers:lpsci@2.0.4
      Source file:   drivers/fsl_lpsci.c
      Include file:  drivers/fsl_lpsci.h

   * Component: NXP::Device:SDK Drivers:port@2.0.2
      Include file:  drivers/fsl_port.h

   * Component: NXP::Device:SDK Drivers:smc@2.0.3
      Source file:   drivers/fsl_smc.c
      Include file:  drivers/fsl_smc.h

   * Component: NXP::Device:SDK Drivers:uart@2.1.5
      Include file:  drivers/fsl_uart.h
      Source file:   drivers/fsl_uart.c

   * Component: NXP::Device:SDK Utilities:assert@1.0.0
      Source file:   utilities/fsl_assert.c

   * Component: NXP::Device:SDK Utilities:debug_console@1.0.0
      Include file:  utilities/fsl_debug_console.h
      Include file:  utilities/fsl_debug_console_conf.h
      Source file:   utilities/fsl_debug_console.c
      Source file:   utilities/log/fsl_log.c
      Include file:  utilities/log/fsl_log.h
      Include file:  utilities/io/fsl_io.h
      Source file:   utilities/str/fsl_str.c
      Include file:  utilities/str/fsl_str.h
      Source file:   utilities/io/fsl_io.c

   * Component: NXP::Device:Startup@1.0.0
      Source file:   arm/startup_MKL46Z4.s
      Include file:  MKL46Z4_features.h
      Include file:  fsl_device_registers.h
      Include file:  MKL46Z4.h
      Source file:   system_MKL46Z4.c
      Include file:  system_MKL46Z4.h
Build Time Elapsed:  00:00:01
</pre>
</body>
</html>
