Component: ARM Compiler 5.06 update 7 (build 960) Tool: armlink [4d3601]

==============================================================================

Section Cross References

    ecomprass.o(i.Delay) refers to ecomprass.o(.data) for msTicks
    ecomprass.o(i.I2C_ReadMagRegs) refers to memseta.o(.text) for __aeabi_memclr4
    ecomprass.o(i.I2C_ReadMagRegs) refers to fsl_i2c.o(i.I2C_MasterTransferBlocking) for I2C_MasterTransferBlocking
    ecomprass.o(i.I2C_WriteMagReg) refers to memseta.o(.text) for __aeabi_memclr4
    ecomprass.o(i.I2C_WriteMagReg) refers to fsl_i2c.o(i.I2C_MasterTransferBlocking) for I2C_MasterTransferBlocking
    ecomprass.o(i.PORTC_PORTD_IRQHandler) refers to slcd.o(i.SLCD_WriteMsg) for SLCD_WriteMsg
    ecomprass.o(i.PORTC_PORTD_IRQHandler) refers to ecomprass.o(.data) for state
    ecomprass.o(i.SysTick_Handler) refers to ecomprass.o(.data) for msTicks
    ecomprass.o(i.blinkLedGreen) refers to ecomprass.o(i.Delay) for Delay
    ecomprass.o(i.blinkLedRed) refers to ecomprass.o(i.Delay) for Delay
    ecomprass.o(i.calculateHeading) refers to fflti.o(.text) for __aeabi_i2f
    ecomprass.o(i.calculateHeading) refers to fdiv.o(.text) for __aeabi_fdiv
    ecomprass.o(i.calculateHeading) refers to fmul.o(.text) for __aeabi_fmul
    ecomprass.o(i.calculateHeading) refers to atan2f.o(i.atan2f) for atan2f
    ecomprass.o(i.calculateHeading) refers to f2d.o(.text) for __aeabi_f2d
    ecomprass.o(i.calculateHeading) refers to dmul.o(.text) for __aeabi_dmul
    ecomprass.o(i.calculateHeading) refers to ddiv.o(.text) for __aeabi_ddiv
    ecomprass.o(i.calculateHeading) refers to dfixi.o(.text) for __aeabi_d2iz
    ecomprass.o(i.calibration) refers to slcd.o(i.SLCD_WriteMsg) for SLCD_WriteMsg
    ecomprass.o(i.calibration) refers to ecomprass.o(i.I2C_WriteMagReg) for I2C_WriteMagReg
    ecomprass.o(i.calibration) refers to ecomprass.o(i.I2C_ReadMagRegs) for I2C_ReadMagRegs
    ecomprass.o(i.calibration) refers to ecomprass.o(i.Delay) for Delay
    ecomprass.o(i.displayHeading) refers to printf1.o(i.__0sprintf$1) for __2sprintf
    ecomprass.o(i.displayHeading) refers to slcd.o(i.SLCD_WriteMsg) for SLCD_WriteMsg
    ecomprass.o(i.i2c_master_callback) refers to ecomprass.o(.data) for completionFlag
    ecomprass.o(i.init_SysTick_interrupt) refers to uidiv.o(.text) for __aeabi_uidivmod
    ecomprass.o(i.init_SysTick_interrupt) refers to system_mkl46z4.o(.data) for SystemCoreClock
    ecomprass.o(i.init_i2c) refers to fsl_clock.o(i.CLOCK_GetFreq) for CLOCK_GetFreq
    ecomprass.o(i.init_i2c) refers to fsl_i2c.o(i.I2C_MasterGetDefaultConfig) for I2C_MasterGetDefaultConfig
    ecomprass.o(i.init_i2c) refers to fsl_i2c.o(i.I2C_MasterInit) for I2C_MasterInit
    ecomprass.o(i.main) refers to pin_mux.o(i.BOARD_InitPins) for BOARD_InitPins
    ecomprass.o(i.main) refers to clock_config.o(i.BOARD_BootClockRUN) for BOARD_BootClockRUN
    ecomprass.o(i.main) refers to pin_mux.o(i.BOARD_I2C_ConfigurePins) for BOARD_I2C_ConfigurePins
    ecomprass.o(i.main) refers to board.o(i.BOARD_InitDebugConsole) for BOARD_InitDebugConsole
    ecomprass.o(i.main) refers to slcd.o(i.SLCD_Init) for SLCD_Init
    ecomprass.o(i.main) refers to ecomprass.o(i.initLed) for initLed
    ecomprass.o(i.main) refers to ecomprass.o(i.initSwitch) for initSwitch
    ecomprass.o(i.main) refers to ecomprass.o(i.init_SysTick_interrupt) for init_SysTick_interrupt
    ecomprass.o(i.main) refers to ecomprass.o(i.init_i2c) for init_i2c
    ecomprass.o(i.main) refers to ecomprass.o(i.blinkLedRed) for blinkLedRed
    ecomprass.o(i.main) refers to ecomprass.o(i.calibration) for calibration
    ecomprass.o(i.main) refers to ecomprass.o(i.I2C_WriteMagReg) for I2C_WriteMagReg
    ecomprass.o(i.main) refers to ecomprass.o(i.I2C_ReadMagRegs) for I2C_ReadMagRegs
    ecomprass.o(i.main) refers to ecomprass.o(i.calculateHeading) for calculateHeading
    ecomprass.o(i.main) refers to ecomprass.o(i.blinkLedGreen) for blinkLedGreen
    ecomprass.o(i.main) refers to ecomprass.o(i.displayHeading) for displayHeading
    ecomprass.o(i.main) refers to ecomprass.o(.data) for heading
    slcd.o(i.SLCD_EnablePins) refers to slcd.o(.constdata) for WF_ORDERING_TABLE
    slcd.o(i.SLCD_Init) refers to slcd.o(i.SLCD_EnablePins) for SLCD_EnablePins
    slcd.o(i.SLCD_WriteChar) refers to slcd.o(.data) for bLCD_CharPosition
    slcd.o(i.SLCD_WriteChar) refers to slcd.o(.constdata) for WF_ORDERING_TABLE
    slcd.o(i.SLCD_WriteMsg) refers to slcd.o(i.SLCD_WriteChar) for SLCD_WriteChar
    slcd.o(i.SLCD_WriteMsg) refers to slcd.o(.data) for bLCD_CharPosition
    board.o(i.BOARD_InitDebugConsole) refers to fsl_clock.o(i.CLOCK_GetPllFllSelClkFreq) for CLOCK_GetPllFllSelClkFreq
    board.o(i.BOARD_InitDebugConsole) refers to fsl_debug_console.o(i.DbgConsole_Init) for DbgConsole_Init
    clock_config.o(i.BOARD_BootClockRUN) refers to fsl_clock.o(i.CLOCK_InitOsc0) for CLOCK_InitOsc0
[...]
    Removing fsl_i2c.o(.rev16_text), (4 bytes).
    Removing fsl_i2c.o(.revsh_text), (4 bytes).
    Removing fsl_i2c.o(i.CLOCK_DisableClock), (24 bytes).
    Removing fsl_i2c.o(i.EnableIRQ), (52 bytes).
    Removing fsl_i2c.o(i.I2C_DisableInterrupts), (34 bytes).
    Removing fsl_i2c.o(i.I2C_Enable), (24 bytes).
    Removing fsl_i2c.o(i.I2C_EnableInterrupts), (44 bytes).
    Removing fsl_i2c.o(i.I2C_InitTransferStateMachine), (164 bytes).
    Removing fsl_i2c.o(i.I2C_MasterDeinit), (36 bytes).
    Removing fsl_i2c.o(i.I2C_MasterTransferAbort), (152 bytes).
    Removing fsl_i2c.o(i.I2C_MasterTransferCreateHandle), (104 bytes).
    Removing fsl_i2c.o(i.I2C_MasterTransferGetCount), (60 bytes).
    Removing fsl_i2c.o(i.I2C_MasterTransferHandleIRQ), (160 bytes).
    Removing fsl_i2c.o(i.I2C_MasterTransferNonBlocking), (108 bytes).
    Removing fsl_i2c.o(i.I2C_MasterTransferRunStateMachine), (396 bytes).
    Removing fsl_i2c.o(i.I2C_SetHoldTime), (160 bytes).
    Removing fsl_i2c.o(i.I2C_SlaveDeinit), (36 bytes).
    Removing fsl_i2c.o(i.I2C_SlaveGetDefaultConfig), (64 bytes).
    Removing fsl_i2c.o(i.I2C_SlaveInit), (292 bytes).
    Removing fsl_i2c.o(i.I2C_SlaveReadBlocking), (116 bytes).
    Removing fsl_i2c.o(i.I2C_SlaveTransferAbort), (68 bytes).
    Removing fsl_i2c.o(i.I2C_SlaveTransferCreateHandle), (104 bytes).
    Removing fsl_i2c.o(i.I2C_SlaveTransferGetCount), (68 bytes).
    Removing fsl_i2c.o(i.I2C_SlaveTransferHandleIRQ), (568 bytes).
    Removing fsl_i2c.o(i.I2C_SlaveTransferNonBlocking), (112 bytes).
    Removing fsl_i2c.o(i.I2C_SlaveWriteBlocking), (92 bytes).
    Removing fsl_lpsci.o(.rev16_text), (4 bytes).
    Removing fsl_lpsci.o(.revsh_text), (4 bytes).
    Removing fsl_lpsci.o(i.LPSCI_Deinit), (56 bytes).
    Removing fsl_lpsci.o(i.LPSCI_DisableInterrupts), (32 bytes).
    Removing fsl_lpsci.o(i.LPSCI_EnableInterrupts), (32 bytes).
    Removing fsl_lpsci.o(i.LPSCI_GetEnabledInterrupts), (32 bytes).
    Removing fsl_lpsci.o(i.LPSCI_ReadNonBlocking), (52 bytes).
    Removing fsl_lpsci.o(i.LPSCI_SetBaudRate), (264 bytes).
    Removing fsl_lpsci.o(i.LPSCI_TransferAbortReceive), (84 bytes).
    Removing fsl_lpsci.o(i.LPSCI_TransferAbortSend), (60 bytes).
    Removing fsl_lpsci.o(i.LPSCI_TransferCreateHandle), (156 bytes).
    Removing fsl_lpsci.o(i.LPSCI_TransferGetReceiveCount), (92 bytes).
    Removing fsl_lpsci.o(i.LPSCI_TransferGetRxRingBufferLength), (64 bytes).
    Removing fsl_lpsci.o(i.LPSCI_TransferGetSendCount), (92 bytes).
    Removing fsl_lpsci.o(i.LPSCI_TransferHandleErrorIRQ), (2 bytes).
    Removing fsl_lpsci.o(i.LPSCI_TransferHandleIRQ), (648 bytes).
    Removing fsl_lpsci.o(i.LPSCI_TransferIsRxRingBufferFull), (56 bytes).
    Removing fsl_lpsci.o(i.LPSCI_TransferReceiveNonBlocking), (396 bytes).
    Removing fsl_lpsci.o(i.LPSCI_TransferSendNonBlocking), (180 bytes).
    Removing fsl_lpsci.o(i.LPSCI_TransferStartRingBuffer), (112 bytes).
    Removing fsl_lpsci.o(i.LPSCI_TransferStopRingBuffer), (88 bytes).
    Removing fsl_lpsci.o(i.LPSCI_WriteNonBlocking), (52 bytes).
    Removing fsl_smc.o(.rev16_text), (4 bytes).
    Removing fsl_smc.o(.revsh_text), (4 bytes).
    Removing fsl_smc.o(i.DisableGlobalIRQ), (12 bytes).
    Removing fsl_smc.o(i.EnableGlobalIRQ), (10 bytes).
    Removing fsl_smc.o(i.SMC_PostExitStopModes), (32 bytes).
    Removing fsl_smc.o(i.SMC_PostExitWaitModes), (20 bytes).
    Removing fsl_smc.o(i.SMC_PreEnterStopModes), (36 bytes).
    Removing fsl_smc.o(i.SMC_PreEnterWaitModes), (20 bytes).
    Removing fsl_smc.o(i.SMC_SetPowerModeLls), (64 bytes).
    Removing fsl_smc.o(i.SMC_SetPowerModeRun), (20 bytes).
    Removing fsl_smc.o(i.SMC_SetPowerModeStop), (84 bytes).
    Removing fsl_smc.o(i.SMC_SetPowerModeVlls), (112 bytes).
    Removing fsl_smc.o(i.SMC_SetPowerModeVlpr), (22 bytes).
    Removing fsl_smc.o(i.SMC_SetPowerModeVlps), (64 bytes).
    Removing fsl_smc.o(i.SMC_SetPowerModeVlpw), (32 bytes).
    Removing fsl_smc.o(i.SMC_SetPowerModeWait), (32 bytes).
    Removing fsl_smc.o(.constdata), (2 bytes).
    Removing fsl_smc.o(.data), (4 bytes).
    Removing fsl_uart.o(.rev16_text), (4 bytes).
    Removing fsl_uart.o(.revsh_text), (4 bytes).
    Removing fsl_uart.o(i.UART1_RX_TX_DriverIRQHandler), (8 bytes).
    Removing fsl_uart.o(i.UART2_RX_TX_DriverIRQHandler), (8 bytes).
    Removing fsl_uart.o(i.UART_ClearStatusFlags), (76 bytes).
    Removing fsl_uart.o(i.UART_Deinit), (60 bytes).
    Removing fsl_uart.o(i.UART_DisableInterrupts), (32 bytes).
    Removing fsl_uart.o(i.UART_EnableInterrupts), (32 bytes).
    Removing fsl_uart.o(i.UART_GetEnabledInterrupts), (32 bytes).
    Removing fsl_uart.o(i.UART_ReadNonBlocking), (56 bytes).
    Removing fsl_uart.o(i.UART_SetBaudRate), (168 bytes).
    Removing fsl_uart.o(i.UART_TransferAbortReceive), (84 bytes).
    Removing fsl_uart.o(i.UART_TransferAbortSend), (60 bytes).
    Removing fsl_uart.o(i.UART_TransferCreateHandle), (156 bytes).
    Removing fsl_uart.o(i.UART_TransferGetReceiveCount), (100 bytes).
    Removing fsl_uart.o(i.UART_TransferGetRxRingBufferLength), (64 bytes).
    Removing fsl_uart.o(i.UART_TransferGetSendCount), (92 bytes).
    Removing fsl_uart.o(i.UART_TransferHandleErrorIRQ), (2 bytes).
    Removing fsl_uart.o(i.UART_TransferHandleIRQ), (672 bytes).
    Removing fsl_uart.o(i.UART_TransferIsRxRingBufferFull), (56 bytes).
    Removing fsl_uart.o(i.UART_TransferReceiveNonBlocking), (396 bytes).
    Removing fsl_uart.o(i.UART_TransferSendNonBlocking), (180 bytes).
    Removing fsl_uart.o(i.UART_TransferStartRingBuffer), (112 bytes).
    Removing fsl_uart.o(i.UART_TransferStopRingBuffer), (88 bytes).
    Removing fsl_uart.o(i.UART_WriteNonBlocking), (56 bytes).
    Removing fsl_assert.o(.rev16_text), (4 bytes).
    Removing fsl_assert.o(.revsh_text), (4 bytes).
    Removing fsl_debug_console.o(.rev16_text), (4 bytes).
    Removing fsl_debug_console.o(.revsh_text), (4 bytes).
    Removing fsl_debug_console.o(i.DbgConsole_Deinit), (10 bytes).
    Removing fsl_debug_console.o(i.DbgConsole_Flush), (8 bytes).
    Removing fsl_debug_console.o(i.DbgConsole_Getchar), (14 bytes).
    Removing fsl_debug_console.o(i.DbgConsole_Putchar), (12 bytes).
    Removing fsl_debug_console.o(i.DbgConsole_Scanf), (54 bytes).
    Removing fsl_debug_console.o(i.fgetc), (16 bytes).
    Removing fsl_debug_console.o(i.fputc), (14 bytes).
    Removing fsl_debug_console.o(.data), (8 bytes).
    Removing fsl_io.o(.rev16_text), (4 bytes).
    Removing fsl_io.o(.revsh_text), (4 bytes).
    Removing fsl_io.o(i.IO_Deinit), (76 bytes).
    Removing fsl_io.o(i.IO_WaitIdle), (68 bytes).
    Removing fsl_log.o(.rev16_text), (4 bytes).
    Removing fsl_log.o(.revsh_text), (4 bytes).
    Removing fsl_log.o(i.LOG_Deinit), (8 bytes).
    Removing fsl_log.o(i.LOG_ReadCharacter), (64 bytes).
    Removing fsl_log.o(i.LOG_ReadLine), (116 bytes).
    Removing fsl_log.o(i.LOG_ReadOneCharacter), (26 bytes).
    Removing fsl_log.o(i.LOG_WaitIdle), (10 bytes).
    Removing fsl_str.o(.rev16_text), (4 bytes).
    Removing fsl_str.o(.revsh_text), (4 bytes).
    Removing fsl_str.o(i.ScanIgnoreWhiteSpace), (50 bytes).
    Removing fsl_str.o(i.StrFormatScanf), (1052 bytes).
    Removing system_mkl46z4.o(.rev16_text), (4 bytes).
    Removing system_mkl46z4.o(.revsh_text), (4 bytes).
    Removing system_mkl46z4.o(i.SystemCoreClockUpdate), (400 bytes).
    Removing dadd.o(.text), (360 bytes).
    Removing dfixul.o(.text), (64 bytes).
    Removing cdrcmple.o(.text), (40 bytes).

264 unused section(s) (total 19512 bytes) removed from the image.

==============================================================================

Image Symbol Table

    Local Symbols

    Symbol Name                              Value     Ov Type        Size  Object(Section)

    RESET                                    0x00000000   Section      192  startup_mkl46z4.o(RESET)
    ../clib/microlib/division.c              0x00000000   Number         0  ldiv.o ABSOLUTE
    ../clib/microlib/division.c              0x00000000   Number         0  uldiv.o ABSOLUTE
    ../clib/microlib/division.c              0x00000000   Number         0  uidiv.o ABSOLUTE
    ../clib/microlib/errno.c                 0x00000000   Number         0  errno.o ABSOLUTE
    ../clib/microlib/init/entry.s            0x00000000   Number         0  entry11b.o ABSOLUTE
    ../clib/microlib/init/entry.s            0x00000000   Number         0  entry12a.o ABSOLUTE
    ../clib/microlib/init/entry.s            0x00000000   Number         0  entry12b.o ABSOLUTE
    ../clib/microlib/init/entry.s            0x00000000   Number         0  entry7a.o ABSOLUTE
    ../clib/microlib/init/entry.s            0x00000000   Number         0  entry10b.o ABSOLUTE
    ../clib/microlib/init/entry.s            0x00000000   Number         0  entry8a.o ABSOLUTE
    ../clib/microlib/init/entry.s            0x00000000   Number         0  entry.o ABSOLUTE
    ../clib/microlib/init/entry.s            0x00000000   Number         0  entry5.o ABSOLUTE
    ../clib/microlib/init/entry.s            0x00000000   Number         0  entry4.o ABSOLUTE
    ../clib/microlib/init/entry.s            0x00000000   Number         0  entry8b.o ABSOLUTE
    ../clib/microlib/init/entry.s            0x00000000   Number         0  entry9a.o ABSOLUTE
    ../clib/microlib/init/entry.s            0x00000000   Number         0  entry9b.o ABSOLUTE
    ../clib/microlib/init/entry.s            0x00000000   Number         0  entry10a.o ABSOLUTE
    ../clib/microlib/init/entry.s            0x00000000   Number         0  entry11a.o ABSOLUTE
    ../clib/microlib/init/entry.s            0x00000000   Number         0  entry7b.o ABSOLUTE
    ../clib/microlib/longlong.c              0x00000000   Number         0  llmul.o ABSOLUTE
    ../clib/microlib/longlong.c              0x00000000   Number         0  llshl.o ABSOLUTE
    ../clib/microlib/longlong.c              0x00000000   Number         0  llushr.o ABSOLUTE
    ../clib/microlib/longlong.c              0x00000000   Number         0  llsshr.o ABSOLUTE
    ../clib/microlib/malloc/malloc.c         0x00000000   Number         0  malloc2.o ABSOLUTE
    ../clib/microlib/malloc/malloc.c         0x00000000   Number         0  mallocr2.o ABSOLUTE
    ../clib/microlib/malloc/malloc.c         0x00000000   Number         0  malloca2.o ABSOLUTE
    ../clib/microlib/malloc/malloc.c         0x00000000   Number         0  mallocra2.o ABSOLUTE
    ../clib/microlib/malloc/mvars.c          0x00000000   Number         0  mvars.o ABSOLUTE
    ../clib/microlib/printf/printf.c         0x00000000   Number         0  printf6.o ABSOLUTE
    ../clib/microlib/printf/printf.c         0x00000000   Number         0  printf5.o ABSOLUTE
    ../clib/microlib/printf/printf.c         0x00000000   Number         0  printf4.o ABSOLUTE
    ../clib/microlib/printf/printf.c         0x00000000   Number         0  printf2.o ABSOLUTE
    ../clib/microlib/printf/printf.c         0x00000000   Number         0  printf1.o ABSOLUTE
    ../clib/microlib/printf/printf.c         0x00000000   Number         0  printf0.o ABSOLUTE
    ../clib/microlib/printf/printf.c         0x00000000   Number         0  printfb.o ABSOLUTE
    ../clib/microlib/printf/printf.c         0x00000000   Number         0  printf7.o ABSOLUTE
    ../clib/microlib/printf/printf.c         0x00000000   Number         0  printf3.o ABSOLUTE
    ../clib/microlib/printf/printf.c         0x00000000   Number         0  printfa.o ABSOLUTE
    ../clib/microlib/printf/printf.c         0x00000000   Number         0  printf8.o ABSOLUTE
    ../clib/microlib/printf/stubs.s          0x00000000   Number         0  stubs.o ABSOLUTE
    ../clib/microlib/string/memcpy.c         0x00000000   Number         0  memcpyb.o ABSOLUTE
    ../clib/microlib/string/memcpy.c         0x00000000   Number         0  memcpya.o ABSOLUTE
    ../clib/microlib/string/memset.c         0x00000000   Number         0  memseta.o ABSOLUTE
    ../clib/microlib/string/strlen.c         0x00000000   Number         0  strlen.o ABSOLUTE
    ../clib/microlib/stubs.s                 0x00000000   Number         0  iusefp.o ABSOLUTE
    ../fplib/microlib/f2d.c                  0x00000000   Number         0  f2d.o ABSOLUTE
    ../fplib/microlib/fpadd.c                0x00000000   Number         0  fadd.o ABSOLUTE
    ../fplib/microlib/fpadd.c                0x00000000   Number         0  dadd.o ABSOLUTE
    ../fplib/microlib/fpdiv.c                0x00000000   Number         0  fdiv.o ABSOLUTE
    ../fplib/microlib/fpdiv.c                0x00000000   Number         0  ddiv.o ABSOLUTE
    ../fplib/microlib/fpepilogue.c           0x00000000   Number         0  fepilogue.o ABSOLUTE
    ../fplib/microlib/fpepilogue.c           0x00000000   Number         0  depilogue.o ABSOLUTE
    ../fplib/microlib/fpfix.c                0x00000000   Number         0  dfixi.o ABSOLUTE
    ../fplib/microlib/fpfix.c                0x00000000   Number         0  dfixul.o ABSOLUTE
    ../fplib/microlib/fpflt.c                0x00000000   Number         0  fflti.o ABSOLUTE
    ../fplib/microlib/fpmul.c                0x00000000   Number         0  dmul.o ABSOLUTE
    ../fplib/microlib/fpmul.c                0x00000000   Number         0  fmul.o ABSOLUTE
    ../fplib/microlib/fpscalb.c              0x00000000   Number         0  fscalb.o ABSOLUTE
    ../mathlib/atan2f.c                      0x00000000   Number         0  atan2f.o ABSOLUTE
    ../mathlib/atan2f.c                      0x00000000   Number         0  atan2f_x.o ABSOLUTE
    ../mathlib/fpclassifyf.c                 0x00000000   Number         0  fpclassifyf.o ABSOLUTE
    ../mathlib/funder.c                      0x00000000   Number         0  funder.o ABSOLUTE
    ..\\ecomprass.c                          0x00000000   Number         0  ecomprass.o ABSOLUTE
    ..\ecomprass.c                           0x00000000   Number         0  ecomprass.o ABSOLUTE
    C:/Users/ADMIN/AppData/Local/Arm/Packs/NXP/MKL46Z4_DFP/10.0.3/drivers/fsl_clock.c 0x00000000   Number         0  fsl_clock.o ABSOLUTE
    C:/Users/ADMIN/AppData/Local/Arm/Packs/NXP/MKL46Z4_DFP/10.0.3/drivers/fsl_common.c 0x00000000   Number         0  fsl_common.o ABSOLUTE
    C:/Users/ADMIN/AppData/Local/Arm/Packs/NXP/MKL46Z4_DFP/10.0.3/drivers/fsl_ftfx_cache.c 0x00000000   Number         0  fsl_ftfx_cache.o ABSOLUTE
    C:/Users/ADMIN/AppData/Local/Arm/Packs/NXP/MKL46Z4_DFP/10.0.3/drivers/fsl_ftfx_controller.c 0x00000000   Number         0  fsl_ftfx_controller.o ABSOLUTE
    C:/Users/ADMIN/AppData/Local/Arm/Packs/NXP/MKL46Z4_DFP/10.0.3/drivers/fsl_ftfx_flash.c 0x00000000   Number         0  fsl_ftfx_flash.o ABSOLUTE
    C:/Users/ADMIN/AppData/Local/Arm/Packs/NXP/MKL46Z4_DFP/10.0.3/drivers/fsl_ftfx_flexnvm.c 0x00000000   Number         0  fsl_ftfx_flexnvm.o ABSOLUTE
    C:/Users/ADMIN/AppData/Local/Arm/Packs/NXP/MKL46Z4_DFP/10.0.3/drivers/fsl_gpio.c 0x00000000   Number         0  fsl_gpio.o ABSOLUTE
    C:/Users/ADMIN/AppData/Local/Arm/Packs/NXP/MKL46Z4_DFP/10.0.3/drivers/fsl_i2c.c 0x00000000   Number         0  fsl_i2c.o ABSOLUTE
    C:/Users/ADMIN/AppData/Local/Arm/Packs/NXP/MKL46Z4_DFP/10.0.3/drivers/fsl_lpsci.c 0x00000000   Number         0  fsl_lpsci.o ABSOLUTE
    C:/Users/ADMIN/AppData/Local/Arm/Packs/NXP/MKL46Z4_DFP/10.0.3/drivers/fsl_smc.c 0x00000000   Number         0  fsl_smc.o ABSOLUTE
    C:/Users/ADMIN/AppData/Local/Arm/Packs/NXP/MKL46Z4_DFP/10.0.3/drivers/fsl_uart.c 0x00000000   Number         0  fsl_uart.o ABSOLUTE
    C:/Users/ADMIN/AppData/Local/Arm/Packs/NXP/MKL46Z4_DFP/10.0.3/utilities/fsl_assert.c 0x00000000   Number         0  fsl_assert.o ABSOLUTE
    C:/Users/ADMIN/AppData/Local/Arm/Packs/NXP/MKL46Z4_DFP/10.0.3/utilities/fsl_debug_console.c 0x00000000   Number         0  fsl_debug_console.o ABSOLUTE
    C:/Users/ADMIN/AppData/Local/Arm/Packs/NXP/MKL46Z4_DFP/10.0.3/utilities/io/fsl_io.c 0x00000000   Number         0  fsl_io.o ABSOLUTE
    C:/Users/ADMIN/AppData/Local/Arm/Packs/NXP/MKL46Z4_DFP/10.0.3/utilities/log/fsl_log.c 0x00000000   Number         0  fsl_log.o ABSOLUTE
    C:/Users/ADMIN/AppData/Local/Arm/Packs/NXP/MKL46Z4_DFP/10.0.3/utilities/str/fsl_str.c 0x00000000   Number         0  fsl_str.o ABSOLUTE
    C:\Users\ADMIN\AppData\Local\Arm\Packs\NXP\MKL46Z4_DFP\10.0.3\drivers\fsl_clock.c 0x00000000   Number         0  fsl_clock.o ABSOLUTE
    C:\Users\ADMIN\AppData\Local\Arm\Packs\NXP\MKL46Z4_DFP\10.0.3\drivers\fsl_common.c 0x00000000   Number         0  fsl_common.o ABSOLUTE
    C:\Users\ADMIN\AppData\Local\Arm\Packs\NXP\MKL46Z4_DFP\10.0.3\drivers\fsl_ftfx_cache.c 0x00000000   Number         0  fsl_ftfx_cache.o ABSOLUTE
    C:\Users\ADMIN\AppData\Local\Arm\Packs\NXP\MKL46Z4_DFP\10.0.3\drivers\fsl_ftfx_controller.c 0x00000000   Number         0  fsl_ftfx_controller.o ABSOLUTE
    C:\Users\ADMIN\AppData\Local\Arm\Packs\NXP\MKL46Z4_DFP\10.0.3\drivers\fsl_ftfx_flash.c 0x00000000   Number         0  fsl_ftfx_flash.o ABSOLUTE
    C:\Users\ADMIN\AppData\Local\Arm\Packs\NXP\MKL46Z4_DFP\10.0.3\drivers\fsl_ftfx_flexnvm.c 0x00000000   Number         0  fsl_ftfx_flexnvm.o ABSOLUTE
    C:\Users\ADMIN\AppData\Local\Arm\Packs\NXP\MKL46Z4_DFP\10.0.3\drivers\fsl_gpio.c 0x00000000   Number         0  fsl_gpio.o ABSOLUTE
    C:\Users\ADMIN\AppData\Local\Arm\Packs\NXP\MKL46Z4_DFP\10.0.3\drivers\fsl_i2c.c 0x00000000   Number         0  fsl_i2c.o ABSOLUTE
    C:\Users\ADMIN\AppData\Local\Arm\Packs\NXP\MKL46Z4_DFP\10.0.3\drivers\fsl_lpsci.c 0x00000000   Number         0  fsl_lpsci.o ABSOLUTE
    C:\Users\ADMIN\AppData\Local\Arm\Packs\NXP\MKL46Z4_DFP\10.0.3\drivers\fsl_smc.c 0x00000000   Number         0  fsl_smc.o ABSOLUTE
    C:\Users\ADMIN\AppData\Local\Arm\Packs\NXP\MKL46Z4_DFP\10.0.3\drivers\fsl_uart.c 0x00000000   Number         0  fsl_uart.o ABSOLUTE
    C:\Users\ADMIN\AppData\Local\Arm\Packs\NXP\MKL46Z4_DFP\10.0.3\utilities\fsl_assert.c 0x00000000   Number         0  fsl_assert.o ABSOLUTE
    C:\Users\ADMIN\AppData\Local\Arm\Packs\NXP\MKL46Z4_DFP\10.0.3\utilities\fsl_debug_console.c 0x00000000   Number         0  fsl_debug_console.o ABSOLUTE
    C:\Users\ADMIN\AppData\Local\Arm\Packs\NXP\MKL46Z4_DFP\10.0.3\utilities\io\fsl_io.c 0x00000000   Number         0  fsl_io.o ABSOLUTE
    C:\Users\ADMIN\AppData\Local\Arm\Packs\NXP\MKL46Z4_DFP\10.0.3\utilities\log\fsl_log.c 0x00000000   Number         0  fsl_log.o ABSOLUTE
    C:\Users\ADMIN\AppData\Local\Arm\Packs\NXP\MKL46Z4_DFP\10.0.3\utilities\str\fsl_str.c 0x00000000   Number         0  fsl_str.o ABSOLUTE
    RTE/Board_Support/MKL46Z256VLL4/board.c  0x00000000   Number         0  board.o ABSOLUTE
    RTE/Board_Support/MKL46Z256VLL4/clock_config.c 0x00000000   Number         0  clock_config.o ABSOLUTE
    RTE/Board_Support/MKL46Z256VLL4/peripherals.c 0x00000000   Number         0  peripherals.o ABSOLUTE
    RTE/Board_Support/MKL46Z256VLL4/pin_mux.c 0x00000000   Number         0  pin_mux.o ABSOLUTE
    RTE/Device/MKL46Z256VLL4/startup_MKL46Z4.s 0x00000000   Number         0  startup_mkl46z4.o ABSOLUTE
    RTE/Device/MKL46Z256VLL4/system_MKL46Z4.c 0x00000000   Number         0  system_mkl46z4.o ABSOLUTE
    RTE\Board_Support\MKL46Z256VLL4\board.c  0x00000000   Number         0  board.o ABSOLUTE
    RTE\Board_Support\MKL46Z256VLL4\clock_config.c 0x00000000   Number         0  clock_config.o ABSOLUTE
    RTE\Board_Support\MKL46Z256VLL4\peripherals.c 0x00000000   Number         0  peripherals.o ABSOLUTE
    RTE\Board_Support\MKL46Z256VLL4\pin_mux.c 0x00000000   Number         0  pin_mux.o ABSOLUTE
    RTE\Device\MKL46Z256VLL4\system_MKL46Z4.c 0x00000000   Number         0  system_mkl46z4.o ABSOLUTE
    cdrcmple.s                               0x00000000   Number         0  cdrcmple.o ABSOLUTE
    dc.s                                     0x00000000   Number         0  dc.o ABSOLUTE
    handlers.s                               0x00000000   Number         0  handlers.o ABSOLUTE
    init.s                                   0x00000000   Number         0  init.o ABSOLUTE
    slcd.c                                   0x00000000   Number         0  slcd.o ABSOLUTE
    slcd.c                                   0x00000000   Number         0  slcd.o ABSOLUTE
    FlashConfig                              0x00000400   Section       16  startup_mkl46z4.o(FlashConfig)
    .ARM.Collect$$$$00000000                 0x00000410   Section        0  entry.o(.ARM.Collect$$$$00000000)
    .ARM.Collect$$$$00000003                 0x00000410   Section        4  entry4.o(.ARM.Collect$$$$00000003)
    .ARM.Collect$$$$00000004                 0x00000414   Section        4  entry5.o(.ARM.Collect$$$$00000004)
    .ARM.Collect$$$$00000008                 0x00000418   Section        0  entry7b.o(.ARM.Collect$$$$00000008)
    .ARM.Collect$$$$0000000A                 0x00000418   Section        0  entry8b.o(.ARM.Collect$$$$0000000A)
    .ARM.Collect$$$$0000000B                 0x00000418   Section        8  entry9a.o(.ARM.Collect$$$$0000000B)
    .ARM.Collect$$$$0000000E                 0x00000420   Section        4  entry12b.o(.ARM.Collect$$$$0000000E)
    .ARM.Collect$$$$0000000F                 0x00000424   Section        0  entry10a.o(.ARM.Collect$$$$0000000F)
    .ARM.Collect$$$$00000011                 0x00000424   Section        0  entry11a.o(.ARM.Collect$$$$00000011)
    .ARM.Collect$$$$00002714                 0x00000424   Section        4  entry4.o(.ARM.Collect$$$$00002714)
    __lit__00000000                          0x00000424   Data           4  entry4.o(.ARM.Collect$$$$00002714)
    .text                                    0x00000428   Section      156  startup_mkl46z4.o(.text)
    .text                                    0x000004c4   Section        0  uidiv.o(.text)
    .text                                    0x000004f0   Section        0  uldiv.o(.text)
    .text                                    0x00000550   Section        0  ldiv.o(.text)
    .text                                    0x0000059c   Section        0  llmul.o(.text)
    .text                                    0x00000616   Section        0  memseta.o(.text)
    .text                                    0x0000063a   Section        0  strlen.o(.text)
    .text                                    0x00000648   Section        0  fmul.o(.text)
    .text                                    0x000006c2   Section        0  fdiv.o(.text)
    .text                                    0x00000740   Section        0  dmul.o(.text)
    .text                                    0x00000810   Section        0  ddiv.o(.text)
    .text                                    0x00000900   Section        0  fflti.o(.text)
    .text                                    0x00000918   Section        0  dfixi.o(.text)
    .text                                    0x00000960   Section        0  f2d.o(.text)
    .text                                    0x00000988   Section        0  llshl.o(.text)
    .text                                    0x000009a8   Section        0  llushr.o(.text)
    .text                                    0x000009ca   Section        0  iusefp.o(.text)
    .text                                    0x000009ca   Section        0  fepilogue.o(.text)
    .text                                    0x00000a4c   Section        0  fadd.o(.text)
    .text                                    0x00000afe   Section        0  depilogue.o(.text)
    .text                                    0x00000bbc   Section       36  init.o(.text)
    .text                                    0x00000be0   Section        0  fscalb.o(.text)
    i.BOARD_BootClockRUN                     0x00000bf8   Section        0  clock_config.o(i.BOARD_BootClockRUN)
    i.BOARD_I2C_ConfigurePins                0x00000c64   Section        0  pin_mux.o(i.BOARD_I2C_ConfigurePins)
    i.BOARD_InitDebugConsole                 0x00000c9c   Section        0  board.o(i.BOARD_InitDebugConsole)
    i.BOARD_InitPins                         0x00000cd8   Section        0  pin_mux.o(i.BOARD_InitPins)
    i.CLOCK_BootToPeeMode                    0x00000d10   Section        0  fsl_clock.o(i.CLOCK_BootToPeeMode)
    i.CLOCK_CONFIG_SetFllExtRefDiv           0x00000d6c   Section        0  clock_config.o(i.CLOCK_CONFIG_SetFllExtRefDiv)
    CLOCK_CONFIG_SetFllExtRefDiv             0x00000d6d   Thumb Code    22  clock_config.o(i.CLOCK_CONFIG_SetFllExtRefDiv)
    i.CLOCK_EnableClock                      0x00000d88   Section        0  pin_mux.o(i.CLOCK_EnableClock)
    CLOCK_EnableClock                        0x00000d89   Thumb Code    18  pin_mux.o(i.CLOCK_EnableClock)
    i.CLOCK_EnableClock                      0x00000da0   Section        0  fsl_i2c.o(i.CLOCK_EnableClock)
    CLOCK_EnableClock                        0x00000da1   Thumb Code    18  fsl_i2c.o(i.CLOCK_EnableClock)
    i.CLOCK_EnablePll0                       0x00000db8   Section        0  fsl_clock.o(i.CLOCK_EnablePll0)
    i.CLOCK_GetEr32kClkFreq                  0x00000e20   Section        0  fsl_clock.o(i.CLOCK_GetEr32kClkFreq)
    i.CLOCK_GetFixedFreqClkFreq              0x00000e98   Section        0  fsl_clock.o(i.CLOCK_GetFixedFreqClkFreq)
    i.CLOCK_GetFllExtRefClkFreq              0x00000eb8   Section        0  fsl_clock.o(i.CLOCK_GetFllExtRefClkFreq)
    CLOCK_GetFllExtRefClkFreq                0x00000eb9   Thumb Code   110  fsl_clock.o(i.CLOCK_GetFllExtRefClkFreq)
    i.CLOCK_GetFllFreq                       0x00000f2c   Section        0  fsl_clock.o(i.CLOCK_GetFllFreq)
    i.CLOCK_GetFllRefClkFreq                 0x00000f84   Section        0  fsl_clock.o(i.CLOCK_GetFllRefClkFreq)
    CLOCK_GetFllRefClkFreq                   0x00000f85   Thumb Code    28  fsl_clock.o(i.CLOCK_GetFllRefClkFreq)
    i.CLOCK_GetFreq                          0x00000fa8   Section        0  fsl_clock.o(i.CLOCK_GetFreq)
    i.CLOCK_GetInternalRefClkFreq            0x00001058   Section        0  fsl_clock.o(i.CLOCK_GetInternalRefClkFreq)
    i.CLOCK_GetInternalRefClkSelectFreq      0x00001074   Section        0  fsl_clock.o(i.CLOCK_GetInternalRefClkSelectFreq)
    CLOCK_GetInternalRefClkSelectFreq        0x00001075   Thumb Code    36  fsl_clock.o(i.CLOCK_GetInternalRefClkSelectFreq)
    i.CLOCK_GetMcgExtClkFreq                 0x000010a4   Section        0  fsl_clock.o(i.CLOCK_GetMcgExtClkFreq)
    CLOCK_GetMcgExtClkFreq                   0x000010a5   Thumb Code    28  fsl_clock.o(i.CLOCK_GetMcgExtClkFreq)
    i.CLOCK_GetOsc0ErClkFreq                 0x000010d4   Section        0  fsl_clock.o(i.CLOCK_GetOsc0ErClkFreq)
    i.CLOCK_GetOscRangeFromFreq              0x0000111c   Section        0  fsl_clock.o(i.CLOCK_GetOscRangeFromFreq)
    CLOCK_GetOscRangeFromFreq                0x0000111d   Thumb Code    26  fsl_clock.o(i.CLOCK_GetOscRangeFromFreq)
    i.CLOCK_GetOutClkFreq                    0x00001140   Section        0  fsl_clock.o(i.CLOCK_GetOutClkFreq)
    i.CLOCK_GetPll0Freq                      0x00001180   Section        0  fsl_clock.o(i.CLOCK_GetPll0Freq)
    i.CLOCK_GetPll0RefFreq                   0x000011e0   Section        0  fsl_clock.o(i.CLOCK_GetPll0RefFreq)
    CLOCK_GetPll0RefFreq                     0x000011e1   Thumb Code     8  fsl_clock.o(i.CLOCK_GetPll0RefFreq)
    i.CLOCK_GetPllFllSelClkFreq              0x000011e8   Section        0  fsl_clock.o(i.CLOCK_GetPllFllSelClkFreq)
    i.CLOCK_InitOsc0                         0x00001220   Section        0  fsl_clock.o(i.CLOCK_InitOsc0)
    i.CLOCK_SetExternalRefClkConfig          0x00001298   Section        0  fsl_clock.o(i.CLOCK_SetExternalRefClkConfig)
    i.CLOCK_SetInternalRefClkConfig          0x000012a0   Section        0  fsl_clock.o(i.CLOCK_SetInternalRefClkConfig)
    i.CLOCK_SetPbeMode                       0x0000134c   Section        0  fsl_clock.o(i.CLOCK_SetPbeMode)
    i.CLOCK_SetSimConfig                     0x000013dc   Section        0  fsl_clock.o(i.CLOCK_SetSimConfig)
    i.ConvertRadixNumToString                0x0000142c   Section        0  fsl_str.o(i.ConvertRadixNumToString)
    ConvertRadixNumToString                  0x0000142d   Thumb Code   348  fsl_str.o(i.ConvertRadixNumToString)
    i.DbgConsole_Init                        0x00001588   Section        0  fsl_debug_console.o(i.DbgConsole_Init)
    i.DbgConsole_Printf                      0x000015e0   Section        0  fsl_debug_console.o(i.DbgConsole_Printf)
    i.DbgConsole_RelocateLog                 0x00001624   Section        0  fsl_debug_console.o(i.DbgConsole_RelocateLog)
    DbgConsole_RelocateLog                   0x00001625   Thumb Code    58  fsl_debug_console.o(i.DbgConsole_RelocateLog)
    i.Delay                                  0x00001660   Section        0  ecomprass.o(i.Delay)
    i.I2C0_DriverIRQHandler                  0x00001678   Section        0  fsl_i2c.o(i.I2C0_DriverIRQHandler)
    i.I2C1_DriverIRQHandler                  0x00001690   Section        0  fsl_i2c.o(i.I2C1_DriverIRQHandler)
    i.I2C_CheckAndClearError                 0x000016a8   Section        0  fsl_i2c.o(i.I2C_CheckAndClearError)
    I2C_CheckAndClearError                   0x000016a9   Thumb Code    34  fsl_i2c.o(i.I2C_CheckAndClearError)
    i.I2C_GetInstance                        0x000016d0   Section        0  fsl_i2c.o(i.I2C_GetInstance)
    i.I2C_MasterClearStatusFlags             0x0000172c   Section        0  fsl_i2c.o(i.I2C_MasterClearStatusFlags)
    I2C_MasterClearStatusFlags               0x0000172d   Thumb Code    44  fsl_i2c.o(i.I2C_MasterClearStatusFlags)
    i.I2C_MasterGetDefaultConfig             0x00001758   Section        0  fsl_i2c.o(i.I2C_MasterGetDefaultConfig)
    i.I2C_MasterGetStatusFlags               0x00001798   Section        0  fsl_i2c.o(i.I2C_MasterGetStatusFlags)
    i.I2C_MasterInit                         0x000017bc   Section        0  fsl_i2c.o(i.I2C_MasterInit)
    i.I2C_MasterReadBlocking                 0x00001870   Section        0  fsl_i2c.o(i.I2C_MasterReadBlocking)
    i.I2C_MasterRepeatedStart                0x00001904   Section        0  fsl_i2c.o(i.I2C_MasterRepeatedStart)
    i.I2C_MasterSetBaudRate                  0x00001970   Section        0  fsl_i2c.o(i.I2C_MasterSetBaudRate)
    i.I2C_MasterStart                        0x000019fc   Section        0  fsl_i2c.o(i.I2C_MasterStart)
    i.I2C_MasterStop                         0x00001a40   Section        0  fsl_i2c.o(i.I2C_MasterStop)
    i.I2C_MasterTransferBlocking             0x00001a5c   Section        0  fsl_i2c.o(i.I2C_MasterTransferBlocking)
    i.I2C_MasterWriteBlocking                0x00001bf4   Section        0  fsl_i2c.o(i.I2C_MasterWriteBlocking)
    i.I2C_ReadMagRegs                        0x00001c9c   Section        0  ecomprass.o(i.I2C_ReadMagRegs)
    I2C_ReadMagRegs                          0x00001c9d   Thumb Code    66  ecomprass.o(i.I2C_ReadMagRegs)
    i.I2C_TransferCommonIRQHandler           0x00001ce0   Section        0  fsl_i2c.o(i.I2C_TransferCommonIRQHandler)
    I2C_TransferCommonIRQHandler             0x00001ce1   Thumb Code    54  fsl_i2c.o(i.I2C_TransferCommonIRQHandler)
    i.I2C_WriteMagReg                        0x00001d20   Section        0  ecomprass.o(i.I2C_WriteMagReg)
    I2C_WriteMagReg                          0x00001d21   Thumb Code    68  ecomprass.o(i.I2C_WriteMagReg)
    i.IO_Init                                0x00001d64   Section        0  fsl_io.o(i.IO_Init)
    i.IO_Transfer                            0x00001e5c   Section        0  fsl_io.o(i.IO_Transfer)
    i.LOG_Init                               0x00001ecc   Section        0  fsl_log.o(i.LOG_Init)
    i.LOG_Pop                                0x00001eea   Section        0  fsl_log.o(i.LOG_Pop)
    i.LOG_Push                               0x00001f14   Section        0  fsl_log.o(i.LOG_Push)
    i.LPSCI_ClearStatusFlags                 0x00001f48   Section        0  fsl_lpsci.o(i.LPSCI_ClearStatusFlags)
    i.LPSCI_GetDefaultConfig                 0x00001fa8   Section        0  fsl_lpsci.o(i.LPSCI_GetDefaultConfig)
    i.LPSCI_GetInstance                      0x00001fe0   Section        0  fsl_lpsci.o(i.LPSCI_GetInstance)
    i.LPSCI_GetStatusFlags                   0x0000203c   Section        0  fsl_lpsci.o(i.LPSCI_GetStatusFlags)
    i.LPSCI_Init                             0x0000204c   Section        0  fsl_lpsci.o(i.LPSCI_Init)
    i.LPSCI_ReadBlocking                     0x000021fc   Section        0  fsl_lpsci.o(i.LPSCI_ReadBlocking)
    i.LPSCI_WriteBlocking                    0x000022a4   Section        0  fsl_lpsci.o(i.LPSCI_WriteBlocking)
    i.PORTC_PORTD_IRQHandler                 0x000022ec   Section        0  ecomprass.o(i.PORTC_PORTD_IRQHandler)
    i.PORT_SetPinConfig                      0x00002360   Section        0  pin_mux.o(i.PORT_SetPinConfig)
    PORT_SetPinConfig                        0x00002361   Thumb Code    36  pin_mux.o(i.PORT_SetPinConfig)
    i.PORT_SetPinMux                         0x00002390   Section        0  pin_mux.o(i.PORT_SetPinMux)
    PORT_SetPinMux                           0x00002391   Thumb Code    28  pin_mux.o(i.PORT_SetPinMux)
    i.SLCD_EnablePins                        0x000023ac   Section        0  slcd.o(i.SLCD_EnablePins)
    i.SLCD_Init                              0x0000243c   Section        0  slcd.o(i.SLCD_Init)
    i.SLCD_WriteChar                         0x000024a0   Section        0  slcd.o(i.SLCD_WriteChar)
    i.SLCD_WriteMsg                          0x00002520   Section        0  slcd.o(i.SLCD_WriteMsg)
    i.StrFormatPrintf                        0x00002560   Section        0  fsl_str.o(i.StrFormatPrintf)
    i.SysTick_Handler                        0x00002b10   Section        0  ecomprass.o(i.SysTick_Handler)
    i.SystemInit                             0x00002b20   Section        0  system_mkl46z4.o(i.SystemInit)
    i.SystemInitHook                         0x00002b34   Section        0  system_mkl46z4.o(i.SystemInitHook)
    i.UART0_DriverIRQHandler                 0x00002b38   Section        0  fsl_lpsci.o(i.UART0_DriverIRQHandler)
    i.UART1_DriverIRQHandler                 0x00002b54   Section        0  fsl_uart.o(i.UART1_DriverIRQHandler)
    i.UART2_DriverIRQHandler                 0x00002b70   Section        0  fsl_uart.o(i.UART2_DriverIRQHandler)
    i.UART_GetDefaultConfig                  0x00002b8c   Section        0  fsl_uart.o(i.UART_GetDefaultConfig)
    i.UART_GetInstance                       0x00002bc4   Section        0  fsl_uart.o(i.UART_GetInstance)
    i.UART_GetStatusFlags                    0x00002c1c   Section        0  fsl_uart.o(i.UART_GetStatusFlags)
    i.UART_Init                              0x00002c2c   Section        0  fsl_uart.o(i.UART_Init)
    i.UART_ReadBlocking                      0x00002d78   Section        0  fsl_uart.o(i.UART_ReadBlocking)
    i.UART_WriteBlocking                     0x00002e04   Section        0  fsl_uart.o(i.UART_WriteBlocking)
    i.__0sprintf$1                           0x00002e24   Section        0  printf1.o(i.__0sprintf$1)
    i.__ARM_clz                              0x00002e4c   Section        0  depilogue.o(i.__ARM_clz)
    i.__ARM_common_switch8                   0x00002e7a   Section        0  fsl_clock.o(i.__ARM_common_switch8)
    i.__ARM_fpclassifyf                      0x00002e96   Section        0  fpclassifyf.o(i.__ARM_fpclassifyf)
    i.__aeabi_assert                         0x00002eb8   Section        0  fsl_assert.o(i.__aeabi_assert)
    i.__mathlib_flt_infnan2                  0x00002efc   Section        0  funder.o(i.__mathlib_flt_infnan2)
    i.__mathlib_flt_underflow                0x00002f04   Section        0  funder.o(i.__mathlib_flt_underflow)
    i.__scatterload_copy                     0x00002f12   Section       14  handlers.o(i.__scatterload_copy)
    i.__scatterload_null                     0x00002f20   Section        2  handlers.o(i.__scatterload_null)
    i.__scatterload_zeroinit                 0x00002f22   Section       14  handlers.o(i.__scatterload_zeroinit)
    i.__set_errno                            0x00002f30   Section        0  errno.o(i.__set_errno)
    i._printf_core                           0x00002f3c   Section        0  printf1.o(i._printf_core)
    _printf_core                             0x00002f3d   Thumb Code   332  printf1.o(i._printf_core)
    i._sputc                                 0x0000308c   Section        0  printf1.o(i._sputc)
    _sputc                                   0x0000308d   Thumb Code    10  printf1.o(i._sputc)
    i.atan2f                                 0x00003098   Section        0  atan2f.o(i.atan2f)
    i.blinkLedGreen                          0x00003334   Section        0  ecomprass.o(i.blinkLedGreen)
    i.blinkLedRed                            0x0000335c   Section        0  ecomprass.o(i.blinkLedRed)
    i.calculateHeading                       0x00003384   Section        0  ecomprass.o(i.calculateHeading)
    i.calibration                            0x00003458   Section        0  ecomprass.o(i.calibration)
    i.displayHeading                         0x00003528   Section        0  ecomprass.o(i.displayHeading)
    i.initLed                                0x00003548   Section        0  ecomprass.o(i.initLed)
    i.initSwitch                             0x00003590   Section        0  ecomprass.o(i.initSwitch)
    i.init_SysTick_interrupt                 0x00003628   Section        0  ecomprass.o(i.init_SysTick_interrupt)
    i.init_i2c                               0x00003650   Section        0  ecomprass.o(i.init_i2c)
    i.main                                   0x00003678   Section        0  ecomprass.o(i.main)
    .constdata                               0x0000377c   Section      238  slcd.o(.constdata)
    .constdata                               0x0000386c   Section       56  clock_config.o(.constdata)
    .constdata                               0x000038a4   Section        6  pin_mux.o(.constdata)
    .constdata                               0x000038ac   Section       96  fsl_clock.o(.constdata)
    mcgModeMatrix                            0x000038ac   Data          64  fsl_clock.o(.constdata)
    fllFactorTable                           0x000038ec   Data          16  fsl_clock.o(.constdata)
    trimRange                                0x000038fc   Data          16  fsl_clock.o(.constdata)
    .constdata                               0x0000390c   Section      148  fsl_i2c.o(.constdata)
    s_i2cDividerTable                        0x00003914   Data         128  fsl_i2c.o(.constdata)
    s_i2cIrqs                                0x00003994   Data           2  fsl_i2c.o(.constdata)
    s_i2cClocks                              0x00003998   Data           8  fsl_i2c.o(.constdata)
    .constdata                               0x000039a0   Section       12  fsl_lpsci.o(.constdata)
    s_lpsciBases                             0x000039a0   Data           4  fsl_lpsci.o(.constdata)
    s_lpsciIRQ                               0x000039a4   Data           1  fsl_lpsci.o(.constdata)
    s_lpsciClock                             0x000039a8   Data           4  fsl_lpsci.o(.constdata)
    .constdata                               0x000039ac   Section       28  fsl_uart.o(.constdata)
    s_uartBases                              0x000039ac   Data          12  fsl_uart.o(.constdata)
    s_uartIRQ                                0x000039b8   Data           3  fsl_uart.o(.constdata)
    s_uartClock                              0x000039bc   Data          12  fsl_uart.o(.constdata)
    .conststring                             0x000039c8   Section       81  pin_mux.o(.conststring)
    .conststring                             0x00003a1c   Section       82  fsl_clock.o(.conststring)
    .conststring                             0x00003a70   Section       80  fsl_i2c.o(.conststring)
    .conststring                             0x00003ac0   Section       82  fsl_lpsci.o(.conststring)
    .conststring                             0x00003b14   Section       81  fsl_uart.o(.conststring)
    .conststring                             0x00003b68   Section       92  fsl_debug_console.o(.conststring)
    .conststring                             0x00003bc4   Section       84  fsl_io.o(.conststring)
    .conststring                             0x00003c18   Section       86  fsl_log.o(.conststring)
    .data                                    0x1fffe000   Section       12  ecomprass.o(.data)
    .data                                    0x1fffe00c   Section        1  slcd.o(.data)
    .data                                    0x1fffe010   Section       16  fsl_clock.o(.data)
    s_slowIrcFreq                            0x1fffe010   Data           4  fsl_clock.o(.data)
    s_fastIrcFreq                            0x1fffe014   Data           4  fsl_clock.o(.data)
    .data                                    0x1fffe020   Section       16  fsl_i2c.o(.data)
    s_i2cHandle                              0x1fffe020   Data           8  fsl_i2c.o(.data)
    s_i2cMasterIsr                           0x1fffe028   Data           4  fsl_i2c.o(.data)
    s_i2cSlaveIsr                            0x1fffe02c   Data           4  fsl_i2c.o(.data)
    .data                                    0x1fffe030   Section        8  fsl_lpsci.o(.data)
    s_lpsciHandle                            0x1fffe030   Data           4  fsl_lpsci.o(.data)
    s_lpsciIsr                               0x1fffe034   Data           4  fsl_lpsci.o(.data)
    .data                                    0x1fffe038   Section        4  fsl_uart.o(.data)
    s_uartIsr                                0x1fffe038   Data           4  fsl_uart.o(.data)
    .data                                    0x1fffe03c   Section        8  fsl_io.o(.data)
    s_debugConsoleIO                         0x1fffe03c   Data           8  fsl_io.o(.data)
    .data                                    0x1fffe044   Section        4  system_mkl46z4.o(.data)
    .data                                    0x1fffe048   Section        4  errno.o(.data)
    _errno                                   0x1fffe048   Data           4  errno.o(.data)
    .bss                                     0x1fffe04c   Section       12  fsl_uart.o(.bss)
    s_uartHandle                             0x1fffe04c   Data          12  fsl_uart.o(.bss)

    Global Symbols

    Symbol Name                              Value     Ov Type        Size  Object(Section)

    BuildAttributes$$THM_ISAv3M$S$PE$A:L22$X:L11$S22$IEEE1$IW$USESV6$~STKCKD$USESV7$~SHL$OTIME$ROPI$IEEEX$EBA8$MICROLIB$REQ8$PRES8$EABIv2 0x00000000   Number         0  anon$$obj.o ABSOLUTE
    __ARM_use_no_argv                        0x00000000   Number         0  ecomprass.o ABSOLUTE
    __Vectors                                0x00000000   Data           4  startup_mkl46z4.o(RESET)
    _printf_a                                0x00000000   Number         0  stubs.o ABSOLUTE
    _printf_c                                0x00000000   Number         0  stubs.o ABSOLUTE
    _printf_charcount                        0x00000000   Number         0  stubs.o ABSOLUTE
    _printf_d                                0x00000000   Number         0  stubs.o ABSOLUTE
    _printf_e                                0x00000000   Number         0  stubs.o ABSOLUTE
    _printf_f                                0x00000000   Number         0  stubs.o ABSOLUTE
    _printf_flags                            0x00000000   Number         0  stubs.o ABSOLUTE
    _printf_fp_dec                           0x00000000   Number         0  stubs.o ABSOLUTE
    _printf_fp_hex                           0x00000000   Number         0  stubs.o ABSOLUTE
    _printf_g                                0x00000000   Number         0  stubs.o ABSOLUTE
    _printf_i                                0x00000000   Number         0  stubs.o ABSOLUTE
    _printf_int_dec                          0x00000000   Number         0  stubs.o ABSOLUTE
    _printf_l                                0x00000000   Number         0  stubs.o ABSOLUTE
    _printf_lc                               0x00000000   Number         0  stubs.o ABSOLUTE
    _printf_ll                               0x00000000   Number         0  stubs.o ABSOLUTE
    _printf_lld                              0x00000000   Number         0  stubs.o ABSOLUTE
    _printf_lli                              0x00000000   Number         0  stubs.o ABSOLUTE
    _printf_llo                              0x00000000   Number         0  stubs.o ABSOLUTE
    _printf_llu                              0x00000000   Number         0  stubs.o ABSOLUTE
    _printf_llx                              0x00000000   Number         0  stubs.o ABSOLUTE
    _printf_longlong_dec                     0x00000000   Number         0  stubs.o ABSOLUTE
    _printf_longlong_hex                     0x00000000   Number         0  stubs.o ABSOLUTE
    _printf_longlong_oct                     0x00000000   Number         0  stubs.o ABSOLUTE
    _printf_ls                               0x00000000   Number         0  stubs.o ABSOLUTE
    _printf_mbtowc                           0x00000000   Number         0  stubs.o ABSOLUTE
    _printf_n                                0x00000000   Number         0  stubs.o ABSOLUTE
    _printf_o                                0x00000000   Number         0  stubs.o ABSOLUTE
    _printf_p                                0x00000000   Number         0  stubs.o ABSOLUTE
    _printf_percent                          0x00000000   Number         0  stubs.o ABSOLUTE
    _printf_pre_padding                      0x00000000   Number         0  stubs.o ABSOLUTE
    _printf_return_value                     0x00000000   Number         0  stubs.o ABSOLUTE
    _printf_s                                0x00000000   Number         0  stubs.o ABSOLUTE
    _printf_sizespec                         0x00000000   Number         0  stubs.o ABSOLUTE
    _printf_str                              0x00000000   Number         0  stubs.o ABSOLUTE
    _printf_truncate_signed                  0x00000000   Number         0  stubs.o ABSOLUTE
    _printf_truncate_unsigned                0x00000000   Number         0  stubs.o ABSOLUTE
    _printf_u                                0x00000000   Number         0  stubs.o ABSOLUTE
    _printf_wc                               0x00000000   Number         0  stubs.o ABSOLUTE
    _printf_wctomb                           0x00000000   Number         0  stubs.o ABSOLUTE
    _printf_widthprec                        0x00000000   Number         0  stubs.o ABSOLUTE
    _printf_x                                0x00000000   Number         0  stubs.o ABSOLUTE
    __arm_fini_                               - Undefined Weak Reference
    __cpp_initialize__aeabi_                  - Undefined Weak Reference
    __cxa_finalize                            - Undefined Weak Reference
    __decompress                              - Undefined Weak Reference
    _clock_init                               - Undefined Weak Reference
    _microlib_exit                            - Undefined Weak Reference
    __Vectors_End                            0x000000c0   Data           0  startup_mkl46z4.o(RESET)
    __Vectors_Size                           0x000000c0   Number         0  startup_mkl46z4.o ABSOLUTE
    __main                                   0x00000411   Thumb Code     0  entry.o(.ARM.Collect$$$$00000000)
    _main_stk                                0x00000411   Thumb Code     0  entry4.o(.ARM.Collect$$$$00000003)
    _main_scatterload                        0x00000415   Thumb Code     0  entry5.o(.ARM.Collect$$$$00000004)
    __main_after_scatterload                 0x00000419   Thumb Code     0  entry5.o(.ARM.Collect$$$$00000004)
    _main_clock                              0x00000419   Thumb Code     0  entry7b.o(.ARM.Collect$$$$00000008)
    _main_cpp_init                           0x00000419   Thumb Code     0  entry8b.o(.ARM.Collect$$$$0000000A)
    _main_init                               0x00000419   Thumb Code     0  entry9a.o(.ARM.Collect$$$$0000000B)
    __rt_lib_shutdown_fini                   0x00000421   Thumb Code     0  entry12b.o(.ARM.Collect$$$$0000000E)
    __rt_final_cpp                           0x00000425   Thumb Code     0  entry10a.o(.ARM.Collect$$$$0000000F)
    __rt_final_exit                          0x00000425   Thumb Code     0  entry11a.o(.ARM.Collect$$$$00000011)
    Reset_Handler                            0x00000429   Thumb Code    24  startup_mkl46z4.o(.text)
    NMI_Handler                              0x00000441   Thumb Code     2  startup_mkl46z4.o(.text)
    HardFault_Handler                        0x00000443   Thumb Code     2  startup_mkl46z4.o(.text)
    SVC_Handler                              0x00000445   Thumb Code     2  startup_mkl46z4.o(.text)
    PendSV_Handler                           0x00000447   Thumb Code     2  startup_mkl46z4.o(.text)
    DMA0_IRQHandler                          0x0000044b   Thumb Code     4  startup_mkl46z4.o(.text)
    DMA1_IRQHandler                          0x0000044f   Thumb Code     4  startup_mkl46z4.o(.text)
    DMA2_IRQHandler                          0x00000453   Thumb Code     4  startup_mkl46z4.o(.text)
    DMA3_IRQHandler                          0x00000457   Thumb Code     4  startup_mkl46z4.o(.text)
    I2C0_IRQHandler                          0x0000045b   Thumb Code     4  startup_mkl46z4.o(.text)
    I2C1_IRQHandler                          0x0000045f   Thumb Code     4  startup_mkl46z4.o(.text)
    SPI0_IRQHandler                          0x00000463   Thumb Code     4  startup_mkl46z4.o(.text)
    SPI1_IRQHandler                          0x00000467   Thumb Code     4  startup_mkl46z4.o(.text)
    UART0_IRQHandler                         0x0000046b   Thumb Code     4  startup_mkl46z4.o(.text)
    UART1_IRQHandler                         0x0000046f   Thumb Code     4  startup_mkl46z4.o(.text)
    UART2_IRQHandler                         0x00000473   Thumb Code     4  startup_mkl46z4.o(.text)
    I2S0_IRQHandler                          0x00000477   Thumb Code     4  startup_mkl46z4.o(.text)
    ADC0_IRQHandler                          0x0000047b   Thumb Code     0  startup_mkl46z4.o(.text)
    CMP0_IRQHandler                          0x0000047b   Thumb Code     0  startup_mkl46z4.o(.text)
    DAC0_IRQHandler                          0x0000047b   Thumb Code     0  startup_mkl46z4.o(.text)
    DMA0_DriverIRQHandler                    0x0000047b   Thumb Code     0  startup_mkl46z4.o(.text)
    DMA1_DriverIRQHandler                    0x0000047b   Thumb Code     0  startup_mkl46z4.o(.text)
    DMA2_DriverIRQHandler                    0x0000047b   Thumb Code     0  startup_mkl46z4.o(.text)
    DMA3_DriverIRQHandler                    0x0000047b   Thumb Code     0  startup_mkl46z4.o(.text)
    DefaultISR                               0x0000047b   Thumb Code     0  startup_mkl46z4.o(.text)
    FTFA_IRQHandler                          0x0000047b   Thumb Code     0  startup_mkl46z4.o(.text)
    I2S0_DriverIRQHandler                    0x0000047b   Thumb Code     0  startup_mkl46z4.o(.text)
    LCD_IRQHandler                           0x0000047b   Thumb Code     0  startup_mkl46z4.o(.text)
    LLWU_IRQHandler                          0x0000047b   Thumb Code     0  startup_mkl46z4.o(.text)
    LPTMR0_IRQHandler                        0x0000047b   Thumb Code     0  startup_mkl46z4.o(.text)
    LVD_LVW_IRQHandler                       0x0000047b   Thumb Code     0  startup_mkl46z4.o(.text)
    MCG_IRQHandler                           0x0000047b   Thumb Code     0  startup_mkl46z4.o(.text)
    PIT_IRQHandler                           0x0000047b   Thumb Code     0  startup_mkl46z4.o(.text)
    PORTA_IRQHandler                         0x0000047b   Thumb Code     0  startup_mkl46z4.o(.text)
    RTC_IRQHandler                           0x0000047b   Thumb Code     0  startup_mkl46z4.o(.text)
    RTC_Seconds_IRQHandler                   0x0000047b   Thumb Code     0  startup_mkl46z4.o(.text)
    Reserved20_IRQHandler                    0x0000047b   Thumb Code     0  startup_mkl46z4.o(.text)
    SPI0_DriverIRQHandler                    0x0000047b   Thumb Code     0  startup_mkl46z4.o(.text)
    SPI1_DriverIRQHandler                    0x0000047b   Thumb Code     0  startup_mkl46z4.o(.text)
    TPM0_IRQHandler                          0x0000047b   Thumb Code     0  startup_mkl46z4.o(.text)
    TPM1_IRQHandler                          0x0000047b   Thumb Code     0  startup_mkl46z4.o(.text)
    TPM2_IRQHandler                          0x0000047b   Thumb Code     0  startup_mkl46z4.o(.text)
    TSI0_IRQHandler                          0x0000047b   Thumb Code     0  startup_mkl46z4.o(.text)
    USB0_IRQHandler                          0x0000047b   Thumb Code     0  startup_mkl46z4.o(.text)
    __aeabi_uidiv                            0x000004c5   Thumb Code     0  uidiv.o(.text)
    __aeabi_uidivmod                         0x000004c5   Thumb Code    44  uidiv.o(.text)
    __aeabi_uldivmod                         0x000004f1   Thumb Code    96  uldiv.o(.text)
    __aeabi_ldivmod                          0x00000551   Thumb Code    76  ldiv.o(.text)
    __aeabi_lmul                             0x0000059d   Thumb Code   122  llmul.o(.text)
    _ll_mul                                  0x0000059d   Thumb Code     0  llmul.o(.text)
    __aeabi_memset                           0x00000617   Thumb Code    14  memseta.o(.text)
    __aeabi_memset4                          0x00000617   Thumb Code     0  memseta.o(.text)
    __aeabi_memset8                          0x00000617   Thumb Code     0  memseta.o(.text)
    __aeabi_memclr                           0x00000625   Thumb Code     4  memseta.o(.text)
    __aeabi_memclr4                          0x00000625   Thumb Code     0  memseta.o(.text)
    __aeabi_memclr8                          0x00000625   Thumb Code     0  memseta.o(.text)
    _memset$wrapper                          0x00000629   Thumb Code    18  memseta.o(.text)
    strlen                                   0x0000063b   Thumb Code    14  strlen.o(.text)
    __aeabi_fmul                             0x00000649   Thumb Code   122  fmul.o(.text)
    __aeabi_fdiv                             0x000006c3   Thumb Code   124  fdiv.o(.text)
    __aeabi_dmul                             0x00000741   Thumb Code   202  dmul.o(.text)
    __aeabi_ddiv                             0x00000811   Thumb Code   234  ddiv.o(.text)
    __aeabi_i2f                              0x00000901   Thumb Code    22  fflti.o(.text)
    __aeabi_d2iz                             0x00000919   Thumb Code    62  dfixi.o(.text)
    __aeabi_f2d                              0x00000961   Thumb Code    40  f2d.o(.text)
    __aeabi_llsl                             0x00000989   Thumb Code    32  llshl.o(.text)
    _ll_shift_l                              0x00000989   Thumb Code     0  llshl.o(.text)
    __aeabi_llsr                             0x000009a9   Thumb Code    34  llushr.o(.text)
    _ll_ushift_r                             0x000009a9   Thumb Code     0  llushr.o(.text)
    __I$use$fp                               0x000009cb   Thumb Code     0  iusefp.o(.text)
    _float_round                             0x000009cb   Thumb Code    16  fepilogue.o(.text)
    _float_epilogue                          0x000009db   Thumb Code   114  fepilogue.o(.text)
    __aeabi_fadd                             0x00000a4d   Thumb Code   162  fadd.o(.text)
    __aeabi_fsub                             0x00000aef   Thumb Code     8  fadd.o(.text)
    __aeabi_frsub                            0x00000af7   Thumb Code     8  fadd.o(.text)
    _double_round                            0x00000aff   Thumb Code    26  depilogue.o(.text)
    _double_epilogue                         0x00000b19   Thumb Code   164  depilogue.o(.text)
    __scatterload                            0x00000bbd   Thumb Code    28  init.o(.text)
    __scatterload_rt2                        0x00000bbd   Thumb Code     0  init.o(.text)
    __ARM_scalbnf                            0x00000be1   Thumb Code    24  fscalb.o(.text)
    scalbnf                                  0x00000be1   Thumb Code     0  fscalb.o(.text)
    BOARD_BootClockRUN                       0x00000bf9   Thumb Code    74  clock_config.o(i.BOARD_BootClockRUN)
    BOARD_I2C_ConfigurePins                  0x00000c65   Thumb Code    44  pin_mux.o(i.BOARD_I2C_ConfigurePins)
    BOARD_InitDebugConsole                   0x00000c9d   Thumb Code    52  board.o(i.BOARD_InitDebugConsole)
    BOARD_InitPins                           0x00000cd9   Thumb Code    42  pin_mux.o(i.BOARD_InitPins)
    CLOCK_BootToPeeMode                      0x00000d11   Thumb Code    70  fsl_clock.o(i.CLOCK_BootToPeeMode)
    CLOCK_EnablePll0                         0x00000db9   Thumb Code    86  fsl_clock.o(i.CLOCK_EnablePll0)
    CLOCK_GetEr32kClkFreq                    0x00000e21   Thumb Code    92  fsl_clock.o(i.CLOCK_GetEr32kClkFreq)
    CLOCK_GetFixedFreqClkFreq                0x00000e99   Thumb Code    30  fsl_clock.o(i.CLOCK_GetFixedFreqClkFreq)
    CLOCK_GetFllFreq                         0x00000f2d   Thumb Code    78  fsl_clock.o(i.CLOCK_GetFllFreq)
    CLOCK_GetFreq                            0x00000fa9   Thumb Code   172  fsl_clock.o(i.CLOCK_GetFreq)
    CLOCK_GetInternalRefClkFreq              0x00001059   Thumb Code    22  fsl_clock.o(i.CLOCK_GetInternalRefClkFreq)
    CLOCK_GetOsc0ErClkFreq                   0x000010d5   Thumb Code    46  fsl_clock.o(i.CLOCK_GetOsc0ErClkFreq)
    CLOCK_GetOutClkFreq                      0x00001141   Thumb Code    60  fsl_clock.o(i.CLOCK_GetOutClkFreq)
    CLOCK_GetPll0Freq                        0x00001181   Thumb Code    72  fsl_clock.o(i.CLOCK_GetPll0Freq)
    CLOCK_GetPllFllSelClkFreq                0x000011e9   Thumb Code    52  fsl_clock.o(i.CLOCK_GetPllFllSelClkFreq)
    CLOCK_InitOsc0                           0x00001221   Thumb Code   110  fsl_clock.o(i.CLOCK_InitOsc0)
    CLOCK_SetExternalRefClkConfig            0x00001299   Thumb Code     6  fsl_clock.o(i.CLOCK_SetExternalRefClkConfig)
    CLOCK_SetInternalRefClkConfig            0x000012a1   Thumb Code   166  fsl_clock.o(i.CLOCK_SetInternalRefClkConfig)
    CLOCK_SetPbeMode                         0x0000134d   Thumb Code   126  fsl_clock.o(i.CLOCK_SetPbeMode)
    CLOCK_SetSimConfig                       0x000013dd   Thumb Code    70  fsl_clock.o(i.CLOCK_SetSimConfig)
    DbgConsole_Init                          0x00001589   Thumb Code    40  fsl_debug_console.o(i.DbgConsole_Init)
    DbgConsole_Printf                        0x000015e1   Thumb Code    62  fsl_debug_console.o(i.DbgConsole_Printf)
    Delay                                    0x00001661   Thumb Code    18  ecomprass.o(i.Delay)
    I2C0_DriverIRQHandler                    0x00001679   Thumb Code    14  fsl_i2c.o(i.I2C0_DriverIRQHandler)
    I2C1_DriverIRQHandler                    0x00001691   Thumb Code    14  fsl_i2c.o(i.I2C1_DriverIRQHandler)
    I2C_GetInstance                          0x000016d1   Thumb Code    48  fsl_i2c.o(i.I2C_GetInstance)
    I2C_MasterGetDefaultConfig               0x00001759   Thumb Code    36  fsl_i2c.o(i.I2C_MasterGetDefaultConfig)
    I2C_MasterGetStatusFlags                 0x00001799   Thumb Code    34  fsl_i2c.o(i.I2C_MasterGetStatusFlags)
    I2C_MasterInit                           0x000017bd   Thumb Code   140  fsl_i2c.o(i.I2C_MasterInit)
    I2C_MasterReadBlocking                   0x00001871   Thumb Code   146  fsl_i2c.o(i.I2C_MasterReadBlocking)
    I2C_MasterRepeatedStart                  0x00001905   Thumb Code   104  fsl_i2c.o(i.I2C_MasterRepeatedStart)
    I2C_MasterSetBaudRate                    0x00001971   Thumb Code   136  fsl_i2c.o(i.I2C_MasterSetBaudRate)
    I2C_MasterStart                          0x000019fd   Thumb Code    62  fsl_i2c.o(i.I2C_MasterStart)
    I2C_MasterStop                           0x00001a41   Thumb Code    26  fsl_i2c.o(i.I2C_MasterStop)
    I2C_MasterTransferBlocking               0x00001a5d   Thumb Code   388  fsl_i2c.o(i.I2C_MasterTransferBlocking)
    I2C_MasterWriteBlocking                  0x00001bf5   Thumb Code   162  fsl_i2c.o(i.I2C_MasterWriteBlocking)
    IO_Init                                  0x00001d65   Thumb Code   226  fsl_io.o(i.IO_Init)
    IO_Transfer                              0x00001e5d   Thumb Code   108  fsl_io.o(i.IO_Transfer)
    LOG_Init                                 0x00001ecd   Thumb Code    30  fsl_log.o(i.LOG_Init)
    LOG_Pop                                  0x00001eeb   Thumb Code    42  fsl_log.o(i.LOG_Pop)
    LOG_Push                                 0x00001f15   Thumb Code    34  fsl_log.o(i.LOG_Push)
    LPSCI_ClearStatusFlags                   0x00001f49   Thumb Code    92  fsl_lpsci.o(i.LPSCI_ClearStatusFlags)
    LPSCI_GetDefaultConfig                   0x00001fa9   Thumb Code    42  fsl_lpsci.o(i.LPSCI_GetDefaultConfig)
    LPSCI_GetInstance                        0x00001fe1   Thumb Code    48  fsl_lpsci.o(i.LPSCI_GetInstance)
    LPSCI_GetStatusFlags                     0x0000203d   Thumb Code    14  fsl_lpsci.o(i.LPSCI_GetStatusFlags)
    LPSCI_Init                               0x0000204d   Thumb Code   384  fsl_lpsci.o(i.LPSCI_Init)
    LPSCI_ReadBlocking                       0x000021fd   Thumb Code   152  fsl_lpsci.o(i.LPSCI_ReadBlocking)
    LPSCI_WriteBlocking                      0x000022a5   Thumb Code    54  fsl_lpsci.o(i.LPSCI_WriteBlocking)
    PORTC_PORTD_IRQHandler                   0x000022ed   Thumb Code    98  ecomprass.o(i.PORTC_PORTD_IRQHandler)
    SLCD_EnablePins                          0x000023ad   Thumb Code   132  slcd.o(i.SLCD_EnablePins)
    SLCD_Init                                0x0000243d   Thumb Code    76  slcd.o(i.SLCD_Init)
    SLCD_WriteChar                           0x000024a1   Thumb Code   112  slcd.o(i.SLCD_WriteChar)
    SLCD_WriteMsg                            0x00002521   Thumb Code    60  slcd.o(i.SLCD_WriteMsg)
    StrFormatPrintf                          0x00002561   Thumb Code  1456  fsl_str.o(i.StrFormatPrintf)
    SysTick_Handler                          0x00002b11   Thumb Code    12  ecomprass.o(i.SysTick_Handler)
    SystemInit                               0x00002b21   Thumb Code    14  system_mkl46z4.o(i.SystemInit)
    SystemInitHook                           0x00002b35   Thumb Code     2  system_mkl46z4.o(i.SystemInitHook)
    UART0_DriverIRQHandler                   0x00002b39   Thumb Code    16  fsl_lpsci.o(i.UART0_DriverIRQHandler)
    UART1_DriverIRQHandler                   0x00002b55   Thumb Code    16  fsl_uart.o(i.UART1_DriverIRQHandler)
    UART2_DriverIRQHandler                   0x00002b71   Thumb Code    16  fsl_uart.o(i.UART2_DriverIRQHandler)
    UART_GetDefaultConfig                    0x00002b8d   Thumb Code    42  fsl_uart.o(i.UART_GetDefaultConfig)
    UART_GetInstance                         0x00002bc5   Thumb Code    50  fsl_uart.o(i.UART_GetInstance)
    UART_GetStatusFlags                      0x00002c1d   Thumb Code    14  fsl_uart.o(i.UART_GetStatusFlags)
    UART_Init                                0x00002c2d   Thumb Code   284  fsl_uart.o(i.UART_Init)
    UART_ReadBlocking                        0x00002d79   Thumb Code   118  fsl_uart.o(i.UART_ReadBlocking)
    UART_WriteBlocking                       0x00002e05   Thumb Code    32  fsl_uart.o(i.UART_WriteBlocking)
    __0sprintf$1                             0x00002e25   Thumb Code    36  printf1.o(i.__0sprintf$1)
    __1sprintf$1                             0x00002e25   Thumb Code     0  printf1.o(i.__0sprintf$1)
    __2sprintf                               0x00002e25   Thumb Code     0  printf1.o(i.__0sprintf$1)
    __ARM_clz                                0x00002e4d   Thumb Code    46  depilogue.o(i.__ARM_clz)
    __ARM_common_switch8                     0x00002e7b   Thumb Code    28  fsl_clock.o(i.__ARM_common_switch8)
    __ARM_fpclassifyf                        0x00002e97   Thumb Code    34  fpclassifyf.o(i.__ARM_fpclassifyf)
    __aeabi_assert                           0x00002eb9   Thumb Code    24  fsl_assert.o(i.__aeabi_assert)
    __mathlib_flt_infnan2                    0x00002efd   Thumb Code     8  funder.o(i.__mathlib_flt_infnan2)
    __mathlib_flt_underflow                  0x00002f05   Thumb Code    14  funder.o(i.__mathlib_flt_underflow)
    __scatterload_copy                       0x00002f13   Thumb Code    14  handlers.o(i.__scatterload_copy)
    __scatterload_null                       0x00002f21   Thumb Code     2  handlers.o(i.__scatterload_null)
    __scatterload_zeroinit                   0x00002f23   Thumb Code    14  handlers.o(i.__scatterload_zeroinit)
    __set_errno                              0x00002f31   Thumb Code     6  errno.o(i.__set_errno)
    atan2f                                   0x00003099   Thumb Code   592  atan2f.o(i.atan2f)
    blinkLedGreen                            0x00003335   Thumb Code    34  ecomprass.o(i.blinkLedGreen)
    blinkLedRed                              0x0000335d   Thumb Code    34  ecomprass.o(i.blinkLedRed)
    calculateHeading                         0x00003385   Thumb Code   198  ecomprass.o(i.calculateHeading)
    calibration                              0x00003459   Thumb Code   188  ecomprass.o(i.calibration)
    displayHeading                           0x00003529   Thumb Code    26  ecomprass.o(i.displayHeading)
    initLed                                  0x00003549   Thumb Code    56  ecomprass.o(i.initLed)
    initSwitch                               0x00003591   Thumb Code   132  ecomprass.o(i.initSwitch)
    init_SysTick_interrupt                   0x00003629   Thumb Code    30  ecomprass.o(i.init_SysTick_interrupt)
    init_i2c                                 0x00003651   Thumb Code    32  ecomprass.o(i.init_i2c)
    main                                     0x00003679   Thumb Code   238  ecomprass.o(i.main)
    MASK_BIT                                 0x0000377c   Data         128  slcd.o(.constdata)
    WF_ORDERING_TABLE                        0x000037fc   Data          12  slcd.o(.constdata)
    ASCII_TO_WF_CODIFICATION_TABLE           0x00003808   Data          98  slcd.o(.constdata)
    mcgConfig_BOARD_BootClockRUN             0x0000386c   Data          10  clock_config.o(.constdata)
    simConfig_BOARD_BootClockRUN             0x00003878   Data           8  clock_config.o(.constdata)
    oscConfig_BOARD_BootClockRUN             0x00003880   Data           8  clock_config.o(.constdata)
    mcgConfig_BOARD_BootClockVLPR            0x00003888   Data          10  clock_config.o(.constdata)
    simConfig_BOARD_BootClockVLPR            0x00003894   Data           8  clock_config.o(.constdata)
    oscConfig_BOARD_BootClockVLPR            0x0000389c   Data           8  clock_config.o(.constdata)
    s_i2cBases                               0x0000390c   Data           8  fsl_i2c.o(.constdata)
    Region$$Table$$Base                      0x00003c70   Number         0  anon$$obj.o(Region$$Table)
    Region$$Table$$Limit                     0x00003c90   Number         0  anon$$obj.o(Region$$Table)
    g_mag_addr_found                         0x1fffe000   Data           1  ecomprass.o(.data)
    completionFlag                           0x1fffe001   Data           1  ecomprass.o(.data)
    nakFlag                                  0x1fffe002   Data           1  ecomprass.o(.data)
    heading                                  0x1fffe004   Data           2  ecomprass.o(.data)
    state                                    0x1fffe006   Data           1  ecomprass.o(.data)
    set                                      0x1fffe007   Data           1  ecomprass.o(.data)
    msTicks                                  0x1fffe008   Data           4  ecomprass.o(.data)
    bLCD_CharPosition                        0x1fffe00c   Data           1  slcd.o(.data)
    g_xtal0Freq                              0x1fffe018   Data           4  fsl_clock.o(.data)
    g_xtal32Freq                             0x1fffe01c   Data           4  fsl_clock.o(.data)
    SystemCoreClock                          0x1fffe044   Data           4  system_mkl46z4.o(.data)
    Image$$ARM_LIB_HEAP$$ZI$$Base            0x1fffe058   Number         0  anon$$obj.o ABSOLUTE
    Image$$ARM_LIB_HEAP$$ZI$$Limit           0x1fffe458   Number         0  anon$$obj.o ABSOLUTE
    Image$$ARM_LIB_STACK$$ZI$$Limit          0x20006000   Number         0  anon$$obj.o ABSOLUTE



==============================================================================

Memory Map of the image

  Image Entry point : 0x00000411

  Load Region LR_m_text (Base: 0x00000000, Size: 0x00003cdc, Max: 0x00040000, ABSOLUTE)

    Execution Region VECTOR_ROM (Exec base: 0x00000000, Load base: 0x00000000, Size: 0x000000c0, Max: 0x00000200, ABSOLUTE)

    Exec Addr    Load Addr    Size         Type   Attr      Idx    E Section Name        Object

    0x00000000   0x00000000   0x000000c0   Data   RO         2321    RESET               startup_mkl46z4.o


    Execution Region ER_m_flash_config (Exec base: 0x00000400, Load base: 0x00000400, Size: 0x00000010, Max: 0x00000010, ABSOLUTE, FIXED)

    Exec Addr    Load Addr    Size         Type   Attr      Idx    E Section Name        Object

    0x00000400   0x00000400   0x00000010   Data   RO         2322    FlashConfig         startup_mkl46z4.o


    Execution Region ER_m_text (Exec base: 0x00000410, Load base: 0x00000410, Size: 0x00003880, Max: 0x0003fbf0, ABSOLUTE)

    Exec Addr    Load Addr    Size         Type   Attr      Idx    E Section Name        Object

    0x00000410   0x00000410   0x00000000   Code   RO         2385  * .ARM.Collect$$$$00000000  mc_p.l(entry.o)
    0x00000410   0x00000410   0x00000004   Code   RO         2723    .ARM.Collect$$$$00000003  mc_p.l(entry4.o)
    0x00000414   0x00000414   0x00000004   Code   RO         2726    .ARM.Collect$$$$00000004  mc_p.l(entry5.o)
    0x00000418   0x00000418   0x00000000   Code   RO         2728    .ARM.Collect$$$$00000008  mc_p.l(entry7b.o)
    0x00000418   0x00000418   0x00000000   Code   RO         2730    .ARM.Collect$$$$0000000A  mc_p.l(entry8b.o)
    0x00000418   0x00000418   0x00000008   Code   RO         2731    .ARM.Collect$$$$0000000B  mc_p.l(entry9a.o)
    0x00000420   0x00000420   0x00000004   Code   RO         2738    .ARM.Collect$$$$0000000E  mc_p.l(entry12b.o)
    0x00000424   0x00000424   0x00000000   Code   RO         2733    .ARM.Collect$$$$0000000F  mc_p.l(entry10a.o)
    0x00000424   0x00000424   0x00000000   Code   RO         2735    .ARM.Collect$$$$00000011  mc_p.l(entry11a.o)
    0x00000424   0x00000424   0x00000004   Code   RO         2724    .ARM.Collect$$$$00002714  mc_p.l(entry4.o)
    0x00000428   0x00000428   0x0000009c   Code   RO         2323    .text               startup_mkl46z4.o
    0x000004c4   0x000004c4   0x0000002c   Code   RO         2388    .text               mc_p.l(uidiv.o)
    0x000004f0   0x000004f0   0x00000060   Code   RO         2390    .text               mc_p.l(uldiv.o)
    0x00000550   0x00000550   0x0000004c   Code   RO         2392    .text               mc_p.l(ldiv.o)
    0x0000059c   0x0000059c   0x0000007a   Code   RO         2394    .text               mc_p.l(llmul.o)
    0x00000616   0x00000616   0x00000024   Code   RO         2398    .text               mc_p.l(memseta.o)
    0x0000063a   0x0000063a   0x0000000e   Code   RO         2400    .text               mc_p.l(strlen.o)
    0x00000648   0x00000648   0x0000007a   Code   RO         2693    .text               mf_p.l(fmul.o)
    0x000006c2   0x000006c2   0x0000007c   Code   RO         2695    .text               mf_p.l(fdiv.o)
    0x0000073e   0x0000073e   0x00000002   PAD
    0x00000740   0x00000740   0x000000d0   Code   RO         2697    .text               mf_p.l(dmul.o)
    0x00000810   0x00000810   0x000000f0   Code   RO         2699    .text               mf_p.l(ddiv.o)
    0x00000900   0x00000900   0x00000016   Code   RO         2701    .text               mf_p.l(fflti.o)
    0x00000916   0x00000916   0x00000002   PAD
    0x00000918   0x00000918   0x00000048   Code   RO         2703    .text               mf_p.l(dfixi.o)
    0x00000960   0x00000960   0x00000028   Code   RO         2705    .text               mf_p.l(f2d.o)
    0x00000988   0x00000988   0x00000020   Code   RO         2739    .text               mc_p.l(llshl.o)
    0x000009a8   0x000009a8   0x00000022   Code   RO         2741    .text               mc_p.l(llushr.o)
    0x000009ca   0x000009ca   0x00000000   Code   RO         2752    .text               mc_p.l(iusefp.o)
    0x000009ca   0x000009ca   0x00000082   Code   RO         2753    .text               mf_p.l(fepilogue.o)
    0x00000a4c   0x00000a4c   0x000000b2   Code   RO         2755    .text               mf_p.l(fadd.o)
    0x00000afe   0x00000afe   0x000000be   Code   RO         2757    .text               mf_p.l(depilogue.o)
    0x00000bbc   0x00000bbc   0x00000024   Code   RO         2767    .text               mc_p.l(init.o)
    0x00000be0   0x00000be0   0x00000018   Code   RO         2771    .text               mf_p.l(fscalb.o)
    0x00000bf8   0x00000bf8   0x0000006c   Code   RO          277    i.BOARD_BootClockRUN  clock_config.o
    0x00000c64   0x00000c64   0x00000038   Code   RO          440    i.BOARD_I2C_ConfigurePins  pin_mux.o
    0x00000c9c   0x00000c9c   0x0000003c   Code   RO          243    i.BOARD_InitDebugConsole  board.o
    0x00000cd8   0x00000cd8   0x00000038   Code   RO          441    i.BOARD_InitPins    pin_mux.o
    0x00000d10   0x00000d10   0x0000005c   Code   RO          497    i.CLOCK_BootToPeeMode  fsl_clock.o
    0x00000d6c   0x00000d6c   0x0000001c   Code   RO          279    i.CLOCK_CONFIG_SetFllExtRefDiv  clock_config.o
    0x00000d88   0x00000d88   0x00000018   Code   RO          442    i.CLOCK_EnableClock  pin_mux.o
    0x00000da0   0x00000da0   0x00000018   Code   RO         1269    i.CLOCK_EnableClock  fsl_i2c.o
    0x00000db8   0x00000db8   0x00000068   Code   RO          501    i.CLOCK_EnablePll0  fsl_clock.o
    0x00000e20   0x00000e20   0x00000078   Code   RO          507    i.CLOCK_GetEr32kClkFreq  fsl_clock.o
    0x00000e98   0x00000e98   0x0000001e   Code   RO          508    i.CLOCK_GetFixedFreqClkFreq  fsl_clock.o
    0x00000eb6   0x00000eb6   0x00000002   PAD
    0x00000eb8   0x00000eb8   0x00000074   Code   RO          510    i.CLOCK_GetFllExtRefClkFreq  fsl_clock.o
    0x00000f2c   0x00000f2c   0x00000058   Code   RO          511    i.CLOCK_GetFllFreq  fsl_clock.o
    0x00000f84   0x00000f84   0x00000024   Code   RO          512    i.CLOCK_GetFllRefClkFreq  fsl_clock.o
    0x00000fa8   0x00000fa8   0x000000b0   Code   RO          513    i.CLOCK_GetFreq     fsl_clock.o
    0x00001058   0x00001058   0x0000001c   Code   RO          514    i.CLOCK_GetInternalRefClkFreq  fsl_clock.o
    0x00001074   0x00001074   0x00000030   Code   RO          515    i.CLOCK_GetInternalRefClkSelectFreq  fsl_clock.o
    0x000010a4   0x000010a4   0x00000030   Code   RO          516    i.CLOCK_GetMcgExtClkFreq  fsl_clock.o
    0x000010d4   0x000010d4   0x00000048   Code   RO          518    i.CLOCK_GetOsc0ErClkFreq  fsl_clock.o
    0x0000111c   0x0000111c   0x00000024   Code   RO          519    i.CLOCK_GetOscRangeFromFreq  fsl_clock.o
    0x00001140   0x00001140   0x00000040   Code   RO          520    i.CLOCK_GetOutClkFreq  fsl_clock.o
    0x00001180   0x00001180   0x00000060   Code   RO          522    i.CLOCK_GetPll0Freq  fsl_clock.o
    0x000011e0   0x000011e0   0x00000008   Code   RO          523    i.CLOCK_GetPll0RefFreq  fsl_clock.o
    0x000011e8   0x000011e8   0x00000038   Code   RO          524    i.CLOCK_GetPllFllSelClkFreq  fsl_clock.o
    0x00001220   0x00001220   0x00000078   Code   RO          526    i.CLOCK_InitOsc0    fsl_clock.o
    0x00001298   0x00001298   0x00000006   Code   RO          530    i.CLOCK_SetExternalRefClkConfig  fsl_clock.o
    0x0000129e   0x0000129e   0x00000002   PAD
    0x000012a0   0x000012a0   0x000000ac   Code   RO          535    i.CLOCK_SetInternalRefClkConfig  fsl_clock.o
    0x0000134c   0x0000134c   0x00000090   Code   RO          538    i.CLOCK_SetPbeMode  fsl_clock.o
    0x000013dc   0x000013dc   0x00000050   Code   RO          541    i.CLOCK_SetSimConfig  fsl_clock.o
    0x0000142c   0x0000142c   0x0000015c   Code   RO         2284    i.ConvertRadixNumToString  fsl_str.o
    0x00001588   0x00001588   0x00000058   Code   RO         2067    i.DbgConsole_Init   fsl_debug_console.o
    0x000015e0   0x000015e0   0x00000044   Code   RO         2068    i.DbgConsole_Printf  fsl_debug_console.o
    0x00001624   0x00001624   0x0000003a   Code   RO         2070    i.DbgConsole_RelocateLog  fsl_debug_console.o
    0x0000165e   0x0000165e   0x00000002   PAD
    0x00001660   0x00001660   0x00000018   Code   RO            5    i.Delay             ecomprass.o
    0x00001678   0x00001678   0x00000018   Code   RO         1271    i.I2C0_DriverIRQHandler  fsl_i2c.o
    0x00001690   0x00001690   0x00000018   Code   RO         1272    i.I2C1_DriverIRQHandler  fsl_i2c.o
    0x000016a8   0x000016a8   0x00000028   Code   RO         1273    i.I2C_CheckAndClearError  fsl_i2c.o
    0x000016d0   0x000016d0   0x0000005c   Code   RO         1277    i.I2C_GetInstance   fsl_i2c.o
    0x0000172c   0x0000172c   0x0000002c   Code   RO         1279    i.I2C_MasterClearStatusFlags  fsl_i2c.o
    0x00001758   0x00001758   0x00000040   Code   RO         1281    i.I2C_MasterGetDefaultConfig  fsl_i2c.o
    0x00001798   0x00001798   0x00000022   Code   RO         1282    i.I2C_MasterGetStatusFlags  fsl_i2c.o
    0x000017ba   0x000017ba   0x00000002   PAD
    0x000017bc   0x000017bc   0x000000b4   Code   RO         1283    i.I2C_MasterInit    fsl_i2c.o
    0x00001870   0x00001870   0x00000092   Code   RO         1284    i.I2C_MasterReadBlocking  fsl_i2c.o
    0x00001902   0x00001902   0x00000002   PAD
    0x00001904   0x00001904   0x0000006c   Code   RO         1285    i.I2C_MasterRepeatedStart  fsl_i2c.o
    0x00001970   0x00001970   0x0000008c   Code   RO         1286    i.I2C_MasterSetBaudRate  fsl_i2c.o
    0x000019fc   0x000019fc   0x00000044   Code   RO         1287    i.I2C_MasterStart   fsl_i2c.o
    0x00001a40   0x00001a40   0x0000001a   Code   RO         1288    i.I2C_MasterStop    fsl_i2c.o
    0x00001a5a   0x00001a5a   0x00000002   PAD
    0x00001a5c   0x00001a5c   0x00000198   Code   RO         1290    i.I2C_MasterTransferBlocking  fsl_i2c.o
    0x00001bf4   0x00001bf4   0x000000a8   Code   RO         1296    i.I2C_MasterWriteBlocking  fsl_i2c.o
    0x00001c9c   0x00001c9c   0x00000042   Code   RO            6    i.I2C_ReadMagRegs   ecomprass.o
    0x00001cde   0x00001cde   0x00000002   PAD
    0x00001ce0   0x00001ce0   0x00000040   Code   RO         1308    i.I2C_TransferCommonIRQHandler  fsl_i2c.o
    0x00001d20   0x00001d20   0x00000044   Code   RO            7    i.I2C_WriteMagReg   ecomprass.o
    0x00001d64   0x00001d64   0x000000f8   Code   RO         2164    i.IO_Init           fsl_io.o
    0x00001e5c   0x00001e5c   0x00000070   Code   RO         2165    i.IO_Transfer       fsl_io.o
    0x00001ecc   0x00001ecc   0x0000001e   Code   RO         2217    i.LOG_Init          fsl_log.o
    0x00001eea   0x00001eea   0x0000002a   Code   RO         2218    i.LOG_Pop           fsl_log.o
    0x00001f14   0x00001f14   0x00000034   Code   RO         2219    i.LOG_Push          fsl_log.o
    0x00001f48   0x00001f48   0x00000060   Code   RO         1536    i.LPSCI_ClearStatusFlags  fsl_lpsci.o
    0x00001fa8   0x00001fa8   0x00000038   Code   RO         1540    i.LPSCI_GetDefaultConfig  fsl_lpsci.o
    0x00001fe0   0x00001fe0   0x0000005c   Code   RO         1542    i.LPSCI_GetInstance  fsl_lpsci.o
    0x0000203c   0x0000203c   0x0000000e   Code   RO         1543    i.LPSCI_GetStatusFlags  fsl_lpsci.o
    0x0000204a   0x0000204a   0x00000002   PAD
    0x0000204c   0x0000204c   0x000001b0   Code   RO         1544    i.LPSCI_Init        fsl_lpsci.o
    0x000021fc   0x000021fc   0x000000a8   Code   RO         1545    i.LPSCI_ReadBlocking  fsl_lpsci.o
    0x000022a4   0x000022a4   0x00000048   Code   RO         1561    i.LPSCI_WriteBlocking  fsl_lpsci.o
    0x000022ec   0x000022ec   0x00000074   Code   RO            8    i.PORTC_PORTD_IRQHandler  ecomprass.o
    0x00002360   0x00002360   0x00000030   Code   RO          443    i.PORT_SetPinConfig  pin_mux.o
    0x00002390   0x00002390   0x0000001c   Code   RO          444    i.PORT_SetPinMux    pin_mux.o
    0x000023ac   0x000023ac   0x00000090   Code   RO          195    i.SLCD_EnablePins   slcd.o
    0x0000243c   0x0000243c   0x00000064   Code   RO          196    i.SLCD_Init         slcd.o
    0x000024a0   0x000024a0   0x00000080   Code   RO          197    i.SLCD_WriteChar    slcd.o
    0x00002520   0x00002520   0x00000040   Code   RO          198    i.SLCD_WriteMsg     slcd.o
    0x00002560   0x00002560   0x000005b0   Code   RO         2286    i.StrFormatPrintf   fsl_str.o
    0x00002b10   0x00002b10   0x00000010   Code   RO            9    i.SysTick_Handler   ecomprass.o
    0x00002b20   0x00002b20   0x00000014   Code   RO         2330    i.SystemInit        system_mkl46z4.o
    0x00002b34   0x00002b34   0x00000002   Code   RO         2331    i.SystemInitHook    system_mkl46z4.o
    0x00002b36   0x00002b36   0x00000002   PAD
    0x00002b38   0x00002b38   0x0000001c   Code   RO         1563    i.UART0_DriverIRQHandler  fsl_lpsci.o
    0x00002b54   0x00002b54   0x0000001c   Code   RO         1836    i.UART1_DriverIRQHandler  fsl_uart.o
    0x00002b70   0x00002b70   0x0000001c   Code   RO         1838    i.UART2_DriverIRQHandler  fsl_uart.o
    0x00002b8c   0x00002b8c   0x00000038   Code   RO         1844    i.UART_GetDefaultConfig  fsl_uart.o
    0x00002bc4   0x00002bc4   0x00000058   Code   RO         1846    i.UART_GetInstance  fsl_uart.o
    0x00002c1c   0x00002c1c   0x0000000e   Code   RO         1847    i.UART_GetStatusFlags  fsl_uart.o
    0x00002c2a   0x00002c2a   0x00000002   PAD
    0x00002c2c   0x00002c2c   0x0000014c   Code   RO         1848    i.UART_Init         fsl_uart.o
    0x00002d78   0x00002d78   0x0000008c   Code   RO         1849    i.UART_ReadBlocking  fsl_uart.o
    0x00002e04   0x00002e04   0x00000020   Code   RO         1865    i.UART_WriteBlocking  fsl_uart.o
    0x00002e24   0x00002e24   0x00000028   Code   RO         2451    i.__0sprintf$1      mc_p.l(printf1.o)
    0x00002e4c   0x00002e4c   0x0000002e   Code   RO         2759    i.__ARM_clz         mf_p.l(depilogue.o)
    0x00002e7a   0x00002e7a   0x0000001c   Code   RO          800    i.__ARM_common_switch8  fsl_clock.o
    0x00002e96   0x00002e96   0x00000022   Code   RO         2707    i.__ARM_fpclassifyf  m_ps.l(fpclassifyf.o)
    0x00002eb8   0x00002eb8   0x00000044   Code   RO         2041    i.__aeabi_assert    fsl_assert.o
    0x00002efc   0x00002efc   0x00000008   Code   RO         2711    i.__mathlib_flt_infnan2  m_ps.l(funder.o)
    0x00002f04   0x00002f04   0x0000000e   Code   RO         2715    i.__mathlib_flt_underflow  m_ps.l(funder.o)
    0x00002f12   0x00002f12   0x0000000e   Code   RO         2775    i.__scatterload_copy  mc_p.l(handlers.o)
    0x00002f20   0x00002f20   0x00000002   Code   RO         2776    i.__scatterload_null  mc_p.l(handlers.o)
    0x00002f22   0x00002f22   0x0000000e   Code   RO         2777    i.__scatterload_zeroinit  mc_p.l(handlers.o)
    0x00002f30   0x00002f30   0x0000000c   Code   RO         2747    i.__set_errno       mc_p.l(errno.o)
    0x00002f3c   0x00002f3c   0x00000150   Code   RO         2456    i._printf_core      mc_p.l(printf1.o)
    0x0000308c   0x0000308c   0x0000000a   Code   RO         2458    i._sputc            mc_p.l(printf1.o)
    0x00003096   0x00003096   0x00000002   PAD
    0x00003098   0x00003098   0x0000029c   Code   RO         2378    i.atan2f            m_ps.l(atan2f.o)
    0x00003334   0x00003334   0x00000028   Code   RO           10    i.blinkLedGreen     ecomprass.o
    0x0000335c   0x0000335c   0x00000028   Code   RO           11    i.blinkLedRed       ecomprass.o
    0x00003384   0x00003384   0x000000d4   Code   RO           12    i.calculateHeading  ecomprass.o
    0x00003458   0x00003458   0x000000d0   Code   RO           13    i.calibration       ecomprass.o
    0x00003528   0x00003528   0x00000020   Code   RO           14    i.displayHeading    ecomprass.o
    0x00003548   0x00003548   0x00000048   Code   RO           16    i.initLed           ecomprass.o
    0x00003590   0x00003590   0x00000098   Code   RO           17    i.initSwitch        ecomprass.o
    0x00003628   0x00003628   0x00000028   Code   RO           18    i.init_SysTick_interrupt  ecomprass.o
    0x00003650   0x00003650   0x00000028   Code   RO           19    i.init_i2c          ecomprass.o
    0x00003678   0x00003678   0x00000104   Code   RO           20    i.main              ecomprass.o
    0x0000377c   0x0000377c   0x000000ee   Data   RO          199    .constdata          slcd.o
    0x0000386a   0x0000386a   0x00000002   PAD
    0x0000386c   0x0000386c   0x00000038   Data   RO          280    .constdata          clock_config.o
    0x000038a4   0x000038a4   0x00000006   Data   RO          445    .constdata          pin_mux.o
    0x000038aa   0x000038aa   0x00000002   PAD
    0x000038ac   0x000038ac   0x00000060   Data   RO          543    .constdata          fsl_clock.o
    0x0000390c   0x0000390c   0x00000094   Data   RO         1309    .constdata          fsl_i2c.o
    0x000039a0   0x000039a0   0x0000000c   Data   RO         1564    .constdata          fsl_lpsci.o
    0x000039ac   0x000039ac   0x0000001c   Data   RO         1868    .constdata          fsl_uart.o
    0x000039c8   0x000039c8   0x00000051   Data   RO          446    .conststring        pin_mux.o
    0x00003a19   0x00003a19   0x00000003   PAD
    0x00003a1c   0x00003a1c   0x00000052   Data   RO          544    .conststring        fsl_clock.o
    0x00003a6e   0x00003a6e   0x00000002   PAD
    0x00003a70   0x00003a70   0x00000050   Data   RO         1310    .conststring        fsl_i2c.o
    0x00003ac0   0x00003ac0   0x00000052   Data   RO         1565    .conststring        fsl_lpsci.o
    0x00003b12   0x00003b12   0x00000002   PAD
    0x00003b14   0x00003b14   0x00000051   Data   RO         1869    .conststring        fsl_uart.o
    0x00003b65   0x00003b65   0x00000003   PAD
    0x00003b68   0x00003b68   0x0000005c   Data   RO         2074    .conststring        fsl_debug_console.o
    0x00003bc4   0x00003bc4   0x00000054   Data   RO         2167    .conststring        fsl_io.o
    0x00003c18   0x00003c18   0x00000056   Data   RO         2224    .conststring        fsl_log.o
    0x00003c6e   0x00003c6e   0x00000002   PAD
    0x00003c70   0x00003c70   0x00000020   Data   RO         2773    Region$$Table       anon$$obj.o


    Execution Region RW_m_data (Exec base: 0x1fffe000, Load base: 0x00003c90, Size: 0x00000058, Max: 0x00007800, ABSOLUTE)

    Exec Addr    Load Addr    Size         Type   Attr      Idx    E Section Name        Object

    0x1fffe000   0x00003c90   0x0000000c   Data   RW           23    .data               ecomprass.o
    0x1fffe00c   0x00003c9c   0x00000001   Data   RW          200    .data               slcd.o
    0x1fffe00d   0x00003c9d   0x00000003   PAD
    0x1fffe010   0x00003ca0   0x00000010   Data   RW          545    .data               fsl_clock.o
    0x1fffe020   0x00003cb0   0x00000010   Data   RW         1311    .data               fsl_i2c.o
    0x1fffe030   0x00003cc0   0x00000008   Data   RW         1566    .data               fsl_lpsci.o
    0x1fffe038   0x00003cc8   0x00000004   Data   RW         1870    .data               fsl_uart.o
    0x1fffe03c   0x00003ccc   0x00000008   Data   RW         2168    .data               fsl_io.o
    0x1fffe044   0x00003cd4   0x00000004   Data   RW         2332    .data               system_mkl46z4.o
    0x1fffe048   0x00003cd8   0x00000004   Data   RW         2748    .data               mc_p.l(errno.o)
    0x1fffe04c        -       0x0000000c   Zero   RW         1867    .bss                fsl_uart.o


    Execution Region ARM_LIB_HEAP (Exec base: 0x1fffe058, Load base: 0x00003cdc, Size: 0x00000400, Max: 0x00000400, ABSOLUTE)

    Exec Addr    Load Addr    Size         Type   Attr      Idx    E Section Name        Object

    0x1fffe058        -       0x00000400   Zero   RW            1    ARM_LIB_HEAP.bss    anon$$obj.o


    Execution Region ARM_LIB_STACK (Exec base: 0x20005c00, Load base: 0x00003cdc, Size: 0x00000400, Max: 0x00000400, ABSOLUTE)

    Exec Addr    Load Addr    Size         Type   Attr      Idx    E Section Name        Object

    0x20005c00        -       0x00000400   Zero   RW            2    ARM_LIB_STACK.bss   anon$$obj.o


==============================================================================

Image component sizes


      Code (inc. data)   RO Data    RW Data    ZI Data      Debug   Object Name

        60          8          0          0          0       6800   board.o
       136         40         56          0          0       8535   clock_config.o
      1386        156          0         12          0     305127   ecomprass.o
        68         44          0          0          0        653   fsl_assert.o
      1768        272        178         16          0      28644   fsl_clock.o
       214         54         92          0          0       3714   fsl_debug_console.o
      1654        194        228         16          0      26264   fsl_i2c.o
       360         26         84          8          0       9368   fsl_io.o
       124         18         86          0          0       3540   fsl_log.o
       958        156         94          8          0      14130   fsl_lpsci.o
      1804          0          0          0          0       3970   fsl_str.o
       718        146        109          4         12       9416   fsl_uart.o
       212         44         87          0          0      10790   pin_mux.o
       436         56        238          1          0       2953   slcd.o
       156         70        208          0          0       1160   startup_mkl46z4.o
        22          6          0          4          0       1112   system_mkl46z4.o

    ----------------------------------------------------------------------
     10096       1290       1508         72       2060     436176   Object Totals
         0          0         32          0       2048          0   (incl. Generated)
        20          0         16          3          0          0   (incl. Padding)

    ----------------------------------------------------------------------

      Code (inc. data)   RO Data    RW Data    ZI Data      Debug   Library Member Name

       668         76          0          0          0        120   atan2f.o
        34          0          0          0          0         60   fpclassifyf.o
        22          0          0          0          0        136   funder.o
         0          0          0          0          0          0   entry.o
         0          0          0          0          0          0   entry10a.o
         0          0          0          0          0          0   entry11a.o
         4          0          0          0          0          0   entry12b.o
         8          4          0          0          0          0   entry4.o
         4          0          0          0          0          0   entry5.o
         0          0          0          0          0          0   entry7b.o
         0          0          0          0          0          0   entry8b.o
         8          4          0          0          0          0   entry9a.o
        12          6          0          4          0         60   errno.o
        30          0          0          0          0          0   handlers.o
        36          8          0          0          0         68   init.o
         0          0          0          0          0          0   iusefp.o
        76          0          0          0          0         76   ldiv.o
       122          0          0          0          0         84   llmul.o
        32          0          0          0          0         68   llshl.o
        34          0          0          0          0         68   llushr.o
        36          0          0          0          0        100   memseta.o
       386          8          0          0          0        228   printf1.o
        14          0          0          0          0         60   strlen.o
        44          0          0          0          0         72   uidiv.o
        96          0          0          0          0         84   uldiv.o
       240          6          0          0          0         84   ddiv.o
       236          0          0          0          0        216   depilogue.o
        72         10          0          0          0         72   dfixi.o
       208          6          0          0          0         88   dmul.o
        40          0          0          0          0         60   f2d.o
       178          0          0          0          0        108   fadd.o
       124          0          0          0          0         72   fdiv.o
       130          0          0          0          0        144   fepilogue.o
        22          0          0          0          0         68   fflti.o
       122          0          0          0          0         72   fmul.o
        24          0          0          0          0         60   fscalb.o

    ----------------------------------------------------------------------
      3068        128          0          4          0       2328   Library Totals
         6          0          0          0          0          0   (incl. Padding)

    ----------------------------------------------------------------------

      Code (inc. data)   RO Data    RW Data    ZI Data      Debug   Library Name

       724         76          0          0          0        316   m_ps.l
       942         30          0          4          0        968   mc_p.l
      1396         22          0          0          0       1044   mf_p.l

    ----------------------------------------------------------------------
      3068        128          0          4          0       2328   Library Totals

    ----------------------------------------------------------------------

==============================================================================


      Code (inc. data)   RO Data    RW Data    ZI Data      Debug   

     13164       1418       1508         76       2060     433376   Grand Totals
     13164       1418       1508         76       2060     433376   ELF Image Totals
     13164       1418       1508         76          0          0   ROM Totals

==============================================================================

    Total RO  Size (Code + RO Data)                14672 (  14.33kB)
    Total RW  Size (RW Data + ZI Data)              2136 (   2.09kB)
    Total ROM Size (Code + RO Data + RW Data)      14748 (  14.40kB)

==============================================================================

