Component: ARM Compiler 5.06 update 7 (build 960) Tool: armlink [4d3601]

==============================================================================

Section Cross References

    ecomprass.o(i.BOARD_I2C_ReleaseBus) refers to ecomprass.o(i.PORT_SetPinConfig) for PORT_SetPinConfig
    ecomprass.o(i.BOARD_I2C_ReleaseBus) refers to fsl_gpio.o(i.GPIO_PinInit) for GPIO_PinInit
    ecomprass.o(i.BOARD_I2C_ReleaseBus) refers to ecomprass.o(i.GPIO_PinWrite) for GPIO_PinWrite
    ecomprass.o(i.BOARD_I2C_ReleaseBus) refers to ecomprass.o(i.i2c_release_bus_delay) for i2c_release_bus_delay
    ecomprass.o(i.I2C_ReadMagRegs) refers to memseta.o(.text) for __aeabi_memclr4
    ecomprass.o(i.I2C_ReadMagRegs) refers to fsl_i2c.o(i.I2C_MasterTransferBlocking) for I2C_MasterTransferBlocking
    ecomprass.o(i.I2C_ReadMagRegs) refers to fsl_debug_console.o(i.DbgConsole_Printf) for DbgConsole_Printf
    ecomprass.o(i.I2C_ReadMagWhoAmI) refers to fsl_clock.o(i.CLOCK_GetFreq) for CLOCK_GetFreq
    ecomprass.o(i.I2C_ReadMagWhoAmI) refers to fsl_i2c.o(i.I2C_MasterGetDefaultConfig) for I2C_MasterGetDefaultConfig
    ecomprass.o(i.I2C_ReadMagWhoAmI) refers to fsl_i2c.o(i.I2C_MasterInit) for I2C_MasterInit
    ecomprass.o(i.I2C_ReadMagWhoAmI) refers to memseta.o(.text) for __aeabi_memclr4
    ecomprass.o(i.I2C_ReadMagWhoAmI) refers to fsl_i2c.o(i.I2C_MasterTransferNonBlocking) for I2C_MasterTransferNonBlocking
    ecomprass.o(i.I2C_ReadMagWhoAmI) refers to fsl_debug_console.o(i.DbgConsole_Printf) for DbgConsole_Printf
    ecomprass.o(i.I2C_ReadMagWhoAmI) refers to ecomprass.o(.constdata) for g_mag_address
    ecomprass.o(i.I2C_ReadMagWhoAmI) refers to ecomprass.o(.bss) for g_m_handle
    ecomprass.o(i.I2C_ReadMagWhoAmI) refers to ecomprass.o(.data) for nakFlag
    ecomprass.o(i.I2C_WriteMagReg) refers to memseta.o(.text) for __aeabi_memclr4
    ecomprass.o(i.I2C_WriteMagReg) refers to fsl_i2c.o(i.I2C_MasterTransferBlocking) for I2C_MasterTransferBlocking
    ecomprass.o(i.I2C_WriteMagReg) refers to fsl_debug_console.o(i.DbgConsole_Printf) for DbgConsole_Printf
    ecomprass.o(i.PORTC_PORTD_IRQHandler) refers to ecomprass.o(i.blinkLedRed) for blinkLedRed
    ecomprass.o(i.PORT_SetPinConfig) refers to fsl_assert.o(i.__aeabi_assert) for __aeabi_assert
    ecomprass.o(i.PORT_SetPinConfig) refers to ecomprass.o(.conststring) for .conststring
    ecomprass.o(i.calculateHeading) refers to fflti.o(.text) for __aeabi_i2f
    ecomprass.o(i.calculateHeading) refers to f2d.o(.text) for __aeabi_f2d
    ecomprass.o(i.calculateHeading) refers to dmul.o(.text) for __aeabi_dmul
    ecomprass.o(i.calculateHeading) refers to d2f.o(.text) for __aeabi_d2f
    ecomprass.o(i.calculateHeading) refers to atan2f.o(i.atan2f) for atan2f
    ecomprass.o(i.calculateHeading) refers to ddiv.o(.text) for __aeabi_ddiv
    ecomprass.o(i.calculateHeading) refers to dfixi.o(.text) for __aeabi_d2iz
    ecomprass.o(i.displayHeading) refers to printf1.o(i.__0sprintf$1) for __2sprintf
    ecomprass.o(i.displayHeading) refers to slcd.o(i.SLCD_WriteMsg) for SLCD_WriteMsg
    ecomprass.o(i.i2c_master_callback) refers to ecomprass.o(.data) for completionFlag
    ecomprass.o(i.main) refers to pin_mux.o(i.BOARD_InitPins) for BOARD_InitPins
    ecomprass.o(i.main) refers to clock_config.o(i.BOARD_BootClockRUN) for BOARD_BootClockRUN
    ecomprass.o(i.main) refers to ecomprass.o(i.BOARD_I2C_ReleaseBus) for BOARD_I2C_ReleaseBus
    ecomprass.o(i.main) refers to pin_mux.o(i.BOARD_I2C_ConfigurePins) for BOARD_I2C_ConfigurePins
    ecomprass.o(i.main) refers to board.o(i.BOARD_InitDebugConsole) for BOARD_InitDebugConsole
    ecomprass.o(i.main) refers to slcd.o(i.SLCD_Init) for SLCD_Init
    ecomprass.o(i.main) refers to ecomprass.o(i.initLed) for initLed
    ecomprass.o(i.main) refers to ecomprass.o(i.blinkLedRed) for blinkLedRed
    ecomprass.o(i.main) refers to fsl_debug_console.o(i.DbgConsole_Printf) for DbgConsole_Printf
    ecomprass.o(i.main) refers to fsl_i2c.o(i.I2C_MasterTransferCreateHandle) for I2C_MasterTransferCreateHandle
    ecomprass.o(i.main) refers to ecomprass.o(i.I2C_ReadMagWhoAmI) for I2C_ReadMagWhoAmI
    ecomprass.o(i.main) refers to ecomprass.o(i.I2C_WriteMagReg) for I2C_WriteMagReg
    ecomprass.o(i.main) refers to ecomprass.o(i.I2C_ReadMagRegs) for I2C_ReadMagRegs
    ecomprass.o(i.main) refers to ecomprass.o(i.calculateHeading) for calculateHeading
    ecomprass.o(i.main) refers to ecomprass.o(i.displayHeading) for displayHeading
    ecomprass.o(i.main) refers to ecomprass.o(i.i2c_master_callback) for i2c_master_callback
    ecomprass.o(i.main) refers to ecomprass.o(.bss) for g_m_handle
    ecomprass.o(i.main) refers to ecomprass.o(.data) for heading
    slcd.o(i.SLCD_EnablePins) refers to slcd.o(.constdata) for WF_ORDERING_TABLE
    slcd.o(i.SLCD_Init) refers to slcd.o(i.SLCD_EnablePins) for SLCD_EnablePins
    slcd.o(i.SLCD_WriteChar) refers to slcd.o(.data) for bLCD_CharPosition
[...]
    Removing fsl_uart.o(.rev16_text), (4 bytes).
    Removing fsl_uart.o(.revsh_text), (4 bytes).
    Removing fsl_uart.o(i.UART1_RX_TX_DriverIRQHandler), (8 bytes).
    Removing fsl_uart.o(i.UART2_RX_TX_DriverIRQHandler), (8 bytes).
    Removing fsl_uart.o(i.UART_ClearStatusFlags), (76 bytes).
    Removing fsl_uart.o(i.UART_Deinit), (60 bytes).
    Removing fsl_uart.o(i.UART_DisableInterrupts), (32 bytes).
    Removing fsl_uart.o(i.UART_EnableInterrupts), (32 bytes).
    Removing fsl_uart.o(i.UART_GetEnabledInterrupts), (32 bytes).
    Removing fsl_uart.o(i.UART_ReadNonBlocking), (56 bytes).
    Removing fsl_uart.o(i.UART_SetBaudRate), (168 bytes).
    Removing fsl_uart.o(i.UART_TransferAbortReceive), (84 bytes).
    Removing fsl_uart.o(i.UART_TransferAbortSend), (60 bytes).
    Removing fsl_uart.o(i.UART_TransferCreateHandle), (156 bytes).
    Removing fsl_uart.o(i.UART_TransferGetReceiveCount), (100 bytes).
    Removing fsl_uart.o(i.UART_TransferGetRxRingBufferLength), (64 bytes).
    Removing fsl_uart.o(i.UART_TransferGetSendCount), (92 bytes).
    Removing fsl_uart.o(i.UART_TransferHandleErrorIRQ), (2 bytes).
    Removing fsl_uart.o(i.UART_TransferHandleIRQ), (672 bytes).
    Removing fsl_uart.o(i.UART_TransferIsRxRingBufferFull), (56 bytes).
    Removing fsl_uart.o(i.UART_TransferReceiveNonBlocking), (396 bytes).
    Removing fsl_uart.o(i.UART_TransferSendNonBlocking), (180 bytes).
    Removing fsl_uart.o(i.UART_TransferStartRingBuffer), (112 bytes).
    Removing fsl_uart.o(i.UART_TransferStopRingBuffer), (88 bytes).
    Removing fsl_uart.o(i.UART_WriteNonBlocking), (56 bytes).
    Removing fsl_assert.o(.rev16_text), (4 bytes).
    Removing fsl_assert.o(.revsh_text), (4 bytes).
    Removing fsl_debug_console.o(.rev16_text), (4 bytes).
    Removing fsl_debug_console.o(.revsh_text), (4 bytes).
    Removing fsl_debug_console.o(i.DbgConsole_Deinit), (10 bytes).
    Removing fsl_debug_console.o(i.DbgConsole_Flush), (8 bytes).
    Removing fsl_debug_console.o(i.DbgConsole_Getchar), (14 bytes).
    Removing fsl_debug_console.o(i.DbgConsole_Putchar), (12 bytes).
    Removing fsl_debug_console.o(i.DbgConsole_Scanf), (54 bytes).
    Removing fsl_debug_console.o(i.fgetc), (16 bytes).
    Removing fsl_debug_console.o(i.fputc), (14 bytes).
    Removing fsl_debug_console.o(.data), (8 bytes).
    Removing fsl_io.o(.rev16_text), (4 bytes).
    Removing fsl_io.o(.revsh_text), (4 bytes).
    Removing fsl_io.o(i.IO_Deinit), (76 bytes).
    Removing fsl_io.o(i.IO_WaitIdle), (68 bytes).
    Removing fsl_log.o(.rev16_text), (4 bytes).
    Removing fsl_log.o(.revsh_text), (4 bytes).
    Removing fsl_log.o(i.LOG_Deinit), (8 bytes).
    Removing fsl_log.o(i.LOG_ReadCharacter), (64 bytes).
    Removing fsl_log.o(i.LOG_ReadLine), (116 bytes).
    Removing fsl_log.o(i.LOG_ReadOneCharacter), (26 bytes).
    Removing fsl_log.o(i.LOG_WaitIdle), (10 bytes).
    Removing fsl_str.o(.rev16_text), (4 bytes).
    Removing fsl_str.o(.revsh_text), (4 bytes).
    Removing fsl_str.o(i.ScanIgnoreWhiteSpace), (50 bytes).
    Removing fsl_str.o(i.StrFormatScanf), (1052 bytes).
    Removing system_mkl46z4.o(.rev16_text), (4 bytes).
    Removing system_mkl46z4.o(.revsh_text), (4 bytes).
    Removing system_mkl46z4.o(i.SystemCoreClockUpdate), (400 bytes).
    Removing dadd.o(.text), (360 bytes).
    Removing dfixul.o(.text), (64 bytes).
    Removing cdrcmple.o(.text), (40 bytes).

253 unused section(s) (total 18356 bytes) removed from the image.

==============================================================================

Image Symbol Table

    Local Symbols

    Symbol Name                              Value     Ov Type        Size  Object(Section)

    RESET                                    0x00000000   Section      192  startup_mkl46z4.o(RESET)
    ../clib/microlib/division.c              0x00000000   Number         0  uidiv.o ABSOLUTE
    ../clib/microlib/division.c              0x00000000   Number         0  ldiv.o ABSOLUTE
    ../clib/microlib/division.c              0x00000000   Number         0  uldiv.o ABSOLUTE
    ../clib/microlib/errno.c                 0x00000000   Number         0  errno.o ABSOLUTE
    ../clib/microlib/init/entry.s            0x00000000   Number         0  entry5.o ABSOLUTE
    ../clib/microlib/init/entry.s            0x00000000   Number         0  entry8b.o ABSOLUTE
    ../clib/microlib/init/entry.s            0x00000000   Number         0  entry8a.o ABSOLUTE
    ../clib/microlib/init/entry.s            0x00000000   Number         0  entry.o ABSOLUTE
    ../clib/microlib/init/entry.s            0x00000000   Number         0  entry7b.o ABSOLUTE
    ../clib/microlib/init/entry.s            0x00000000   Number         0  entry12a.o ABSOLUTE
    ../clib/microlib/init/entry.s            0x00000000   Number         0  entry7a.o ABSOLUTE
    ../clib/microlib/init/entry.s            0x00000000   Number         0  entry4.o ABSOLUTE
    ../clib/microlib/init/entry.s            0x00000000   Number         0  entry9b.o ABSOLUTE
    ../clib/microlib/init/entry.s            0x00000000   Number         0  entry11b.o ABSOLUTE
    ../clib/microlib/init/entry.s            0x00000000   Number         0  entry11a.o ABSOLUTE
    ../clib/microlib/init/entry.s            0x00000000   Number         0  entry12b.o ABSOLUTE
    ../clib/microlib/init/entry.s            0x00000000   Number         0  entry10b.o ABSOLUTE
    ../clib/microlib/init/entry.s            0x00000000   Number         0  entry10a.o ABSOLUTE
    ../clib/microlib/init/entry.s            0x00000000   Number         0  entry9a.o ABSOLUTE
    ../clib/microlib/longlong.c              0x00000000   Number         0  llmul.o ABSOLUTE
    ../clib/microlib/longlong.c              0x00000000   Number         0  llsshr.o ABSOLUTE
    ../clib/microlib/longlong.c              0x00000000   Number         0  llushr.o ABSOLUTE
    ../clib/microlib/longlong.c              0x00000000   Number         0  llshl.o ABSOLUTE
    ../clib/microlib/malloc/malloc.c         0x00000000   Number         0  malloca2.o ABSOLUTE
    ../clib/microlib/malloc/malloc.c         0x00000000   Number         0  mallocr2.o ABSOLUTE
    ../clib/microlib/malloc/malloc.c         0x00000000   Number         0  malloc2.o ABSOLUTE
    ../clib/microlib/malloc/malloc.c         0x00000000   Number         0  mallocra2.o ABSOLUTE
    ../clib/microlib/malloc/mvars.c          0x00000000   Number         0  mvars.o ABSOLUTE
    ../clib/microlib/printf/printf.c         0x00000000   Number         0  printf6.o ABSOLUTE
    ../clib/microlib/printf/printf.c         0x00000000   Number         0  printf2.o ABSOLUTE
    ../clib/microlib/printf/printf.c         0x00000000   Number         0  printfb.o ABSOLUTE
    ../clib/microlib/printf/printf.c         0x00000000   Number         0  printf0.o ABSOLUTE
    ../clib/microlib/printf/printf.c         0x00000000   Number         0  printfa.o ABSOLUTE
    ../clib/microlib/printf/printf.c         0x00000000   Number         0  printf4.o ABSOLUTE
    ../clib/microlib/printf/printf.c         0x00000000   Number         0  printf5.o ABSOLUTE
    ../clib/microlib/printf/printf.c         0x00000000   Number         0  printf8.o ABSOLUTE
    ../clib/microlib/printf/printf.c         0x00000000   Number         0  printf7.o ABSOLUTE
    ../clib/microlib/printf/printf.c         0x00000000   Number         0  printf3.o ABSOLUTE
    ../clib/microlib/printf/printf.c         0x00000000   Number         0  printf1.o ABSOLUTE
    ../clib/microlib/printf/stubs.s          0x00000000   Number         0  stubs.o ABSOLUTE
    ../clib/microlib/string/memcpy.c         0x00000000   Number         0  memcpya.o ABSOLUTE
    ../clib/microlib/string/memcpy.c         0x00000000   Number         0  memcpyb.o ABSOLUTE
    ../clib/microlib/string/memset.c         0x00000000   Number         0  memseta.o ABSOLUTE
    ../clib/microlib/string/strlen.c         0x00000000   Number         0  strlen.o ABSOLUTE
    ../clib/microlib/stubs.s                 0x00000000   Number         0  iusefp.o ABSOLUTE
    ../fplib/microlib/d2f.c                  0x00000000   Number         0  d2f.o ABSOLUTE
    ../fplib/microlib/f2d.c                  0x00000000   Number         0  f2d.o ABSOLUTE
    ../fplib/microlib/fpadd.c                0x00000000   Number         0  fadd.o ABSOLUTE
    ../fplib/microlib/fpadd.c                0x00000000   Number         0  dadd.o ABSOLUTE
    ../fplib/microlib/fpdiv.c                0x00000000   Number         0  ddiv.o ABSOLUTE
    ../fplib/microlib/fpdiv.c                0x00000000   Number         0  fdiv.o ABSOLUTE
    ../fplib/microlib/fpepilogue.c           0x00000000   Number         0  fepilogue.o ABSOLUTE
    ../fplib/microlib/fpepilogue.c           0x00000000   Number         0  depilogue.o ABSOLUTE
    ../fplib/microlib/fpfix.c                0x00000000   Number         0  dfixul.o ABSOLUTE
    ../fplib/microlib/fpfix.c                0x00000000   Number         0  dfixi.o ABSOLUTE
    ../fplib/microlib/fpflt.c                0x00000000   Number         0  fflti.o ABSOLUTE
    ../fplib/microlib/fpmul.c                0x00000000   Number         0  dmul.o ABSOLUTE
    ../fplib/microlib/fpmul.c                0x00000000   Number         0  fmul.o ABSOLUTE
    ../fplib/microlib/fpscalb.c              0x00000000   Number         0  fscalb.o ABSOLUTE
    ../mathlib/atan2f.c                      0x00000000   Number         0  atan2f_x.o ABSOLUTE
    ../mathlib/atan2f.c                      0x00000000   Number         0  atan2f.o ABSOLUTE
    ../mathlib/fpclassifyf.c                 0x00000000   Number         0  fpclassifyf.o ABSOLUTE
    ../mathlib/funder.c                      0x00000000   Number         0  funder.o ABSOLUTE
    ..\\ecomprass.c                          0x00000000   Number         0  ecomprass.o ABSOLUTE
    ..\ecomprass.c                           0x00000000   Number         0  ecomprass.o ABSOLUTE
    C:/Users/ADMIN/AppData/Local/Arm/Packs/NXP/MKL46Z4_DFP/10.0.3/drivers/fsl_clock.c 0x00000000   Number         0  fsl_clock.o ABSOLUTE
    C:/Users/ADMIN/AppData/Local/Arm/Packs/NXP/MKL46Z4_DFP/10.0.3/drivers/fsl_common.c 0x00000000   Number         0  fsl_common.o ABSOLUTE
    C:/Users/ADMIN/AppData/Local/Arm/Packs/NXP/MKL46Z4_DFP/10.0.3/drivers/fsl_ftfx_cache.c 0x00000000   Number         0  fsl_ftfx_cache.o ABSOLUTE
    C:/Users/ADMIN/AppData/Local/Arm/Packs/NXP/MKL46Z4_DFP/10.0.3/drivers/fsl_ftfx_controller.c 0x00000000   Number         0  fsl_ftfx_controller.o ABSOLUTE
    C:/Users/ADMIN/AppData/Local/Arm/Packs/NXP/MKL46Z4_DFP/10.0.3/drivers/fsl_ftfx_flash.c 0x00000000   Number         0  fsl_ftfx_flash.o ABSOLUTE
    C:/Users/ADMIN/AppData/Local/Arm/Packs/NXP/MKL46Z4_DFP/10.0.3/drivers/fsl_ftfx_flexnvm.c 0x00000000   Number         0  fsl_ftfx_flexnvm.o ABSOLUTE
    C:/Users/ADMIN/AppData/Local/Arm/Packs/NXP/MKL46Z4_DFP/10.0.3/drivers/fsl_gpio.c 0x00000000   Number         0  fsl_gpio.o ABSOLUTE
    C:/Users/ADMIN/AppData/Local/Arm/Packs/NXP/MKL46Z4_DFP/10.0.3/drivers/fsl_i2c.c 0x00000000   Number         0  fsl_i2c.o ABSOLUTE
    C:/Users/ADMIN/AppData/Local/Arm/Packs/NXP/MKL46Z4_DFP/10.0.3/drivers/fsl_lpsci.c 0x00000000   Number         0  fsl_lpsci.o ABSOLUTE
    C:/Users/ADMIN/AppData/Local/Arm/Packs/NXP/MKL46Z4_DFP/10.0.3/drivers/fsl_smc.c 0x00000000   Number         0  fsl_smc.o ABSOLUTE
    C:/Users/ADMIN/AppData/Local/Arm/Packs/NXP/MKL46Z4_DFP/10.0.3/drivers/fsl_uart.c 0x00000000   Number         0  fsl_uart.o ABSOLUTE
    C:/Users/ADMIN/AppData/Local/Arm/Packs/NXP/MKL46Z4_DFP/10.0.3/utilities/fsl_assert.c 0x00000000   Number         0  fsl_assert.o ABSOLUTE
    C:/Users/ADMIN/AppData/Local/Arm/Packs/NXP/MKL46Z4_DFP/10.0.3/utilities/fsl_debug_console.c 0x00000000   Number         0  fsl_debug_console.o ABSOLUTE
    C:/Users/ADMIN/AppData/Local/Arm/Packs/NXP/MKL46Z4_DFP/10.0.3/utilities/io/fsl_io.c 0x00000000   Number         0  fsl_io.o ABSOLUTE
    C:/Users/ADMIN/AppData/Local/Arm/Packs/NXP/MKL46Z4_DFP/10.0.3/utilities/log/fsl_log.c 0x00000000   Number         0  fsl_log.o ABSOLUTE
    C:/Users/ADMIN/AppData/Local/Arm/Packs/NXP/MKL46Z4_DFP/10.0.3/utilities/str/fsl_str.c 0x00000000   Number         0  fsl_str.o ABSOLUTE
    C:\Users\ADMIN\AppData\Local\Arm\Packs\NXP\MKL46Z4_DFP\10.0.3\drivers\fsl_clock.c 0x00000000   Number         0  fsl_clock.o ABSOLUTE
    C:\Users\ADMIN\AppData\Local\Arm\Packs\NXP\MKL46Z4_DFP\10.0.3\drivers\fsl_common.c 0x00000000   Number         0  fsl_common.o ABSOLUTE
    C:\Users\ADMIN\AppData\Local\Arm\Packs\NXP\MKL46Z4_DFP\10.0.3\drivers\fsl_ftfx_cache.c 0x00000000   Number         0  fsl_ftfx_cache.o ABSOLUTE
    C:\Users\ADMIN\AppData\Local\Arm\Packs\NXP\MKL46Z4_DFP\10.0.3\drivers\fsl_ftfx_controller.c 0x00000000   Number         0  fsl_ftfx_controller.o ABSOLUTE
    C:\Users\ADMIN\AppData\Local\Arm\Packs\NXP\MKL46Z4_DFP\10.0.3\drivers\fsl_ftfx_flash.c 0x00000000   Number         0  fsl_ftfx_flash.o ABSOLUTE
    C:\Users\ADMIN\AppData\Local\Arm\Packs\NXP\MKL46Z4_DFP\10.0.3\drivers\fsl_ftfx_flexnvm.c 0x00000000   Number         0  fsl_ftfx_flexnvm.o ABSOLUTE
    C:\Users\ADMIN\AppData\Local\Arm\Packs\NXP\MKL46Z4_DFP\10.0.3\drivers\fsl_gpio.c 0x00000000   Number         0  fsl_gpio.o ABSOLUTE
    C:\Users\ADMIN\AppData\Local\Arm\Packs\NXP\MKL46Z4_DFP\10.0.3\drivers\fsl_i2c.c 0x00000000   Number         0  fsl_i2c.o ABSOLUTE
    C:\Users\ADMIN\AppData\Local\Arm\Packs\NXP\MKL46Z4_DFP\10.0.3\drivers\fsl_lpsci.c 0x00000000   Number         0  fsl_lpsci.o ABSOLUTE
    C:\Users\ADMIN\AppData\Local\Arm\Packs\NXP\MKL46Z4_DFP\10.0.3\drivers\fsl_smc.c 0x00000000   Number         0  fsl_smc.o ABSOLUTE
    C:\Users\ADMIN\AppData\Local\Arm\Packs\NXP\MKL46Z4_DFP\10.0.3\drivers\fsl_uart.c 0x00000000   Number         0  fsl_uart.o ABSOLUTE
    C:\Users\ADMIN\AppData\Local\Arm\Packs\NXP\MKL46Z4_DFP\10.0.3\utilities\fsl_assert.c 0x00000000   Number         0  fsl_assert.o ABSOLUTE
    C:\Users\ADMIN\AppData\Local\Arm\Packs\NXP\MKL46Z4_DFP\10.0.3\utilities\fsl_debug_console.c 0x00000000   Number         0  fsl_debug_console.o ABSOLUTE
    C:\Users\ADMIN\AppData\Local\Arm\Packs\NXP\MKL46Z4_DFP\10.0.3\utilities\io\fsl_io.c 0x00000000   Number         0  fsl_io.o ABSOLUTE
    C:\Users\ADMIN\AppData\Local\Arm\Packs\NXP\MKL46Z4_DFP\10.0.3\utilities\log\fsl_log.c 0x00000000   Number         0  fsl_log.o ABSOLUTE
    C:\Users\ADMIN\AppData\Local\Arm\Packs\NXP\MKL46Z4_DFP\10.0.3\utilities\str\fsl_str.c 0x00000000   Number         0  fsl_str.o ABSOLUTE
    RTE/Board_Support/MKL46Z256VLL4/board.c  0x00000000   Number         0  board.o ABSOLUTE
    RTE/Board_Support/MKL46Z256VLL4/clock_config.c 0x00000000   Number         0  clock_config.o ABSOLUTE
    RTE/Board_Support/MKL46Z256VLL4/peripherals.c 0x00000000   Number         0  peripherals.o ABSOLUTE
    RTE/Board_Support/MKL46Z256VLL4/pin_mux.c 0x00000000   Number         0  pin_mux.o ABSOLUTE
    RTE/Device/MKL46Z256VLL4/startup_MKL46Z4.s 0x00000000   Number         0  startup_mkl46z4.o ABSOLUTE
    RTE/Device/MKL46Z256VLL4/system_MKL46Z4.c 0x00000000   Number         0  system_mkl46z4.o ABSOLUTE
    RTE\Board_Support\MKL46Z256VLL4\board.c  0x00000000   Number         0  board.o ABSOLUTE
    RTE\Board_Support\MKL46Z256VLL4\clock_config.c 0x00000000   Number         0  clock_config.o ABSOLUTE
    RTE\Board_Support\MKL46Z256VLL4\peripherals.c 0x00000000   Number         0  peripherals.o ABSOLUTE
    RTE\Board_Support\MKL46Z256VLL4\pin_mux.c 0x00000000   Number         0  pin_mux.o ABSOLUTE
    RTE\Device\MKL46Z256VLL4\system_MKL46Z4.c 0x00000000   Number         0  system_mkl46z4.o ABSOLUTE
    cdrcmple.s                               0x00000000   Number         0  cdrcmple.o ABSOLUTE
    dc.s                                     0x00000000   Number         0  dc.o ABSOLUTE
    handlers.s                               0x00000000   Number         0  handlers.o ABSOLUTE
    init.s                                   0x00000000   Number         0  init.o ABSOLUTE
    slcd.c                                   0x00000000   Number         0  slcd.o ABSOLUTE
    slcd.c                                   0x00000000   Number         0  slcd.o ABSOLUTE
    FlashConfig                              0x00000400   Section       16  startup_mkl46z4.o(FlashConfig)
    .ARM.Collect$$$$00000000                 0x00000410   Section        0  entry.o(.ARM.Collect$$$$00000000)
    .ARM.Collect$$$$00000003                 0x00000410   Section        4  entry4.o(.ARM.Collect$$$$00000003)
    .ARM.Collect$$$$00000004                 0x00000414   Section        4  entry5.o(.ARM.Collect$$$$00000004)
    .ARM.Collect$$$$00000008                 0x00000418   Section        0  entry7b.o(.ARM.Collect$$$$00000008)
    .ARM.Collect$$$$0000000A                 0x00000418   Section        0  entry8b.o(.ARM.Collect$$$$0000000A)
    .ARM.Collect$$$$0000000B                 0x00000418   Section        8  entry9a.o(.ARM.Collect$$$$0000000B)
    .ARM.Collect$$$$0000000E                 0x00000420   Section        4  entry12b.o(.ARM.Collect$$$$0000000E)
    .ARM.Collect$$$$0000000F                 0x00000424   Section        0  entry10a.o(.ARM.Collect$$$$0000000F)
    .ARM.Collect$$$$00000011                 0x00000424   Section        0  entry11a.o(.ARM.Collect$$$$00000011)
    .ARM.Collect$$$$00002714                 0x00000424   Section        4  entry4.o(.ARM.Collect$$$$00002714)
    __lit__00000000                          0x00000424   Data           4  entry4.o(.ARM.Collect$$$$00002714)
    .text                                    0x00000428   Section      156  startup_mkl46z4.o(.text)
    .text                                    0x000004c4   Section        0  uidiv.o(.text)
    .text                                    0x000004f0   Section        0  uldiv.o(.text)
    .text                                    0x00000550   Section        0  ldiv.o(.text)
    .text                                    0x0000059c   Section        0  llmul.o(.text)
    .text                                    0x00000616   Section        0  memseta.o(.text)
    .text                                    0x0000063a   Section        0  strlen.o(.text)
    .text                                    0x00000648   Section        0  dmul.o(.text)
    .text                                    0x00000718   Section        0  ddiv.o(.text)
    .text                                    0x00000808   Section        0  fflti.o(.text)
    .text                                    0x00000820   Section        0  dfixi.o(.text)
    .text                                    0x00000868   Section        0  f2d.o(.text)
    .text                                    0x00000890   Section        0  d2f.o(.text)
    .text                                    0x000008c8   Section        0  llshl.o(.text)
    .text                                    0x000008e8   Section        0  llushr.o(.text)
    .text                                    0x0000090a   Section        0  iusefp.o(.text)
    .text                                    0x0000090a   Section        0  fepilogue.o(.text)
    .text                                    0x0000098c   Section        0  fadd.o(.text)
    .text                                    0x00000a3e   Section        0  fmul.o(.text)
    .text                                    0x00000ab8   Section        0  fdiv.o(.text)
    .text                                    0x00000b34   Section        0  depilogue.o(.text)
    .text                                    0x00000bf4   Section       36  init.o(.text)
    .text                                    0x00000c18   Section        0  fscalb.o(.text)
    i.BOARD_BootClockRUN                     0x00000c30   Section        0  clock_config.o(i.BOARD_BootClockRUN)
    i.BOARD_I2C_ConfigurePins                0x00000c9c   Section        0  pin_mux.o(i.BOARD_I2C_ConfigurePins)
    i.BOARD_I2C_ReleaseBus                   0x00000cd4   Section        0  ecomprass.o(i.BOARD_I2C_ReleaseBus)
    i.BOARD_InitDebugConsole                 0x00000dd0   Section        0  board.o(i.BOARD_InitDebugConsole)
    i.BOARD_InitPins                         0x00000e0c   Section        0  pin_mux.o(i.BOARD_InitPins)
    i.CLOCK_BootToPeeMode                    0x00000e44   Section        0  fsl_clock.o(i.CLOCK_BootToPeeMode)
    i.CLOCK_CONFIG_SetFllExtRefDiv           0x00000ea0   Section        0  clock_config.o(i.CLOCK_CONFIG_SetFllExtRefDiv)
    CLOCK_CONFIG_SetFllExtRefDiv             0x00000ea1   Thumb Code    22  clock_config.o(i.CLOCK_CONFIG_SetFllExtRefDiv)
    i.CLOCK_EnableClock                      0x00000ebc   Section        0  pin_mux.o(i.CLOCK_EnableClock)
    CLOCK_EnableClock                        0x00000ebd   Thumb Code    18  pin_mux.o(i.CLOCK_EnableClock)
    i.CLOCK_EnableClock                      0x00000ed4   Section        0  fsl_i2c.o(i.CLOCK_EnableClock)
    CLOCK_EnableClock                        0x00000ed5   Thumb Code    18  fsl_i2c.o(i.CLOCK_EnableClock)
    i.CLOCK_EnablePll0                       0x00000eec   Section        0  fsl_clock.o(i.CLOCK_EnablePll0)
    i.CLOCK_GetEr32kClkFreq                  0x00000f54   Section        0  fsl_clock.o(i.CLOCK_GetEr32kClkFreq)
    i.CLOCK_GetFixedFreqClkFreq              0x00000fcc   Section        0  fsl_clock.o(i.CLOCK_GetFixedFreqClkFreq)
    i.CLOCK_GetFllExtRefClkFreq              0x00000fec   Section        0  fsl_clock.o(i.CLOCK_GetFllExtRefClkFreq)
    CLOCK_GetFllExtRefClkFreq                0x00000fed   Thumb Code   110  fsl_clock.o(i.CLOCK_GetFllExtRefClkFreq)
    i.CLOCK_GetFllFreq                       0x00001060   Section        0  fsl_clock.o(i.CLOCK_GetFllFreq)
    i.CLOCK_GetFllRefClkFreq                 0x000010b8   Section        0  fsl_clock.o(i.CLOCK_GetFllRefClkFreq)
    CLOCK_GetFllRefClkFreq                   0x000010b9   Thumb Code    28  fsl_clock.o(i.CLOCK_GetFllRefClkFreq)
    i.CLOCK_GetFreq                          0x000010dc   Section        0  fsl_clock.o(i.CLOCK_GetFreq)
    i.CLOCK_GetInternalRefClkFreq            0x0000118c   Section        0  fsl_clock.o(i.CLOCK_GetInternalRefClkFreq)
    i.CLOCK_GetInternalRefClkSelectFreq      0x000011a8   Section        0  fsl_clock.o(i.CLOCK_GetInternalRefClkSelectFreq)
    CLOCK_GetInternalRefClkSelectFreq        0x000011a9   Thumb Code    36  fsl_clock.o(i.CLOCK_GetInternalRefClkSelectFreq)
    i.CLOCK_GetMcgExtClkFreq                 0x000011d8   Section        0  fsl_clock.o(i.CLOCK_GetMcgExtClkFreq)
    CLOCK_GetMcgExtClkFreq                   0x000011d9   Thumb Code    28  fsl_clock.o(i.CLOCK_GetMcgExtClkFreq)
    i.CLOCK_GetOsc0ErClkFreq                 0x00001208   Section        0  fsl_clock.o(i.CLOCK_GetOsc0ErClkFreq)
    i.CLOCK_GetOscRangeFromFreq              0x00001250   Section        0  fsl_clock.o(i.CLOCK_GetOscRangeFromFreq)
    CLOCK_GetOscRangeFromFreq                0x00001251   Thumb Code    26  fsl_clock.o(i.CLOCK_GetOscRangeFromFreq)
    i.CLOCK_GetOutClkFreq                    0x00001274   Section        0  fsl_clock.o(i.CLOCK_GetOutClkFreq)
    i.CLOCK_GetPll0Freq                      0x000012b4   Section        0  fsl_clock.o(i.CLOCK_GetPll0Freq)
    i.CLOCK_GetPll0RefFreq                   0x00001314   Section        0  fsl_clock.o(i.CLOCK_GetPll0RefFreq)
    CLOCK_GetPll0RefFreq                     0x00001315   Thumb Code     8  fsl_clock.o(i.CLOCK_GetPll0RefFreq)
    i.CLOCK_GetPllFllSelClkFreq              0x0000131c   Section        0  fsl_clock.o(i.CLOCK_GetPllFllSelClkFreq)
    i.CLOCK_InitOsc0                         0x00001354   Section        0  fsl_clock.o(i.CLOCK_InitOsc0)
    i.CLOCK_SetExternalRefClkConfig          0x000013cc   Section        0  fsl_clock.o(i.CLOCK_SetExternalRefClkConfig)
    i.CLOCK_SetInternalRefClkConfig          0x000013d4   Section        0  fsl_clock.o(i.CLOCK_SetInternalRefClkConfig)
    i.CLOCK_SetPbeMode                       0x00001480   Section        0  fsl_clock.o(i.CLOCK_SetPbeMode)
    i.CLOCK_SetSimConfig                     0x00001510   Section        0  fsl_clock.o(i.CLOCK_SetSimConfig)
    i.ConvertRadixNumToString                0x00001560   Section        0  fsl_str.o(i.ConvertRadixNumToString)
    ConvertRadixNumToString                  0x00001561   Thumb Code   348  fsl_str.o(i.ConvertRadixNumToString)
    i.DbgConsole_Init                        0x000016bc   Section        0  fsl_debug_console.o(i.DbgConsole_Init)
    i.DbgConsole_Printf                      0x00001714   Section        0  fsl_debug_console.o(i.DbgConsole_Printf)
    i.DbgConsole_RelocateLog                 0x00001758   Section        0  fsl_debug_console.o(i.DbgConsole_RelocateLog)
    DbgConsole_RelocateLog                   0x00001759   Thumb Code    58  fsl_debug_console.o(i.DbgConsole_RelocateLog)
    i.EnableIRQ                              0x00001794   Section        0  fsl_i2c.o(i.EnableIRQ)
    EnableIRQ                                0x00001795   Thumb Code    46  fsl_i2c.o(i.EnableIRQ)
    i.GPIO_PinInit                           0x000017c8   Section        0  fsl_gpio.o(i.GPIO_PinInit)
    i.GPIO_PinWrite                          0x00001828   Section        0  ecomprass.o(i.GPIO_PinWrite)
    GPIO_PinWrite                            0x00001829   Thumb Code    20  ecomprass.o(i.GPIO_PinWrite)
    i.I2C0_DriverIRQHandler                  0x0000183c   Section        0  fsl_i2c.o(i.I2C0_DriverIRQHandler)
    i.I2C1_DriverIRQHandler                  0x00001854   Section        0  fsl_i2c.o(i.I2C1_DriverIRQHandler)
    i.I2C_CheckAndClearError                 0x0000186c   Section        0  fsl_i2c.o(i.I2C_CheckAndClearError)
    I2C_CheckAndClearError                   0x0000186d   Thumb Code    34  fsl_i2c.o(i.I2C_CheckAndClearError)
    i.I2C_DisableInterrupts                  0x00001894   Section        0  fsl_i2c.o(i.I2C_DisableInterrupts)
    i.I2C_EnableInterrupts                   0x000018b6   Section        0  fsl_i2c.o(i.I2C_EnableInterrupts)
    i.I2C_GetInstance                        0x000018e4   Section        0  fsl_i2c.o(i.I2C_GetInstance)
    i.I2C_InitTransferStateMachine           0x00001940   Section        0  fsl_i2c.o(i.I2C_InitTransferStateMachine)
    I2C_InitTransferStateMachine             0x00001941   Thumb Code   158  fsl_i2c.o(i.I2C_InitTransferStateMachine)
    i.I2C_MasterClearStatusFlags             0x000019e4   Section        0  fsl_i2c.o(i.I2C_MasterClearStatusFlags)
    I2C_MasterClearStatusFlags               0x000019e5   Thumb Code    44  fsl_i2c.o(i.I2C_MasterClearStatusFlags)
    i.I2C_MasterGetDefaultConfig             0x00001a10   Section        0  fsl_i2c.o(i.I2C_MasterGetDefaultConfig)
    i.I2C_MasterGetStatusFlags               0x00001a50   Section        0  fsl_i2c.o(i.I2C_MasterGetStatusFlags)
    i.I2C_MasterInit                         0x00001a74   Section        0  fsl_i2c.o(i.I2C_MasterInit)
    i.I2C_MasterReadBlocking                 0x00001b28   Section        0  fsl_i2c.o(i.I2C_MasterReadBlocking)
    i.I2C_MasterRepeatedStart                0x00001bbc   Section        0  fsl_i2c.o(i.I2C_MasterRepeatedStart)
    i.I2C_MasterSetBaudRate                  0x00001c28   Section        0  fsl_i2c.o(i.I2C_MasterSetBaudRate)
    i.I2C_MasterStart                        0x00001cb4   Section        0  fsl_i2c.o(i.I2C_MasterStart)
    i.I2C_MasterStop                         0x00001cf8   Section        0  fsl_i2c.o(i.I2C_MasterStop)
    i.I2C_MasterTransferBlocking             0x00001d14   Section        0  fsl_i2c.o(i.I2C_MasterTransferBlocking)
    i.I2C_MasterTransferCreateHandle         0x00001eac   Section        0  fsl_i2c.o(i.I2C_MasterTransferCreateHandle)
    i.I2C_MasterTransferHandleIRQ            0x00001f14   Section        0  fsl_i2c.o(i.I2C_MasterTransferHandleIRQ)
    i.I2C_MasterTransferNonBlocking          0x00001fb4   Section        0  fsl_i2c.o(i.I2C_MasterTransferNonBlocking)
    i.I2C_MasterTransferRunStateMachine      0x00002020   Section        0  fsl_i2c.o(i.I2C_MasterTransferRunStateMachine)
    I2C_MasterTransferRunStateMachine        0x00002021   Thumb Code   390  fsl_i2c.o(i.I2C_MasterTransferRunStateMachine)
    i.I2C_MasterWriteBlocking                0x000021ac   Section        0  fsl_i2c.o(i.I2C_MasterWriteBlocking)
    i.I2C_ReadMagRegs                        0x00002254   Section        0  ecomprass.o(i.I2C_ReadMagRegs)
    I2C_ReadMagRegs                          0x00002255   Thumb Code    72  ecomprass.o(i.I2C_ReadMagRegs)
    i.I2C_ReadMagWhoAmI                      0x000022c8   Section        0  ecomprass.o(i.I2C_ReadMagWhoAmI)
    I2C_ReadMagWhoAmI                        0x000022c9   Thumb Code   314  ecomprass.o(i.I2C_ReadMagWhoAmI)
    i.I2C_TransferCommonIRQHandler           0x00002500   Section        0  fsl_i2c.o(i.I2C_TransferCommonIRQHandler)
    I2C_TransferCommonIRQHandler             0x00002501   Thumb Code    54  fsl_i2c.o(i.I2C_TransferCommonIRQHandler)
    i.I2C_WriteMagReg                        0x00002540   Section        0  ecomprass.o(i.I2C_WriteMagReg)
    I2C_WriteMagReg                          0x00002541   Thumb Code    76  ecomprass.o(i.I2C_WriteMagReg)
    i.IO_Init                                0x000025b8   Section        0  fsl_io.o(i.IO_Init)
    i.IO_Transfer                            0x000026b0   Section        0  fsl_io.o(i.IO_Transfer)
    i.LOG_Init                               0x00002720   Section        0  fsl_log.o(i.LOG_Init)
    i.LOG_Pop                                0x0000273e   Section        0  fsl_log.o(i.LOG_Pop)
    i.LOG_Push                               0x00002768   Section        0  fsl_log.o(i.LOG_Push)
    i.LPSCI_ClearStatusFlags                 0x0000279c   Section        0  fsl_lpsci.o(i.LPSCI_ClearStatusFlags)
    i.LPSCI_GetDefaultConfig                 0x000027fc   Section        0  fsl_lpsci.o(i.LPSCI_GetDefaultConfig)
    i.LPSCI_GetInstance                      0x00002834   Section        0  fsl_lpsci.o(i.LPSCI_GetInstance)
    i.LPSCI_GetStatusFlags                   0x00002890   Section        0  fsl_lpsci.o(i.LPSCI_GetStatusFlags)
    i.LPSCI_Init                             0x000028a0   Section        0  fsl_lpsci.o(i.LPSCI_Init)
    i.LPSCI_ReadBlocking                     0x00002a50   Section        0  fsl_lpsci.o(i.LPSCI_ReadBlocking)
    i.LPSCI_WriteBlocking                    0x00002af8   Section        0  fsl_lpsci.o(i.LPSCI_WriteBlocking)
    i.PORTC_PORTD_IRQHandler                 0x00002b40   Section        0  ecomprass.o(i.PORTC_PORTD_IRQHandler)
    i.PORT_SetPinConfig                      0x00002b7c   Section        0  ecomprass.o(i.PORT_SetPinConfig)
    PORT_SetPinConfig                        0x00002b7d   Thumb Code    36  ecomprass.o(i.PORT_SetPinConfig)
    i.PORT_SetPinConfig                      0x00002bac   Section        0  pin_mux.o(i.PORT_SetPinConfig)
    PORT_SetPinConfig                        0x00002bad   Thumb Code    36  pin_mux.o(i.PORT_SetPinConfig)
    i.PORT_SetPinMux                         0x00002bdc   Section        0  pin_mux.o(i.PORT_SetPinMux)
    PORT_SetPinMux                           0x00002bdd   Thumb Code    28  pin_mux.o(i.PORT_SetPinMux)
    i.SLCD_EnablePins                        0x00002bf8   Section        0  slcd.o(i.SLCD_EnablePins)
    i.SLCD_Init                              0x00002c88   Section        0  slcd.o(i.SLCD_Init)
    i.SLCD_WriteChar                         0x00002cec   Section        0  slcd.o(i.SLCD_WriteChar)
    i.SLCD_WriteMsg                          0x00002d6c   Section        0  slcd.o(i.SLCD_WriteMsg)
    i.StrFormatPrintf                        0x00002dac   Section        0  fsl_str.o(i.StrFormatPrintf)
    i.SystemInit                             0x0000335c   Section        0  system_mkl46z4.o(i.SystemInit)
    i.SystemInitHook                         0x00003370   Section        0  system_mkl46z4.o(i.SystemInitHook)
    i.UART0_DriverIRQHandler                 0x00003374   Section        0  fsl_lpsci.o(i.UART0_DriverIRQHandler)
    i.UART1_DriverIRQHandler                 0x00003390   Section        0  fsl_uart.o(i.UART1_DriverIRQHandler)
    i.UART2_DriverIRQHandler                 0x000033ac   Section        0  fsl_uart.o(i.UART2_DriverIRQHandler)
    i.UART_GetDefaultConfig                  0x000033c8   Section        0  fsl_uart.o(i.UART_GetDefaultConfig)
    i.UART_GetInstance                       0x00003400   Section        0  fsl_uart.o(i.UART_GetInstance)
    i.UART_GetStatusFlags                    0x00003458   Section        0  fsl_uart.o(i.UART_GetStatusFlags)
    i.UART_Init                              0x00003468   Section        0  fsl_uart.o(i.UART_Init)
    i.UART_ReadBlocking                      0x000035b4   Section        0  fsl_uart.o(i.UART_ReadBlocking)
    i.UART_WriteBlocking                     0x00003640   Section        0  fsl_uart.o(i.UART_WriteBlocking)
    i.__0sprintf$1                           0x00003660   Section        0  printf1.o(i.__0sprintf$1)
    i.__ARM_clz                              0x00003688   Section        0  depilogue.o(i.__ARM_clz)
    i.__ARM_common_switch8                   0x000036b6   Section        0  fsl_clock.o(i.__ARM_common_switch8)
    i.__ARM_fpclassifyf                      0x000036d2   Section        0  fpclassifyf.o(i.__ARM_fpclassifyf)
    i.__aeabi_assert                         0x000036f4   Section        0  fsl_assert.o(i.__aeabi_assert)
    i.__mathlib_flt_infnan2                  0x00003738   Section        0  funder.o(i.__mathlib_flt_infnan2)
    i.__mathlib_flt_underflow                0x00003740   Section        0  funder.o(i.__mathlib_flt_underflow)
    i.__scatterload_copy                     0x0000374e   Section       14  handlers.o(i.__scatterload_copy)
    i.__scatterload_null                     0x0000375c   Section        2  handlers.o(i.__scatterload_null)
    i.__scatterload_zeroinit                 0x0000375e   Section       14  handlers.o(i.__scatterload_zeroinit)
    i.__set_errno                            0x0000376c   Section        0  errno.o(i.__set_errno)
    i._printf_core                           0x00003778   Section        0  printf1.o(i._printf_core)
    _printf_core                             0x00003779   Thumb Code   332  printf1.o(i._printf_core)
    i._sputc                                 0x000038c8   Section        0  printf1.o(i._sputc)
    _sputc                                   0x000038c9   Thumb Code    10  printf1.o(i._sputc)
    i.atan2f                                 0x000038d4   Section        0  atan2f.o(i.atan2f)
    i.blinkLedRed                            0x00003b70   Section        0  ecomprass.o(i.blinkLedRed)
    i.calculateHeading                       0x00003ba4   Section        0  ecomprass.o(i.calculateHeading)
    i.displayHeading                         0x00003c68   Section        0  ecomprass.o(i.displayHeading)
    i.i2c_master_callback                    0x00003c88   Section        0  ecomprass.o(i.i2c_master_callback)
    i2c_master_callback                      0x00003c89   Thumb Code    32  ecomprass.o(i.i2c_master_callback)
    i.i2c_release_bus_delay                  0x00003cb4   Section        0  ecomprass.o(i.i2c_release_bus_delay)
    i2c_release_bus_delay                    0x00003cb5   Thumb Code    16  ecomprass.o(i.i2c_release_bus_delay)
    i.initLed                                0x00003cc4   Section        0  ecomprass.o(i.initLed)
    i.main                                   0x00003d0c   Section        0  ecomprass.o(i.main)
    .constdata                               0x00003e98   Section        1  ecomprass.o(.constdata)
    .constdata                               0x00003e9c   Section      238  slcd.o(.constdata)
    .constdata                               0x00003f8c   Section       56  clock_config.o(.constdata)
    .constdata                               0x00003fc4   Section        6  pin_mux.o(.constdata)
    .constdata                               0x00003fcc   Section       96  fsl_clock.o(.constdata)
    mcgModeMatrix                            0x00003fcc   Data          64  fsl_clock.o(.constdata)
    fllFactorTable                           0x0000400c   Data          16  fsl_clock.o(.constdata)
    trimRange                                0x0000401c   Data          16  fsl_clock.o(.constdata)
    .constdata                               0x0000402c   Section      148  fsl_i2c.o(.constdata)
    s_i2cDividerTable                        0x00004034   Data         128  fsl_i2c.o(.constdata)
    s_i2cIrqs                                0x000040b4   Data           2  fsl_i2c.o(.constdata)
    s_i2cClocks                              0x000040b8   Data           8  fsl_i2c.o(.constdata)
    .constdata                               0x000040c0   Section       12  fsl_lpsci.o(.constdata)
    s_lpsciBases                             0x000040c0   Data           4  fsl_lpsci.o(.constdata)
    s_lpsciIRQ                               0x000040c4   Data           1  fsl_lpsci.o(.constdata)
    s_lpsciClock                             0x000040c8   Data           4  fsl_lpsci.o(.constdata)
    .constdata                               0x000040cc   Section       28  fsl_uart.o(.constdata)
    s_uartBases                              0x000040cc   Data          12  fsl_uart.o(.constdata)
    s_uartIRQ                                0x000040d8   Data           3  fsl_uart.o(.constdata)
    s_uartClock                              0x000040dc   Data          12  fsl_uart.o(.constdata)
    .conststring                             0x000040e8   Section       81  ecomprass.o(.conststring)
    .conststring                             0x0000413c   Section       82  fsl_clock.o(.conststring)
    .conststring                             0x00004190   Section       81  fsl_gpio.o(.conststring)
    .conststring                             0x000041e4   Section       80  fsl_i2c.o(.conststring)
    .conststring                             0x00004234   Section       82  fsl_lpsci.o(.conststring)
    .conststring                             0x00004288   Section       81  fsl_uart.o(.conststring)
    .conststring                             0x000042dc   Section       92  fsl_debug_console.o(.conststring)
    .conststring                             0x00004338   Section       84  fsl_io.o(.conststring)
    .conststring                             0x0000438c   Section       86  fsl_log.o(.conststring)
    .data                                    0x1fffe000   Section        7  ecomprass.o(.data)
    .data                                    0x1fffe007   Section        1  slcd.o(.data)
    .data                                    0x1fffe008   Section       16  fsl_clock.o(.data)
    s_slowIrcFreq                            0x1fffe008   Data           4  fsl_clock.o(.data)
    s_fastIrcFreq                            0x1fffe00c   Data           4  fsl_clock.o(.data)
    .data                                    0x1fffe018   Section       16  fsl_i2c.o(.data)
    s_i2cHandle                              0x1fffe018   Data           8  fsl_i2c.o(.data)
    s_i2cMasterIsr                           0x1fffe020   Data           4  fsl_i2c.o(.data)
    s_i2cSlaveIsr                            0x1fffe024   Data           4  fsl_i2c.o(.data)
    .data                                    0x1fffe028   Section        8  fsl_lpsci.o(.data)
    s_lpsciHandle                            0x1fffe028   Data           4  fsl_lpsci.o(.data)
    s_lpsciIsr                               0x1fffe02c   Data           4  fsl_lpsci.o(.data)
    .data                                    0x1fffe030   Section        4  fsl_uart.o(.data)
    s_uartIsr                                0x1fffe030   Data           4  fsl_uart.o(.data)
    .data                                    0x1fffe034   Section        8  fsl_io.o(.data)
    s_debugConsoleIO                         0x1fffe034   Data           8  fsl_io.o(.data)
    .data                                    0x1fffe03c   Section        4  system_mkl46z4.o(.data)
    .data                                    0x1fffe040   Section        4  errno.o(.data)
    _errno                                   0x1fffe040   Data           4  errno.o(.data)
    .bss                                     0x1fffe044   Section       40  ecomprass.o(.bss)
    .bss                                     0x1fffe06c   Section       12  fsl_uart.o(.bss)
    s_uartHandle                             0x1fffe06c   Data          12  fsl_uart.o(.bss)

    Global Symbols

    Symbol Name                              Value     Ov Type        Size  Object(Section)

    BuildAttributes$$THM_ISAv3M$S$PE$A:L22$X:L11$S22$IEEE1$IW$USESV6$~STKCKD$USESV7$~SHL$OTIME$ROPI$IEEEX$EBA8$MICROLIB$REQ8$PRES8$EABIv2 0x00000000   Number         0  anon$$obj.o ABSOLUTE
    __ARM_use_no_argv                        0x00000000   Number         0  ecomprass.o ABSOLUTE
    __Vectors                                0x00000000   Data           4  startup_mkl46z4.o(RESET)
    _printf_a                                0x00000000   Number         0  stubs.o ABSOLUTE
    _printf_c                                0x00000000   Number         0  stubs.o ABSOLUTE
    _printf_charcount                        0x00000000   Number         0  stubs.o ABSOLUTE
    _printf_d                                0x00000000   Number         0  stubs.o ABSOLUTE
    _printf_e                                0x00000000   Number         0  stubs.o ABSOLUTE
    _printf_f                                0x00000000   Number         0  stubs.o ABSOLUTE
    _printf_flags                            0x00000000   Number         0  stubs.o ABSOLUTE
    _printf_fp_dec                           0x00000000   Number         0  stubs.o ABSOLUTE
    _printf_fp_hex                           0x00000000   Number         0  stubs.o ABSOLUTE
    _printf_g                                0x00000000   Number         0  stubs.o ABSOLUTE
    _printf_i                                0x00000000   Number         0  stubs.o ABSOLUTE
    _printf_int_dec                          0x00000000   Number         0  stubs.o ABSOLUTE
    _printf_l                                0x00000000   Number         0  stubs.o ABSOLUTE
    _printf_lc                               0x00000000   Number         0  stubs.o ABSOLUTE
    _printf_ll                               0x00000000   Number         0  stubs.o ABSOLUTE
    _printf_lld                              0x00000000   Number         0  stubs.o ABSOLUTE
    _printf_lli                              0x00000000   Number         0  stubs.o ABSOLUTE
    _printf_llo                              0x00000000   Number         0  stubs.o ABSOLUTE
    _printf_llu                              0x00000000   Number         0  stubs.o ABSOLUTE
    _printf_llx                              0x00000000   Number         0  stubs.o ABSOLUTE
    _printf_longlong_dec                     0x00000000   Number         0  stubs.o ABSOLUTE
    _printf_longlong_hex                     0x00000000   Number         0  stubs.o ABSOLUTE
    _printf_longlong_oct                     0x00000000   Number         0  stubs.o ABSOLUTE
    _printf_ls                               0x00000000   Number         0  stubs.o ABSOLUTE
    _printf_mbtowc                           0x00000000   Number         0  stubs.o ABSOLUTE
    _printf_n                                0x00000000   Number         0  stubs.o ABSOLUTE
    _printf_o                                0x00000000   Number         0  stubs.o ABSOLUTE
    _printf_p                                0x00000000   Number         0  stubs.o ABSOLUTE
    _printf_percent                          0x00000000   Number         0  stubs.o ABSOLUTE
    _printf_pre_padding                      0x00000000   Number         0  stubs.o ABSOLUTE
    _printf_return_value                     0x00000000   Number         0  stubs.o ABSOLUTE
    _printf_s                                0x00000000   Number         0  stubs.o ABSOLUTE
    _printf_sizespec                         0x00000000   Number         0  stubs.o ABSOLUTE
    _printf_str                              0x00000000   Number         0  stubs.o ABSOLUTE
    _printf_truncate_signed                  0x00000000   Number         0  stubs.o ABSOLUTE
    _printf_truncate_unsigned                0x00000000   Number         0  stubs.o ABSOLUTE
    _printf_u                                0x00000000   Number         0  stubs.o ABSOLUTE
    _printf_wc                               0x00000000   Number         0  stubs.o ABSOLUTE
    _printf_wctomb                           0x00000000   Number         0  stubs.o ABSOLUTE
    _printf_widthprec                        0x00000000   Number         0  stubs.o ABSOLUTE
    _printf_x                                0x00000000   Number         0  stubs.o ABSOLUTE
    __arm_fini_                               - Undefined Weak Reference
    __cpp_initialize__aeabi_                  - Undefined Weak Reference
    __cxa_finalize                            - Undefined Weak Reference
    __decompress                              - Undefined Weak Reference
    _clock_init                               - Undefined Weak Reference
    _microlib_exit                            - Undefined Weak Reference
    __Vectors_End                            0x000000c0   Data           0  startup_mkl46z4.o(RESET)
    __Vectors_Size                           0x000000c0   Number         0  startup_mkl46z4.o ABSOLUTE
    __main                                   0x00000411   Thumb Code     0  entry.o(.ARM.Collect$$$$00000000)
    _main_stk                                0x00000411   Thumb Code     0  entry4.o(.ARM.Collect$$$$00000003)
    _main_scatterload                        0x00000415   Thumb Code     0  entry5.o(.ARM.Collect$$$$00000004)
    __main_after_scatterload                 0x00000419   Thumb Code     0  entry5.o(.ARM.Collect$$$$00000004)
    _main_clock                              0x00000419   Thumb Code     0  entry7b.o(.ARM.Collect$$$$00000008)
    _main_cpp_init                           0x00000419   Thumb Code     0  entry8b.o(.ARM.Collect$$$$0000000A)
    _main_init                               0x00000419   Thumb Code     0  entry9a.o(.ARM.Collect$$$$0000000B)
    __rt_lib_shutdown_fini                   0x00000421   Thumb Code     0  entry12b.o(.ARM.Collect$$$$0000000E)
    __rt_final_cpp                           0x00000425   Thumb Code     0  entry10a.o(.ARM.Collect$$$$0000000F)
    __rt_final_exit                          0x00000425   Thumb Code     0  entry11a.o(.ARM.Collect$$$$00000011)
    Reset_Handler                            0x00000429   Thumb Code    24  startup_mkl46z4.o(.text)
    NMI_Handler                              0x00000441   Thumb Code     2  startup_mkl46z4.o(.text)
    HardFault_Handler                        0x00000443   Thumb Code     2  startup_mkl46z4.o(.text)
    SVC_Handler                              0x00000445   Thumb Code     2  startup_mkl46z4.o(.text)
    PendSV_Handler                           0x00000447   Thumb Code     2  startup_mkl46z4.o(.text)
    SysTick_Handler                          0x00000449   Thumb Code     2  startup_mkl46z4.o(.text)
    DMA0_IRQHandler                          0x0000044b   Thumb Code     4  startup_mkl46z4.o(.text)
    DMA1_IRQHandler                          0x0000044f   Thumb Code     4  startup_mkl46z4.o(.text)
    DMA2_IRQHandler                          0x00000453   Thumb Code     4  startup_mkl46z4.o(.text)
    DMA3_IRQHandler                          0x00000457   Thumb Code     4  startup_mkl46z4.o(.text)
    I2C0_IRQHandler                          0x0000045b   Thumb Code     4  startup_mkl46z4.o(.text)
    I2C1_IRQHandler                          0x0000045f   Thumb Code     4  startup_mkl46z4.o(.text)
    SPI0_IRQHandler                          0x00000463   Thumb Code     4  startup_mkl46z4.o(.text)
    SPI1_IRQHandler                          0x00000467   Thumb Code     4  startup_mkl46z4.o(.text)
    UART0_IRQHandler                         0x0000046b   Thumb Code     4  startup_mkl46z4.o(.text)
    UART1_IRQHandler                         0x0000046f   Thumb Code     4  startup_mkl46z4.o(.text)
    UART2_IRQHandler                         0x00000473   Thumb Code     4  startup_mkl46z4.o(.text)
    I2S0_IRQHandler                          0x00000477   Thumb Code     4  startup_mkl46z4.o(.text)
    ADC0_IRQHandler                          0x0000047b   Thumb Code     0  startup_mkl46z4.o(.text)
    CMP0_IRQHandler                          0x0000047b   Thumb Code     0  startup_mkl46z4.o(.text)
    DAC0_IRQHandler                          0x0000047b   Thumb Code     0  startup_mkl46z4.o(.text)
    DMA0_DriverIRQHandler                    0x0000047b   Thumb Code     0  startup_mkl46z4.o(.text)
    DMA1_DriverIRQHandler                    0x0000047b   Thumb Code     0  startup_mkl46z4.o(.text)
    DMA2_DriverIRQHandler                    0x0000047b   Thumb Code     0  startup_mkl46z4.o(.text)
    DMA3_DriverIRQHandler                    0x0000047b   Thumb Code     0  startup_mkl46z4.o(.text)
    DefaultISR                               0x0000047b   Thumb Code     0  startup_mkl46z4.o(.text)
    FTFA_IRQHandler                          0x0000047b   Thumb Code     0  startup_mkl46z4.o(.text)
    I2S0_DriverIRQHandler                    0x0000047b   Thumb Code     0  startup_mkl46z4.o(.text)
    LCD_IRQHandler                           0x0000047b   Thumb Code     0  startup_mkl46z4.o(.text)
    LLWU_IRQHandler                          0x0000047b   Thumb Code     0  startup_mkl46z4.o(.text)
    LPTMR0_IRQHandler                        0x0000047b   Thumb Code     0  startup_mkl46z4.o(.text)
    LVD_LVW_IRQHandler                       0x0000047b   Thumb Code     0  startup_mkl46z4.o(.text)
    MCG_IRQHandler                           0x0000047b   Thumb Code     0  startup_mkl46z4.o(.text)
    PIT_IRQHandler                           0x0000047b   Thumb Code     0  startup_mkl46z4.o(.text)
    PORTA_IRQHandler                         0x0000047b   Thumb Code     0  startup_mkl46z4.o(.text)
    RTC_IRQHandler                           0x0000047b   Thumb Code     0  startup_mkl46z4.o(.text)
    RTC_Seconds_IRQHandler                   0x0000047b   Thumb Code     0  startup_mkl46z4.o(.text)
    Reserved20_IRQHandler                    0x0000047b   Thumb Code     0  startup_mkl46z4.o(.text)
    SPI0_DriverIRQHandler                    0x0000047b   Thumb Code     0  startup_mkl46z4.o(.text)
    SPI1_DriverIRQHandler                    0x0000047b   Thumb Code     0  startup_mkl46z4.o(.text)
    TPM0_IRQHandler                          0x0000047b   Thumb Code     0  startup_mkl46z4.o(.text)
    TPM1_IRQHandler                          0x0000047b   Thumb Code     0  startup_mkl46z4.o(.text)
    TPM2_IRQHandler                          0x0000047b   Thumb Code     0  startup_mkl46z4.o(.text)
    TSI0_IRQHandler                          0x0000047b   Thumb Code     0  startup_mkl46z4.o(.text)
    USB0_IRQHandler                          0x0000047b   Thumb Code     0  startup_mkl46z4.o(.text)
    __aeabi_uidiv                            0x000004c5   Thumb Code     0  uidiv.o(.text)
    __aeabi_uidivmod                         0x000004c5   Thumb Code    44  uidiv.o(.text)
    __aeabi_uldivmod                         0x000004f1   Thumb Code    96  uldiv.o(.text)
    __aeabi_ldivmod                          0x00000551   Thumb Code    76  ldiv.o(.text)
    __aeabi_lmul                             0x0000059d   Thumb Code   122  llmul.o(.text)
    _ll_mul                                  0x0000059d   Thumb Code     0  llmul.o(.text)
    __aeabi_memset                           0x00000617   Thumb Code    14  memseta.o(.text)
    __aeabi_memset4                          0x00000617   Thumb Code     0  memseta.o(.text)
    __aeabi_memset8                          0x00000617   Thumb Code     0  memseta.o(.text)
    __aeabi_memclr                           0x00000625   Thumb Code     4  memseta.o(.text)
    __aeabi_memclr4                          0x00000625   Thumb Code     0  memseta.o(.text)
    __aeabi_memclr8                          0x00000625   Thumb Code     0  memseta.o(.text)
    _memset$wrapper                          0x00000629   Thumb Code    18  memseta.o(.text)
    strlen                                   0x0000063b   Thumb Code    14  strlen.o(.text)
    __aeabi_dmul                             0x00000649   Thumb Code   202  dmul.o(.text)
    __aeabi_ddiv                             0x00000719   Thumb Code   234  ddiv.o(.text)
    __aeabi_i2f                              0x00000809   Thumb Code    22  fflti.o(.text)
    __aeabi_d2iz                             0x00000821   Thumb Code    62  dfixi.o(.text)
    __aeabi_f2d                              0x00000869   Thumb Code    40  f2d.o(.text)
    __aeabi_d2f                              0x00000891   Thumb Code    56  d2f.o(.text)
    __aeabi_llsl                             0x000008c9   Thumb Code    32  llshl.o(.text)
    _ll_shift_l                              0x000008c9   Thumb Code     0  llshl.o(.text)
    __aeabi_llsr                             0x000008e9   Thumb Code    34  llushr.o(.text)
    _ll_ushift_r                             0x000008e9   Thumb Code     0  llushr.o(.text)
    __I$use$fp                               0x0000090b   Thumb Code     0  iusefp.o(.text)
    _float_round                             0x0000090b   Thumb Code    16  fepilogue.o(.text)
    _float_epilogue                          0x0000091b   Thumb Code   114  fepilogue.o(.text)
    __aeabi_fadd                             0x0000098d   Thumb Code   162  fadd.o(.text)
    __aeabi_fsub                             0x00000a2f   Thumb Code     8  fadd.o(.text)
    __aeabi_frsub                            0x00000a37   Thumb Code     8  fadd.o(.text)
    __aeabi_fmul                             0x00000a3f   Thumb Code   122  fmul.o(.text)
    __aeabi_fdiv                             0x00000ab9   Thumb Code   124  fdiv.o(.text)
    _double_round                            0x00000b35   Thumb Code    26  depilogue.o(.text)
    _double_epilogue                         0x00000b4f   Thumb Code   164  depilogue.o(.text)
    __scatterload                            0x00000bf5   Thumb Code    28  init.o(.text)
    __scatterload_rt2                        0x00000bf5   Thumb Code     0  init.o(.text)
    __ARM_scalbnf                            0x00000c19   Thumb Code    24  fscalb.o(.text)
    scalbnf                                  0x00000c19   Thumb Code     0  fscalb.o(.text)
    BOARD_BootClockRUN                       0x00000c31   Thumb Code    74  clock_config.o(i.BOARD_BootClockRUN)
    BOARD_I2C_ConfigurePins                  0x00000c9d   Thumb Code    44  pin_mux.o(i.BOARD_I2C_ConfigurePins)
    BOARD_I2C_ReleaseBus                     0x00000cd5   Thumb Code   234  ecomprass.o(i.BOARD_I2C_ReleaseBus)
    BOARD_InitDebugConsole                   0x00000dd1   Thumb Code    52  board.o(i.BOARD_InitDebugConsole)
    BOARD_InitPins                           0x00000e0d   Thumb Code    42  pin_mux.o(i.BOARD_InitPins)
    CLOCK_BootToPeeMode                      0x00000e45   Thumb Code    70  fsl_clock.o(i.CLOCK_BootToPeeMode)
    CLOCK_EnablePll0                         0x00000eed   Thumb Code    86  fsl_clock.o(i.CLOCK_EnablePll0)
    CLOCK_GetEr32kClkFreq                    0x00000f55   Thumb Code    92  fsl_clock.o(i.CLOCK_GetEr32kClkFreq)
    CLOCK_GetFixedFreqClkFreq                0x00000fcd   Thumb Code    30  fsl_clock.o(i.CLOCK_GetFixedFreqClkFreq)
    CLOCK_GetFllFreq                         0x00001061   Thumb Code    78  fsl_clock.o(i.CLOCK_GetFllFreq)
    CLOCK_GetFreq                            0x000010dd   Thumb Code   172  fsl_clock.o(i.CLOCK_GetFreq)
    CLOCK_GetInternalRefClkFreq              0x0000118d   Thumb Code    22  fsl_clock.o(i.CLOCK_GetInternalRefClkFreq)
    CLOCK_GetOsc0ErClkFreq                   0x00001209   Thumb Code    46  fsl_clock.o(i.CLOCK_GetOsc0ErClkFreq)
    CLOCK_GetOutClkFreq                      0x00001275   Thumb Code    60  fsl_clock.o(i.CLOCK_GetOutClkFreq)
    CLOCK_GetPll0Freq                        0x000012b5   Thumb Code    72  fsl_clock.o(i.CLOCK_GetPll0Freq)
    CLOCK_GetPllFllSelClkFreq                0x0000131d   Thumb Code    52  fsl_clock.o(i.CLOCK_GetPllFllSelClkFreq)
    CLOCK_InitOsc0                           0x00001355   Thumb Code   110  fsl_clock.o(i.CLOCK_InitOsc0)
    CLOCK_SetExternalRefClkConfig            0x000013cd   Thumb Code     6  fsl_clock.o(i.CLOCK_SetExternalRefClkConfig)
    CLOCK_SetInternalRefClkConfig            0x000013d5   Thumb Code   166  fsl_clock.o(i.CLOCK_SetInternalRefClkConfig)
    CLOCK_SetPbeMode                         0x00001481   Thumb Code   126  fsl_clock.o(i.CLOCK_SetPbeMode)
    CLOCK_SetSimConfig                       0x00001511   Thumb Code    70  fsl_clock.o(i.CLOCK_SetSimConfig)
    DbgConsole_Init                          0x000016bd   Thumb Code    40  fsl_debug_console.o(i.DbgConsole_Init)
    DbgConsole_Printf                        0x00001715   Thumb Code    62  fsl_debug_console.o(i.DbgConsole_Printf)
    GPIO_PinInit                             0x000017c9   Thumb Code    84  fsl_gpio.o(i.GPIO_PinInit)
    I2C0_DriverIRQHandler                    0x0000183d   Thumb Code    14  fsl_i2c.o(i.I2C0_DriverIRQHandler)
    I2C1_DriverIRQHandler                    0x00001855   Thumb Code    14  fsl_i2c.o(i.I2C1_DriverIRQHandler)
    I2C_DisableInterrupts                    0x00001895   Thumb Code    34  fsl_i2c.o(i.I2C_DisableInterrupts)
    I2C_EnableInterrupts                     0x000018b7   Thumb Code    44  fsl_i2c.o(i.I2C_EnableInterrupts)
    I2C_GetInstance                          0x000018e5   Thumb Code    48  fsl_i2c.o(i.I2C_GetInstance)
    I2C_MasterGetDefaultConfig               0x00001a11   Thumb Code    36  fsl_i2c.o(i.I2C_MasterGetDefaultConfig)
    I2C_MasterGetStatusFlags                 0x00001a51   Thumb Code    34  fsl_i2c.o(i.I2C_MasterGetStatusFlags)
    I2C_MasterInit                           0x00001a75   Thumb Code   140  fsl_i2c.o(i.I2C_MasterInit)
    I2C_MasterReadBlocking                   0x00001b29   Thumb Code   146  fsl_i2c.o(i.I2C_MasterReadBlocking)
    I2C_MasterRepeatedStart                  0x00001bbd   Thumb Code   104  fsl_i2c.o(i.I2C_MasterRepeatedStart)
    I2C_MasterSetBaudRate                    0x00001c29   Thumb Code   136  fsl_i2c.o(i.I2C_MasterSetBaudRate)
    I2C_MasterStart                          0x00001cb5   Thumb Code    62  fsl_i2c.o(i.I2C_MasterStart)
    I2C_MasterStop                           0x00001cf9   Thumb Code    26  fsl_i2c.o(i.I2C_MasterStop)
    I2C_MasterTransferBlocking               0x00001d15   Thumb Code   388  fsl_i2c.o(i.I2C_MasterTransferBlocking)
    I2C_MasterTransferCreateHandle           0x00001ead   Thumb Code    70  fsl_i2c.o(i.I2C_MasterTransferCreateHandle)
    I2C_MasterTransferHandleIRQ              0x00001f15   Thumb Code   134  fsl_i2c.o(i.I2C_MasterTransferHandleIRQ)
    I2C_MasterTransferNonBlocking            0x00001fb5   Thumb Code    84  fsl_i2c.o(i.I2C_MasterTransferNonBlocking)
    I2C_MasterWriteBlocking                  0x000021ad   Thumb Code   162  fsl_i2c.o(i.I2C_MasterWriteBlocking)
    IO_Init                                  0x000025b9   Thumb Code   226  fsl_io.o(i.IO_Init)
    IO_Transfer                              0x000026b1   Thumb Code   108  fsl_io.o(i.IO_Transfer)
    LOG_Init                                 0x00002721   Thumb Code    30  fsl_log.o(i.LOG_Init)
    LOG_Pop                                  0x0000273f   Thumb Code    42  fsl_log.o(i.LOG_Pop)
    LOG_Push                                 0x00002769   Thumb Code    34  fsl_log.o(i.LOG_Push)
    LPSCI_ClearStatusFlags                   0x0000279d   Thumb Code    92  fsl_lpsci.o(i.LPSCI_ClearStatusFlags)
    LPSCI_GetDefaultConfig                   0x000027fd   Thumb Code    42  fsl_lpsci.o(i.LPSCI_GetDefaultConfig)
    LPSCI_GetInstance                        0x00002835   Thumb Code    48  fsl_lpsci.o(i.LPSCI_GetInstance)
    LPSCI_GetStatusFlags                     0x00002891   Thumb Code    14  fsl_lpsci.o(i.LPSCI_GetStatusFlags)
    LPSCI_Init                               0x000028a1   Thumb Code   384  fsl_lpsci.o(i.LPSCI_Init)
    LPSCI_ReadBlocking                       0x00002a51   Thumb Code   152  fsl_lpsci.o(i.LPSCI_ReadBlocking)
    LPSCI_WriteBlocking                      0x00002af9   Thumb Code    54  fsl_lpsci.o(i.LPSCI_WriteBlocking)
    PORTC_PORTD_IRQHandler                   0x00002b41   Thumb Code    50  ecomprass.o(i.PORTC_PORTD_IRQHandler)
    SLCD_EnablePins                          0x00002bf9   Thumb Code   132  slcd.o(i.SLCD_EnablePins)
    SLCD_Init                                0x00002c89   Thumb Code    76  slcd.o(i.SLCD_Init)
    SLCD_WriteChar                           0x00002ced   Thumb Code   112  slcd.o(i.SLCD_WriteChar)
    SLCD_WriteMsg                            0x00002d6d   Thumb Code    60  slcd.o(i.SLCD_WriteMsg)
    StrFormatPrintf                          0x00002dad   Thumb Code  1456  fsl_str.o(i.StrFormatPrintf)
    SystemInit                               0x0000335d   Thumb Code    14  system_mkl46z4.o(i.SystemInit)
    SystemInitHook                           0x00003371   Thumb Code     2  system_mkl46z4.o(i.SystemInitHook)
    UART0_DriverIRQHandler                   0x00003375   Thumb Code    16  fsl_lpsci.o(i.UART0_DriverIRQHandler)
    UART1_DriverIRQHandler                   0x00003391   Thumb Code    16  fsl_uart.o(i.UART1_DriverIRQHandler)
    UART2_DriverIRQHandler                   0x000033ad   Thumb Code    16  fsl_uart.o(i.UART2_DriverIRQHandler)
    UART_GetDefaultConfig                    0x000033c9   Thumb Code    42  fsl_uart.o(i.UART_GetDefaultConfig)
    UART_GetInstance                         0x00003401   Thumb Code    50  fsl_uart.o(i.UART_GetInstance)
    UART_GetStatusFlags                      0x00003459   Thumb Code    14  fsl_uart.o(i.UART_GetStatusFlags)
    UART_Init                                0x00003469   Thumb Code   284  fsl_uart.o(i.UART_Init)
    UART_ReadBlocking                        0x000035b5   Thumb Code   118  fsl_uart.o(i.UART_ReadBlocking)
    UART_WriteBlocking                       0x00003641   Thumb Code    32  fsl_uart.o(i.UART_WriteBlocking)
    __0sprintf$1                             0x00003661   Thumb Code    36  printf1.o(i.__0sprintf$1)
    __1sprintf$1                             0x00003661   Thumb Code     0  printf1.o(i.__0sprintf$1)
    __2sprintf                               0x00003661   Thumb Code     0  printf1.o(i.__0sprintf$1)
    __ARM_clz                                0x00003689   Thumb Code    46  depilogue.o(i.__ARM_clz)
    __ARM_common_switch8                     0x000036b7   Thumb Code    28  fsl_clock.o(i.__ARM_common_switch8)
    __ARM_fpclassifyf                        0x000036d3   Thumb Code    34  fpclassifyf.o(i.__ARM_fpclassifyf)
    __aeabi_assert                           0x000036f5   Thumb Code    24  fsl_assert.o(i.__aeabi_assert)
    __mathlib_flt_infnan2                    0x00003739   Thumb Code     8  funder.o(i.__mathlib_flt_infnan2)
    __mathlib_flt_underflow                  0x00003741   Thumb Code    14  funder.o(i.__mathlib_flt_underflow)
    __scatterload_copy                       0x0000374f   Thumb Code    14  handlers.o(i.__scatterload_copy)
    __scatterload_null                       0x0000375d   Thumb Code     2  handlers.o(i.__scatterload_null)
    __scatterload_zeroinit                   0x0000375f   Thumb Code    14  handlers.o(i.__scatterload_zeroinit)
    __set_errno                              0x0000376d   Thumb Code     6  errno.o(i.__set_errno)
    atan2f                                   0x000038d5   Thumb Code   592  atan2f.o(i.atan2f)
    blinkLedRed                              0x00003b71   Thumb Code    44  ecomprass.o(i.blinkLedRed)
    calculateHeading                         0x00003ba5   Thumb Code   162  ecomprass.o(i.calculateHeading)
    displayHeading                           0x00003c69   Thumb Code    26  ecomprass.o(i.displayHeading)
    initLed                                  0x00003cc5   Thumb Code    56  ecomprass.o(i.initLed)
    main                                     0x00003d0d   Thumb Code   238  ecomprass.o(i.main)
    g_mag_address                            0x00003e98   Data           1  ecomprass.o(.constdata)
    MASK_BIT                                 0x00003e9c   Data         128  slcd.o(.constdata)
    WF_ORDERING_TABLE                        0x00003f1c   Data          12  slcd.o(.constdata)
    ASCII_TO_WF_CODIFICATION_TABLE           0x00003f28   Data          98  slcd.o(.constdata)
    mcgConfig_BOARD_BootClockRUN             0x00003f8c   Data          10  clock_config.o(.constdata)
    simConfig_BOARD_BootClockRUN             0x00003f98   Data           8  clock_config.o(.constdata)
    oscConfig_BOARD_BootClockRUN             0x00003fa0   Data           8  clock_config.o(.constdata)
    mcgConfig_BOARD_BootClockVLPR            0x00003fa8   Data          10  clock_config.o(.constdata)
    simConfig_BOARD_BootClockVLPR            0x00003fb4   Data           8  clock_config.o(.constdata)
    oscConfig_BOARD_BootClockVLPR            0x00003fbc   Data           8  clock_config.o(.constdata)
    s_i2cBases                               0x0000402c   Data           8  fsl_i2c.o(.constdata)
    Region$$Table$$Base                      0x000043e4   Number         0  anon$$obj.o(Region$$Table)
    Region$$Table$$Limit                     0x00004404   Number         0  anon$$obj.o(Region$$Table)
    g_mag_addr_found                         0x1fffe000   Data           1  ecomprass.o(.data)
    completionFlag                           0x1fffe001   Data           1  ecomprass.o(.data)
    nakFlag                                  0x1fffe002   Data           1  ecomprass.o(.data)
    heading                                  0x1fffe004   Data           2  ecomprass.o(.data)
    state                                    0x1fffe006   Data           1  ecomprass.o(.data)
    bLCD_CharPosition                        0x1fffe007   Data           1  slcd.o(.data)
    g_xtal0Freq                              0x1fffe010   Data           4  fsl_clock.o(.data)
    g_xtal32Freq                             0x1fffe014   Data           4  fsl_clock.o(.data)
    SystemCoreClock                          0x1fffe03c   Data           4  system_mkl46z4.o(.data)
    g_m_handle                               0x1fffe044   Data          40  ecomprass.o(.bss)
    Image$$ARM_LIB_HEAP$$ZI$$Base            0x1fffe078   Number         0  anon$$obj.o ABSOLUTE
    Image$$ARM_LIB_HEAP$$ZI$$Limit           0x1fffe478   Number         0  anon$$obj.o ABSOLUTE
    Image$$ARM_LIB_STACK$$ZI$$Limit          0x20006000   Number         0  anon$$obj.o ABSOLUTE



==============================================================================

Memory Map of the image

  Image Entry point : 0x00000411

  Load Region LR_m_text (Base: 0x00000000, Size: 0x00004448, Max: 0x00040000, ABSOLUTE)

    Execution Region VECTOR_ROM (Exec base: 0x00000000, Load base: 0x00000000, Size: 0x000000c0, Max: 0x00000200, ABSOLUTE)

    Exec Addr    Load Addr    Size         Type   Attr      Idx    E Section Name        Object

    0x00000000   0x00000000   0x000000c0   Data   RO         2327    RESET               startup_mkl46z4.o


    Execution Region ER_m_flash_config (Exec base: 0x00000400, Load base: 0x00000400, Size: 0x00000010, Max: 0x00000010, ABSOLUTE, FIXED)

    Exec Addr    Load Addr    Size         Type   Attr      Idx    E Section Name        Object

    0x00000400   0x00000400   0x00000010   Data   RO         2328    FlashConfig         startup_mkl46z4.o


    Execution Region ER_m_text (Exec base: 0x00000410, Load base: 0x00000410, Size: 0x00003ff4, Max: 0x0003fbf0, ABSOLUTE)

    Exec Addr    Load Addr    Size         Type   Attr      Idx    E Section Name        Object

    0x00000410   0x00000410   0x00000000   Code   RO         2391  * .ARM.Collect$$$$00000000  mc_p.l(entry.o)
    0x00000410   0x00000410   0x00000004   Code   RO         2727    .ARM.Collect$$$$00000003  mc_p.l(entry4.o)
    0x00000414   0x00000414   0x00000004   Code   RO         2730    .ARM.Collect$$$$00000004  mc_p.l(entry5.o)
    0x00000418   0x00000418   0x00000000   Code   RO         2732    .ARM.Collect$$$$00000008  mc_p.l(entry7b.o)
    0x00000418   0x00000418   0x00000000   Code   RO         2734    .ARM.Collect$$$$0000000A  mc_p.l(entry8b.o)
    0x00000418   0x00000418   0x00000008   Code   RO         2735    .ARM.Collect$$$$0000000B  mc_p.l(entry9a.o)
    0x00000420   0x00000420   0x00000004   Code   RO         2742    .ARM.Collect$$$$0000000E  mc_p.l(entry12b.o)
    0x00000424   0x00000424   0x00000000   Code   RO         2737    .ARM.Collect$$$$0000000F  mc_p.l(entry10a.o)
    0x00000424   0x00000424   0x00000000   Code   RO         2739    .ARM.Collect$$$$00000011  mc_p.l(entry11a.o)
    0x00000424   0x00000424   0x00000004   Code   RO         2728    .ARM.Collect$$$$00002714  mc_p.l(entry4.o)
    0x00000428   0x00000428   0x0000009c   Code   RO         2329    .text               startup_mkl46z4.o
    0x000004c4   0x000004c4   0x0000002c   Code   RO         2394    .text               mc_p.l(uidiv.o)
    0x000004f0   0x000004f0   0x00000060   Code   RO         2396    .text               mc_p.l(uldiv.o)
    0x00000550   0x00000550   0x0000004c   Code   RO         2398    .text               mc_p.l(ldiv.o)
    0x0000059c   0x0000059c   0x0000007a   Code   RO         2400    .text               mc_p.l(llmul.o)
    0x00000616   0x00000616   0x00000024   Code   RO         2404    .text               mc_p.l(memseta.o)
    0x0000063a   0x0000063a   0x0000000e   Code   RO         2406    .text               mc_p.l(strlen.o)
    0x00000648   0x00000648   0x000000d0   Code   RO         2699    .text               mf_p.l(dmul.o)
    0x00000718   0x00000718   0x000000f0   Code   RO         2701    .text               mf_p.l(ddiv.o)
    0x00000808   0x00000808   0x00000016   Code   RO         2703    .text               mf_p.l(fflti.o)
    0x0000081e   0x0000081e   0x00000002   PAD
    0x00000820   0x00000820   0x00000048   Code   RO         2705    .text               mf_p.l(dfixi.o)
    0x00000868   0x00000868   0x00000028   Code   RO         2707    .text               mf_p.l(f2d.o)
    0x00000890   0x00000890   0x00000038   Code   RO         2709    .text               mf_p.l(d2f.o)
    0x000008c8   0x000008c8   0x00000020   Code   RO         2743    .text               mc_p.l(llshl.o)
    0x000008e8   0x000008e8   0x00000022   Code   RO         2745    .text               mc_p.l(llushr.o)
    0x0000090a   0x0000090a   0x00000000   Code   RO         2756    .text               mc_p.l(iusefp.o)
    0x0000090a   0x0000090a   0x00000082   Code   RO         2757    .text               mf_p.l(fepilogue.o)
    0x0000098c   0x0000098c   0x000000b2   Code   RO         2759    .text               mf_p.l(fadd.o)
    0x00000a3e   0x00000a3e   0x0000007a   Code   RO         2761    .text               mf_p.l(fmul.o)
    0x00000ab8   0x00000ab8   0x0000007c   Code   RO         2763    .text               mf_p.l(fdiv.o)
    0x00000b34   0x00000b34   0x000000be   Code   RO         2765    .text               mf_p.l(depilogue.o)
    0x00000bf2   0x00000bf2   0x00000002   PAD
    0x00000bf4   0x00000bf4   0x00000024   Code   RO         2775    .text               mc_p.l(init.o)
    0x00000c18   0x00000c18   0x00000018   Code   RO         2779    .text               mf_p.l(fscalb.o)
    0x00000c30   0x00000c30   0x0000006c   Code   RO          283    i.BOARD_BootClockRUN  clock_config.o
    0x00000c9c   0x00000c9c   0x00000038   Code   RO          450    i.BOARD_I2C_ConfigurePins  pin_mux.o
    0x00000cd4   0x00000cd4   0x000000fc   Code   RO            5    i.BOARD_I2C_ReleaseBus  ecomprass.o
    0x00000dd0   0x00000dd0   0x0000003c   Code   RO          246    i.BOARD_InitDebugConsole  board.o
    0x00000e0c   0x00000e0c   0x00000038   Code   RO          451    i.BOARD_InitPins    pin_mux.o
    0x00000e44   0x00000e44   0x0000005c   Code   RO          503    i.CLOCK_BootToPeeMode  fsl_clock.o
    0x00000ea0   0x00000ea0   0x0000001c   Code   RO          285    i.CLOCK_CONFIG_SetFllExtRefDiv  clock_config.o
    0x00000ebc   0x00000ebc   0x00000018   Code   RO          452    i.CLOCK_EnableClock  pin_mux.o
    0x00000ed4   0x00000ed4   0x00000018   Code   RO         1275    i.CLOCK_EnableClock  fsl_i2c.o
    0x00000eec   0x00000eec   0x00000068   Code   RO          507    i.CLOCK_EnablePll0  fsl_clock.o
    0x00000f54   0x00000f54   0x00000078   Code   RO          513    i.CLOCK_GetEr32kClkFreq  fsl_clock.o
    0x00000fcc   0x00000fcc   0x0000001e   Code   RO          514    i.CLOCK_GetFixedFreqClkFreq  fsl_clock.o
    0x00000fea   0x00000fea   0x00000002   PAD
    0x00000fec   0x00000fec   0x00000074   Code   RO          516    i.CLOCK_GetFllExtRefClkFreq  fsl_clock.o
    0x00001060   0x00001060   0x00000058   Code   RO          517    i.CLOCK_GetFllFreq  fsl_clock.o
    0x000010b8   0x000010b8   0x00000024   Code   RO          518    i.CLOCK_GetFllRefClkFreq  fsl_clock.o
    0x000010dc   0x000010dc   0x000000b0   Code   RO          519    i.CLOCK_GetFreq     fsl_clock.o
    0x0000118c   0x0000118c   0x0000001c   Code   RO          520    i.CLOCK_GetInternalRefClkFreq  fsl_clock.o
    0x000011a8   0x000011a8   0x00000030   Code   RO          521    i.CLOCK_GetInternalRefClkSelectFreq  fsl_clock.o
    0x000011d8   0x000011d8   0x00000030   Code   RO          522    i.CLOCK_GetMcgExtClkFreq  fsl_clock.o
    0x00001208   0x00001208   0x00000048   Code   RO          524    i.CLOCK_GetOsc0ErClkFreq  fsl_clock.o
    0x00001250   0x00001250   0x00000024   Code   RO          525    i.CLOCK_GetOscRangeFromFreq  fsl_clock.o
    0x00001274   0x00001274   0x00000040   Code   RO          526    i.CLOCK_GetOutClkFreq  fsl_clock.o
    0x000012b4   0x000012b4   0x00000060   Code   RO          528    i.CLOCK_GetPll0Freq  fsl_clock.o
    0x00001314   0x00001314   0x00000008   Code   RO          529    i.CLOCK_GetPll0RefFreq  fsl_clock.o
    0x0000131c   0x0000131c   0x00000038   Code   RO          530    i.CLOCK_GetPllFllSelClkFreq  fsl_clock.o
    0x00001354   0x00001354   0x00000078   Code   RO          532    i.CLOCK_InitOsc0    fsl_clock.o
    0x000013cc   0x000013cc   0x00000006   Code   RO          536    i.CLOCK_SetExternalRefClkConfig  fsl_clock.o
    0x000013d2   0x000013d2   0x00000002   PAD
    0x000013d4   0x000013d4   0x000000ac   Code   RO          541    i.CLOCK_SetInternalRefClkConfig  fsl_clock.o
    0x00001480   0x00001480   0x00000090   Code   RO          544    i.CLOCK_SetPbeMode  fsl_clock.o
    0x00001510   0x00001510   0x00000050   Code   RO          547    i.CLOCK_SetSimConfig  fsl_clock.o
    0x00001560   0x00001560   0x0000015c   Code   RO         2290    i.ConvertRadixNumToString  fsl_str.o
    0x000016bc   0x000016bc   0x00000058   Code   RO         2073    i.DbgConsole_Init   fsl_debug_console.o
    0x00001714   0x00001714   0x00000044   Code   RO         2074    i.DbgConsole_Printf  fsl_debug_console.o
    0x00001758   0x00001758   0x0000003a   Code   RO         2076    i.DbgConsole_RelocateLog  fsl_debug_console.o
    0x00001792   0x00001792   0x00000002   PAD
    0x00001794   0x00001794   0x00000034   Code   RO         1276    i.EnableIRQ         fsl_i2c.o
    0x000017c8   0x000017c8   0x00000060   Code   RO         1213    i.GPIO_PinInit      fsl_gpio.o
    0x00001828   0x00001828   0x00000014   Code   RO            6    i.GPIO_PinWrite     ecomprass.o
    0x0000183c   0x0000183c   0x00000018   Code   RO         1277    i.I2C0_DriverIRQHandler  fsl_i2c.o
    0x00001854   0x00001854   0x00000018   Code   RO         1278    i.I2C1_DriverIRQHandler  fsl_i2c.o
    0x0000186c   0x0000186c   0x00000028   Code   RO         1279    i.I2C_CheckAndClearError  fsl_i2c.o
    0x00001894   0x00001894   0x00000022   Code   RO         1280    i.I2C_DisableInterrupts  fsl_i2c.o
    0x000018b6   0x000018b6   0x0000002c   Code   RO         1282    i.I2C_EnableInterrupts  fsl_i2c.o
    0x000018e2   0x000018e2   0x00000002   PAD
    0x000018e4   0x000018e4   0x0000005c   Code   RO         1283    i.I2C_GetInstance   fsl_i2c.o
    0x00001940   0x00001940   0x000000a4   Code   RO         1284    i.I2C_InitTransferStateMachine  fsl_i2c.o
    0x000019e4   0x000019e4   0x0000002c   Code   RO         1285    i.I2C_MasterClearStatusFlags  fsl_i2c.o
    0x00001a10   0x00001a10   0x00000040   Code   RO         1287    i.I2C_MasterGetDefaultConfig  fsl_i2c.o
    0x00001a50   0x00001a50   0x00000022   Code   RO         1288    i.I2C_MasterGetStatusFlags  fsl_i2c.o
    0x00001a72   0x00001a72   0x00000002   PAD
    0x00001a74   0x00001a74   0x000000b4   Code   RO         1289    i.I2C_MasterInit    fsl_i2c.o
    0x00001b28   0x00001b28   0x00000092   Code   RO         1290    i.I2C_MasterReadBlocking  fsl_i2c.o
    0x00001bba   0x00001bba   0x00000002   PAD
    0x00001bbc   0x00001bbc   0x0000006c   Code   RO         1291    i.I2C_MasterRepeatedStart  fsl_i2c.o
    0x00001c28   0x00001c28   0x0000008c   Code   RO         1292    i.I2C_MasterSetBaudRate  fsl_i2c.o
    0x00001cb4   0x00001cb4   0x00000044   Code   RO         1293    i.I2C_MasterStart   fsl_i2c.o
    0x00001cf8   0x00001cf8   0x0000001a   Code   RO         1294    i.I2C_MasterStop    fsl_i2c.o
    0x00001d12   0x00001d12   0x00000002   PAD
    0x00001d14   0x00001d14   0x00000198   Code   RO         1296    i.I2C_MasterTransferBlocking  fsl_i2c.o
    0x00001eac   0x00001eac   0x00000068   Code   RO         1297    i.I2C_MasterTransferCreateHandle  fsl_i2c.o
    0x00001f14   0x00001f14   0x000000a0   Code   RO         1299    i.I2C_MasterTransferHandleIRQ  fsl_i2c.o
    0x00001fb4   0x00001fb4   0x0000006c   Code   RO         1300    i.I2C_MasterTransferNonBlocking  fsl_i2c.o
    0x00002020   0x00002020   0x0000018c   Code   RO         1301    i.I2C_MasterTransferRunStateMachine  fsl_i2c.o
    0x000021ac   0x000021ac   0x000000a8   Code   RO         1302    i.I2C_MasterWriteBlocking  fsl_i2c.o
    0x00002254   0x00002254   0x00000074   Code   RO            7    i.I2C_ReadMagRegs   ecomprass.o
    0x000022c8   0x000022c8   0x00000238   Code   RO            8    i.I2C_ReadMagWhoAmI  ecomprass.o
    0x00002500   0x00002500   0x00000040   Code   RO         1314    i.I2C_TransferCommonIRQHandler  fsl_i2c.o
    0x00002540   0x00002540   0x00000078   Code   RO            9    i.I2C_WriteMagReg   ecomprass.o
    0x000025b8   0x000025b8   0x000000f8   Code   RO         2170    i.IO_Init           fsl_io.o
    0x000026b0   0x000026b0   0x00000070   Code   RO         2171    i.IO_Transfer       fsl_io.o
    0x00002720   0x00002720   0x0000001e   Code   RO         2223    i.LOG_Init          fsl_log.o
    0x0000273e   0x0000273e   0x0000002a   Code   RO         2224    i.LOG_Pop           fsl_log.o
    0x00002768   0x00002768   0x00000034   Code   RO         2225    i.LOG_Push          fsl_log.o
    0x0000279c   0x0000279c   0x00000060   Code   RO         1542    i.LPSCI_ClearStatusFlags  fsl_lpsci.o
    0x000027fc   0x000027fc   0x00000038   Code   RO         1546    i.LPSCI_GetDefaultConfig  fsl_lpsci.o
    0x00002834   0x00002834   0x0000005c   Code   RO         1548    i.LPSCI_GetInstance  fsl_lpsci.o
    0x00002890   0x00002890   0x0000000e   Code   RO         1549    i.LPSCI_GetStatusFlags  fsl_lpsci.o
    0x0000289e   0x0000289e   0x00000002   PAD
    0x000028a0   0x000028a0   0x000001b0   Code   RO         1550    i.LPSCI_Init        fsl_lpsci.o
    0x00002a50   0x00002a50   0x000000a8   Code   RO         1551    i.LPSCI_ReadBlocking  fsl_lpsci.o
    0x00002af8   0x00002af8   0x00000048   Code   RO         1567    i.LPSCI_WriteBlocking  fsl_lpsci.o
    0x00002b40   0x00002b40   0x0000003c   Code   RO           10    i.PORTC_PORTD_IRQHandler  ecomprass.o
    0x00002b7c   0x00002b7c   0x00000030   Code   RO           11    i.PORT_SetPinConfig  ecomprass.o
    0x00002bac   0x00002bac   0x00000030   Code   RO          453    i.PORT_SetPinConfig  pin_mux.o
    0x00002bdc   0x00002bdc   0x0000001c   Code   RO          454    i.PORT_SetPinMux    pin_mux.o
    0x00002bf8   0x00002bf8   0x00000090   Code   RO          198    i.SLCD_EnablePins   slcd.o
    0x00002c88   0x00002c88   0x00000064   Code   RO          199    i.SLCD_Init         slcd.o
    0x00002cec   0x00002cec   0x00000080   Code   RO          200    i.SLCD_WriteChar    slcd.o
    0x00002d6c   0x00002d6c   0x00000040   Code   RO          201    i.SLCD_WriteMsg     slcd.o
    0x00002dac   0x00002dac   0x000005b0   Code   RO         2292    i.StrFormatPrintf   fsl_str.o
    0x0000335c   0x0000335c   0x00000014   Code   RO         2336    i.SystemInit        system_mkl46z4.o
    0x00003370   0x00003370   0x00000002   Code   RO         2337    i.SystemInitHook    system_mkl46z4.o
    0x00003372   0x00003372   0x00000002   PAD
    0x00003374   0x00003374   0x0000001c   Code   RO         1569    i.UART0_DriverIRQHandler  fsl_lpsci.o
    0x00003390   0x00003390   0x0000001c   Code   RO         1842    i.UART1_DriverIRQHandler  fsl_uart.o
    0x000033ac   0x000033ac   0x0000001c   Code   RO         1844    i.UART2_DriverIRQHandler  fsl_uart.o
    0x000033c8   0x000033c8   0x00000038   Code   RO         1850    i.UART_GetDefaultConfig  fsl_uart.o
    0x00003400   0x00003400   0x00000058   Code   RO         1852    i.UART_GetInstance  fsl_uart.o
    0x00003458   0x00003458   0x0000000e   Code   RO         1853    i.UART_GetStatusFlags  fsl_uart.o
    0x00003466   0x00003466   0x00000002   PAD
    0x00003468   0x00003468   0x0000014c   Code   RO         1854    i.UART_Init         fsl_uart.o
    0x000035b4   0x000035b4   0x0000008c   Code   RO         1855    i.UART_ReadBlocking  fsl_uart.o
    0x00003640   0x00003640   0x00000020   Code   RO         1871    i.UART_WriteBlocking  fsl_uart.o
    0x00003660   0x00003660   0x00000028   Code   RO         2457    i.__0sprintf$1      mc_p.l(printf1.o)
    0x00003688   0x00003688   0x0000002e   Code   RO         2767    i.__ARM_clz         mf_p.l(depilogue.o)
    0x000036b6   0x000036b6   0x0000001c   Code   RO          806    i.__ARM_common_switch8  fsl_clock.o
    0x000036d2   0x000036d2   0x00000022   Code   RO         2711    i.__ARM_fpclassifyf  m_ps.l(fpclassifyf.o)
    0x000036f4   0x000036f4   0x00000044   Code   RO         2047    i.__aeabi_assert    fsl_assert.o
    0x00003738   0x00003738   0x00000008   Code   RO         2715    i.__mathlib_flt_infnan2  m_ps.l(funder.o)
    0x00003740   0x00003740   0x0000000e   Code   RO         2719    i.__mathlib_flt_underflow  m_ps.l(funder.o)
    0x0000374e   0x0000374e   0x0000000e   Code   RO         2783    i.__scatterload_copy  mc_p.l(handlers.o)
    0x0000375c   0x0000375c   0x00000002   Code   RO         2784    i.__scatterload_null  mc_p.l(handlers.o)
    0x0000375e   0x0000375e   0x0000000e   Code   RO         2785    i.__scatterload_zeroinit  mc_p.l(handlers.o)
    0x0000376c   0x0000376c   0x0000000c   Code   RO         2751    i.__set_errno       mc_p.l(errno.o)
    0x00003778   0x00003778   0x00000150   Code   RO         2462    i._printf_core      mc_p.l(printf1.o)
    0x000038c8   0x000038c8   0x0000000a   Code   RO         2464    i._sputc            mc_p.l(printf1.o)
    0x000038d2   0x000038d2   0x00000002   PAD
    0x000038d4   0x000038d4   0x0000029c   Code   RO         2384    i.atan2f            m_ps.l(atan2f.o)
    0x00003b70   0x00003b70   0x00000034   Code   RO           13    i.blinkLedRed       ecomprass.o
    0x00003ba4   0x00003ba4   0x000000c4   Code   RO           14    i.calculateHeading  ecomprass.o
    0x00003c68   0x00003c68   0x00000020   Code   RO           15    i.displayHeading    ecomprass.o
    0x00003c88   0x00003c88   0x0000002c   Code   RO           16    i.i2c_master_callback  ecomprass.o
    0x00003cb4   0x00003cb4   0x00000010   Code   RO           17    i.i2c_release_bus_delay  ecomprass.o
    0x00003cc4   0x00003cc4   0x00000048   Code   RO           18    i.initLed           ecomprass.o
    0x00003d0c   0x00003d0c   0x0000018c   Code   RO           20    i.main              ecomprass.o
    0x00003e98   0x00003e98   0x00000001   Data   RO           22    .constdata          ecomprass.o
    0x00003e99   0x00003e99   0x00000003   PAD
    0x00003e9c   0x00003e9c   0x000000ee   Data   RO          202    .constdata          slcd.o
    0x00003f8a   0x00003f8a   0x00000002   PAD
    0x00003f8c   0x00003f8c   0x00000038   Data   RO          286    .constdata          clock_config.o
    0x00003fc4   0x00003fc4   0x00000006   Data   RO          455    .constdata          pin_mux.o
    0x00003fca   0x00003fca   0x00000002   PAD
    0x00003fcc   0x00003fcc   0x00000060   Data   RO          549    .constdata          fsl_clock.o
    0x0000402c   0x0000402c   0x00000094   Data   RO         1315    .constdata          fsl_i2c.o
    0x000040c0   0x000040c0   0x0000000c   Data   RO         1570    .constdata          fsl_lpsci.o
    0x000040cc   0x000040cc   0x0000001c   Data   RO         1874    .constdata          fsl_uart.o
    0x000040e8   0x000040e8   0x00000051   Data   RO           23    .conststring        ecomprass.o
    0x00004139   0x00004139   0x00000003   PAD
    0x0000413c   0x0000413c   0x00000052   Data   RO          550    .conststring        fsl_clock.o
    0x0000418e   0x0000418e   0x00000002   PAD
    0x00004190   0x00004190   0x00000051   Data   RO         1217    .conststring        fsl_gpio.o
    0x000041e1   0x000041e1   0x00000003   PAD
    0x000041e4   0x000041e4   0x00000050   Data   RO         1316    .conststring        fsl_i2c.o
    0x00004234   0x00004234   0x00000052   Data   RO         1571    .conststring        fsl_lpsci.o
    0x00004286   0x00004286   0x00000002   PAD
    0x00004288   0x00004288   0x00000051   Data   RO         1875    .conststring        fsl_uart.o
    0x000042d9   0x000042d9   0x00000003   PAD
    0x000042dc   0x000042dc   0x0000005c   Data   RO         2080    .conststring        fsl_debug_console.o
    0x00004338   0x00004338   0x00000054   Data   RO         2173    .conststring        fsl_io.o
    0x0000438c   0x0000438c   0x00000056   Data   RO         2230    .conststring        fsl_log.o
    0x000043e2   0x000043e2   0x00000002   PAD
    0x000043e4   0x000043e4   0x00000020   Data   RO         2781    Region$$Table       anon$$obj.o


    Execution Region RW_m_data (Exec base: 0x1fffe000, Load base: 0x00004404, Size: 0x00000078, Max: 0x00007800, ABSOLUTE)

    Exec Addr    Load Addr    Size         Type   Attr      Idx    E Section Name        Object

    0x1fffe000   0x00004404   0x00000007   Data   RW           24    .data               ecomprass.o
    0x1fffe007   0x0000440b   0x00000001   Data   RW          203    .data               slcd.o
    0x1fffe008   0x0000440c   0x00000010   Data   RW          551    .data               fsl_clock.o
    0x1fffe018   0x0000441c   0x00000010   Data   RW         1317    .data               fsl_i2c.o
    0x1fffe028   0x0000442c   0x00000008   Data   RW         1572    .data               fsl_lpsci.o
    0x1fffe030   0x00004434   0x00000004   Data   RW         1876    .data               fsl_uart.o
    0x1fffe034   0x00004438   0x00000008   Data   RW         2174    .data               fsl_io.o
    0x1fffe03c   0x00004440   0x00000004   Data   RW         2338    .data               system_mkl46z4.o
    0x1fffe040   0x00004444   0x00000004   Data   RW         2752    .data               mc_p.l(errno.o)
    0x1fffe044        -       0x00000028   Zero   RW           21    .bss                ecomprass.o
    0x1fffe06c        -       0x0000000c   Zero   RW         1873    .bss                fsl_uart.o


    Execution Region ARM_LIB_HEAP (Exec base: 0x1fffe078, Load base: 0x00004448, Size: 0x00000400, Max: 0x00000400, ABSOLUTE)

    Exec Addr    Load Addr    Size         Type   Attr      Idx    E Section Name        Object

    0x1fffe078        -       0x00000400   Zero   RW            1    ARM_LIB_HEAP.bss    anon$$obj.o


    Execution Region ARM_LIB_STACK (Exec base: 0x20005c00, Load base: 0x00004448, Size: 0x00000400, Max: 0x00000400, ABSOLUTE)

    Exec Addr    Load Addr    Size         Type   Attr      Idx    E Section Name        Object

    0x20005c00        -       0x00000400   Zero   RW            2    ARM_LIB_STACK.bss   anon$$obj.o


==============================================================================

Image component sizes


      Code (inc. data)   RO Data    RW Data    ZI Data      Debug   Object Name

        60          8          0          0          0       6796   board.o
       136         40         56          0          0       8515   clock_config.o
      1992        616         82          7         40     307492   ecomprass.o
        68         44          0          0          0        653   fsl_assert.o
      1768        272        178         16          0      28644   fsl_clock.o
       214         54         92          0          0       3714   fsl_debug_console.o
        96         12         81          0          0       3311   fsl_gpio.o
      2716        296        228         16          0      40582   fsl_i2c.o
       360         26         84          8          0       9368   fsl_io.o
       124         18         86          0          0       3540   fsl_log.o
       958        156         94          8          0      14130   fsl_lpsci.o
      1804          0          0          0          0       3970   fsl_str.o
       718        146        109          4         12       9416   fsl_uart.o
       212         44          6          0          0       4619   pin_mux.o
       436         56        238          1          0       2917   slcd.o
       156         70        208          0          0       1160   startup_mkl46z4.o
        22          6          0          4          0       1096   system_mkl46z4.o

    ----------------------------------------------------------------------
     11860       1864       1596         64       2100     449923   Object Totals
         0          0         32          0       2048          0   (incl. Generated)
        20          0         22          0          0          0   (incl. Padding)

    ----------------------------------------------------------------------

      Code (inc. data)   RO Data    RW Data    ZI Data      Debug   Library Member Name

       668         76          0          0          0        120   atan2f.o
        34          0          0          0          0         60   fpclassifyf.o
        22          0          0          0          0        136   funder.o
         0          0          0          0          0          0   entry.o
         0          0          0          0          0          0   entry10a.o
         0          0          0          0          0          0   entry11a.o
         4          0          0          0          0          0   entry12b.o
         8          4          0          0          0          0   entry4.o
         4          0          0          0          0          0   entry5.o
         0          0          0          0          0          0   entry7b.o
         0          0          0          0          0          0   entry8b.o
         8          4          0          0          0          0   entry9a.o
        12          6          0          4          0         60   errno.o
        30          0          0          0          0          0   handlers.o
        36          8          0          0          0         68   init.o
         0          0          0          0          0          0   iusefp.o
        76          0          0          0          0         76   ldiv.o
       122          0          0          0          0         84   llmul.o
        32          0          0          0          0         68   llshl.o
        34          0          0          0          0         68   llushr.o
        36          0          0          0          0        100   memseta.o
       386          8          0          0          0        228   printf1.o
        14          0          0          0          0         60   strlen.o
        44          0          0          0          0         72   uidiv.o
        96          0          0          0          0         84   uldiv.o
        56          0          0          0          0         68   d2f.o
       240          6          0          0          0         84   ddiv.o
       236          0          0          0          0        216   depilogue.o
        72         10          0          0          0         72   dfixi.o
       208          6          0          0          0         88   dmul.o
        40          0          0          0          0         60   f2d.o
       178          0          0          0          0        108   fadd.o
       124          0          0          0          0         72   fdiv.o
       130          0          0          0          0        144   fepilogue.o
        22          0          0          0          0         68   fflti.o
       122          0          0          0          0         72   fmul.o
        24          0          0          0          0         60   fscalb.o

    ----------------------------------------------------------------------
      3124        128          0          4          0       2396   Library Totals
         6          0          0          0          0          0   (incl. Padding)

    ----------------------------------------------------------------------

      Code (inc. data)   RO Data    RW Data    ZI Data      Debug   Library Name

       724         76          0          0          0        316   m_ps.l
       942         30          0          4          0        968   mc_p.l
      1452         22          0          0          0       1112   mf_p.l

    ----------------------------------------------------------------------
      3124        128          0          4          0       2396   Library Totals

    ----------------------------------------------------------------------

==============================================================================


      Code (inc. data)   RO Data    RW Data    ZI Data      Debug   

     14984       1992       1596         68       2100     446795   Grand Totals
     14984       1992       1596         68       2100     446795   ELF Image Totals
     14984       1992       1596         68          0          0   ROM Totals

==============================================================================

    Total RO  Size (Code + RO Data)                16580 (  16.19kB)
    Total RW  Size (RW Data + ZI Data)              2168 (   2.12kB)
    Total ROM Size (Code + RO Data + RW Data)      16648 (  16.26kB)

==============================================================================

